Archive member included to satisfy reference by file (symbol)

D:/arm-none/bin/../lib/gcc/arm-none-eabi/14.2.1/thumb/v7e-m/nofp\libgcc.a(_arm_mulsf3.o)
                              CMakeFiles/CtrBoard-H7_UART.elf.dir/Core/Src/system_stm32h7xx.c.obj (__aeabi_fmul)
D:/arm-none/bin/../lib/gcc/arm-none-eabi/14.2.1/thumb/v7e-m/nofp\libgcc.a(_arm_addsubsf3.o)
                              CMakeFiles/CtrBoard-H7_UART.elf.dir/Core/Src/system_stm32h7xx.c.obj (__aeabi_fadd)
D:/arm-none/bin/../lib/gcc/arm-none-eabi/14.2.1/thumb/v7e-m/nofp\libgcc.a(_arm_muldivsf3.o)
                              CMakeFiles/CtrBoard-H7_UART.elf.dir/Core/Src/system_stm32h7xx.c.obj (__aeabi_fdiv)
D:/arm-none/bin/../lib/gcc/arm-none-eabi/14.2.1/thumb/v7e-m/nofp\libgcc.a(_arm_cmpsf2.o)
                              CMakeFiles/CtrBoard-H7_UART.elf.dir/485driver/GO-M8010-6.c.obj (__aeabi_fcmplt)
D:/arm-none/bin/../lib/gcc/arm-none-eabi/14.2.1/thumb/v7e-m/nofp\libgcc.a(_arm_fixsfsi.o)
                              CMakeFiles/CtrBoard-H7_UART.elf.dir/485driver/GO-M8010-6.c.obj (__aeabi_f2iz)
D:/arm-none/bin/../lib/gcc/arm-none-eabi/14.2.1/thumb/v7e-m/nofp\libgcc.a(_arm_fixunssfsi.o)
                              CMakeFiles/CtrBoard-H7_UART.elf.dir/Core/Src/system_stm32h7xx.c.obj (__aeabi_f2uiz)
D:/arm-none/bin/../lib/gcc/arm-none-eabi/14.2.1/thumb/v7e-m/nofp\libgcc.a(_aeabi_uldivmod.o)
                              CMakeFiles/CtrBoard-H7_UART.elf.dir/Drivers/STM32H7xx_HAL_Driver/Src/stm32h7xx_hal_uart.c.obj (__aeabi_uldivmod)
D:/arm-none/bin/../lib/gcc/arm-none-eabi/14.2.1/thumb/v7e-m/nofp\libgcc.a(_udivmoddi4.o)
                              D:/arm-none/bin/../lib/gcc/arm-none-eabi/14.2.1/thumb/v7e-m/nofp\libgcc.a(_aeabi_uldivmod.o) (__udivmoddi4)
D:/arm-none/bin/../lib/gcc/arm-none-eabi/14.2.1/thumb/v7e-m/nofp\libgcc.a(_dvmd_tls.o)
                              D:/arm-none/bin/../lib/gcc/arm-none-eabi/14.2.1/thumb/v7e-m/nofp\libgcc.a(_aeabi_uldivmod.o) (__aeabi_ldiv0)
D:/arm-none/bin/../lib/gcc/arm-none-eabi/14.2.1/thumb/v7e-m/nofp\libg.a(libc_a-exit.o)
                              D:/arm-none/bin/../lib/gcc/arm-none-eabi/14.2.1/thumb/v7e-m/nofp/crt0.o (exit)
D:/arm-none/bin/../lib/gcc/arm-none-eabi/14.2.1/thumb/v7e-m/nofp\libg.a(libc_a-findfp.o)
                              D:/arm-none/bin/../lib/gcc/arm-none-eabi/14.2.1/thumb/v7e-m/nofp\libg.a(libc_a-exit.o) (__stdio_exit_handler)
D:/arm-none/bin/../lib/gcc/arm-none-eabi/14.2.1/thumb/v7e-m/nofp\libg.a(libc_a-fwalk.o)
                              D:/arm-none/bin/../lib/gcc/arm-none-eabi/14.2.1/thumb/v7e-m/nofp\libg.a(libc_a-findfp.o) (_fwalk_sglue)
D:/arm-none/bin/../lib/gcc/arm-none-eabi/14.2.1/thumb/v7e-m/nofp\libg.a(libc_a-stdio.o)
                              D:/arm-none/bin/../lib/gcc/arm-none-eabi/14.2.1/thumb/v7e-m/nofp\libg.a(libc_a-findfp.o) (__sread)
D:/arm-none/bin/../lib/gcc/arm-none-eabi/14.2.1/thumb/v7e-m/nofp\libg.a(libc_a-memset.o)
                              D:/arm-none/bin/../lib/gcc/arm-none-eabi/14.2.1/thumb/v7e-m/nofp/crt0.o (memset)
D:/arm-none/bin/../lib/gcc/arm-none-eabi/14.2.1/thumb/v7e-m/nofp\libg.a(libc_a-closer.o)
                              D:/arm-none/bin/../lib/gcc/arm-none-eabi/14.2.1/thumb/v7e-m/nofp\libg.a(libc_a-stdio.o) (_close_r)
D:/arm-none/bin/../lib/gcc/arm-none-eabi/14.2.1/thumb/v7e-m/nofp\libg.a(libc_a-reent.o)
                              D:/arm-none/bin/../lib/gcc/arm-none-eabi/14.2.1/thumb/v7e-m/nofp\libg.a(libc_a-closer.o) (errno)
D:/arm-none/bin/../lib/gcc/arm-none-eabi/14.2.1/thumb/v7e-m/nofp\libg.a(libc_a-impure.o)
                              D:/arm-none/bin/../lib/gcc/arm-none-eabi/14.2.1/thumb/v7e-m/nofp\libg.a(libc_a-reent.o) (_impure_ptr)
D:/arm-none/bin/../lib/gcc/arm-none-eabi/14.2.1/thumb/v7e-m/nofp\libg.a(libc_a-lseekr.o)
                              D:/arm-none/bin/../lib/gcc/arm-none-eabi/14.2.1/thumb/v7e-m/nofp\libg.a(libc_a-stdio.o) (_lseek_r)
D:/arm-none/bin/../lib/gcc/arm-none-eabi/14.2.1/thumb/v7e-m/nofp\libg.a(libc_a-readr.o)
                              D:/arm-none/bin/../lib/gcc/arm-none-eabi/14.2.1/thumb/v7e-m/nofp\libg.a(libc_a-stdio.o) (_read_r)
D:/arm-none/bin/../lib/gcc/arm-none-eabi/14.2.1/thumb/v7e-m/nofp\libg.a(libc_a-writer.o)
                              D:/arm-none/bin/../lib/gcc/arm-none-eabi/14.2.1/thumb/v7e-m/nofp\libg.a(libc_a-stdio.o) (_write_r)
D:/arm-none/bin/../lib/gcc/arm-none-eabi/14.2.1/thumb/v7e-m/nofp\libg.a(libc_a-errno.o)
                              CMakeFiles/CtrBoard-H7_UART.elf.dir/Core/Src/syscalls.c.obj (__errno)
D:/arm-none/bin/../lib/gcc/arm-none-eabi/14.2.1/thumb/v7e-m/nofp\libg.a(libc_a-init.o)
                              D:/arm-none/bin/../lib/gcc/arm-none-eabi/14.2.1/thumb/v7e-m/nofp/crt0.o (__libc_init_array)
D:/arm-none/bin/../lib/gcc/arm-none-eabi/14.2.1/thumb/v7e-m/nofp\libg.a(libc_a-lock.o)
                              D:/arm-none/bin/../lib/gcc/arm-none-eabi/14.2.1/thumb/v7e-m/nofp\libg.a(libc_a-findfp.o) (__retarget_lock_init_recursive)
[...]
Memory Configuration

Name             Origin             Length             Attributes
ITCMRAM          0x00000000         0x00010000         xrw
DTCMRAM          0x20000000         0x00020000         xrw
FLASH            0x08000000         0x00100000         xr
RAM_D1           0x24000000         0x00050000         xrw
RAM_D2           0x30000000         0x00008000         xrw
RAM_D3           0x38000000         0x00004000         xrw
*default*        0x00000000         0xffffffff

Linker script and memory map

LOAD D:/arm-none/bin/../lib/gcc/arm-none-eabi/14.2.1/thumb/v7e-m/nofp/crti.o
LOAD D:/arm-none/bin/../lib/gcc/arm-none-eabi/14.2.1/thumb/v7e-m/nofp/crtbegin.o
LOAD D:/arm-none/bin/../lib/gcc/arm-none-eabi/14.2.1/thumb/v7e-m/nofp/crt0.o
LOAD CMakeFiles/CtrBoard-H7_UART.elf.dir/Core/Src/gpio.c.obj
LOAD CMakeFiles/CtrBoard-H7_UART.elf.dir/Core/Src/main.c.obj
LOAD CMakeFiles/CtrBoard-H7_UART.elf.dir/Core/Src/stm32h7xx_hal_msp.c.obj
LOAD CMakeFiles/CtrBoard-H7_UART.elf.dir/Core/Src/stm32h7xx_it.c.obj
LOAD CMakeFiles/CtrBoard-H7_UART.elf.dir/Core/Src/syscalls.c.obj
LOAD CMakeFiles/CtrBoard-H7_UART.elf.dir/Core/Src/sysmem.c.obj
LOAD CMakeFiles/CtrBoard-H7_UART.elf.dir/Core/Src/system_stm32h7xx.c.obj
LOAD CMakeFiles/CtrBoard-H7_UART.elf.dir/Core/Src/usart.c.obj
LOAD CMakeFiles/CtrBoard-H7_UART.elf.dir/Core/Startup/startup_stm32h723vgtx.s.obj
LOAD CMakeFiles/CtrBoard-H7_UART.elf.dir/Drivers/STM32H7xx_HAL_Driver/Src/stm32h7xx_hal.c.obj
LOAD CMakeFiles/CtrBoard-H7_UART.elf.dir/Drivers/STM32H7xx_HAL_Driver/Src/stm32h7xx_hal_cortex.c.obj
LOAD CMakeFiles/CtrBoard-H7_UART.elf.dir/Drivers/STM32H7xx_HAL_Driver/Src/stm32h7xx_hal_dma.c.obj
LOAD CMakeFiles/CtrBoard-H7_UART.elf.dir/Drivers/STM32H7xx_HAL_Driver/Src/stm32h7xx_hal_dma_ex.c.obj
LOAD CMakeFiles/CtrBoard-H7_UART.elf.dir/Drivers/STM32H7xx_HAL_Driver/Src/stm32h7xx_hal_exti.c.obj
LOAD CMakeFiles/CtrBoard-H7_UART.elf.dir/Drivers/STM32H7xx_HAL_Driver/Src/stm32h7xx_hal_flash.c.obj
LOAD CMakeFiles/CtrBoard-H7_UART.elf.dir/Drivers/STM32H7xx_HAL_Driver/Src/stm32h7xx_hal_flash_ex.c.obj
LOAD CMakeFiles/CtrBoard-H7_UART.elf.dir/Drivers/STM32H7xx_HAL_Driver/Src/stm32h7xx_hal_gpio.c.obj
LOAD CMakeFiles/CtrBoard-H7_UART.elf.dir/Drivers/STM32H7xx_HAL_Driver/Src/stm32h7xx_hal_hsem.c.obj
LOAD CMakeFiles/CtrBoard-H7_UART.elf.dir/Drivers/STM32H7xx_HAL_Driver/Src/stm32h7xx_hal_i2c.c.obj
LOAD CMakeFiles/CtrBoard-H7_UART.elf.dir/Drivers/STM32H7xx_HAL_Driver/Src/stm32h7xx_hal_i2c_ex.c.obj
LOAD CMakeFiles/CtrBoard-H7_UART.elf.dir/Drivers/STM32H7xx_HAL_Driver/Src/stm32h7xx_hal_mdma.c.obj
LOAD CMakeFiles/CtrBoard-H7_UART.elf.dir/Drivers/STM32H7xx_HAL_Driver/Src/stm32h7xx_hal_pwr.c.obj
LOAD CMakeFiles/CtrBoard-H7_UART.elf.dir/Drivers/STM32H7xx_HAL_Driver/Src/stm32h7xx_hal_pwr_ex.c.obj
LOAD CMakeFiles/CtrBoard-H7_UART.elf.dir/Drivers/STM32H7xx_HAL_Driver/Src/stm32h7xx_hal_rcc.c.obj
LOAD CMakeFiles/CtrBoard-H7_UART.elf.dir/Drivers/STM32H7xx_HAL_Driver/Src/stm32h7xx_hal_rcc_ex.c.obj
LOAD CMakeFiles/CtrBoard-H7_UART.elf.dir/Drivers/STM32H7xx_HAL_Driver/Src/stm32h7xx_hal_tim.c.obj
LOAD CMakeFiles/CtrBoard-H7_UART.elf.dir/Drivers/STM32H7xx_HAL_Driver/Src/stm32h7xx_hal_tim_ex.c.obj
LOAD CMakeFiles/CtrBoard-H7_UART.elf.dir/Drivers/STM32H7xx_HAL_Driver/Src/stm32h7xx_hal_uart.c.obj
LOAD CMakeFiles/CtrBoard-H7_UART.elf.dir/Drivers/STM32H7xx_HAL_Driver/Src/stm32h7xx_hal_uart_ex.c.obj
LOAD CMakeFiles/CtrBoard-H7_UART.elf.dir/485driver/GO-M8010-6.c.obj
START GROUP
LOAD D:/arm-none/bin/../lib/gcc/arm-none-eabi/14.2.1/thumb/v7e-m/nofp\libgcc.a
LOAD D:/arm-none/bin/../lib/gcc/arm-none-eabi/14.2.1/thumb/v7e-m/nofp\libg.a
LOAD D:/arm-none/bin/../lib/gcc/arm-none-eabi/14.2.1/thumb/v7e-m/nofp\libc.a
END GROUP
LOAD D:/arm-none/bin/../lib/gcc/arm-none-eabi/14.2.1/thumb/v7e-m/nofp/crtend.o
LOAD D:/arm-none/bin/../lib/gcc/arm-none-eabi/14.2.1/thumb/v7e-m/nofp/crtn.o
                0x24050000                        _estack = (ORIGIN (RAM_D1) + LENGTH (RAM_D1))
                0x00000200                        _Min_Heap_Size = 0x200
                0x00000400                        _Min_Stack_Size = 0x400

.isr_vector     0x08000000      0x2cc
                0x08000000                        . = ALIGN (0x4)
 *(.isr_vector)
 .isr_vector    0x08000000      0x2cc CMakeFiles/CtrBoard-H7_UART.elf.dir/Core/Startup/startup_stm32h723vgtx.s.obj
                0x08000000                g_pfnVectors
                0x080002cc                        . = ALIGN (0x4)

.text           0x080002cc     0x4010
                0x080002cc                        . = ALIGN (0x4)
 *(.text)
 .text          0x080002cc      0x21c D:/arm-none/bin/../lib/gcc/arm-none-eabi/14.2.1/thumb/v7e-m/nofp\libgcc.a(_arm_addsubsf3.o)
                0x080002cc                __aeabi_frsub
                0x080002d4                __subsf3
                0x080002d4                __aeabi_fsub
                0x080002d8                __aeabi_fadd
                0x080002d8                __addsf3
                0x08000438                __aeabi_ui2f
                0x08000438                __floatunsisf
                0x08000440                __aeabi_i2f
                0x08000440                __floatsisf
                0x0800045c                __aeabi_ul2f
                0x0800045c                __floatundisf
                0x0800046c                __aeabi_l2f
                0x0800046c                __floatdisf
 .text          0x080004e8      0x2a0 D:/arm-none/bin/../lib/gcc/arm-none-eabi/14.2.1/thumb/v7e-m/nofp\libgcc.a(_arm_muldivsf3.o)
                0x080004e8                __mulsf3
                0x080004e8                __aeabi_fmul
                0x08000650                __aeabi_fdiv
                0x08000650                __divsf3
 .text          0x08000788       0xec D:/arm-none/bin/../lib/gcc/arm-none-eabi/14.2.1/thumb/v7e-m/nofp\libgcc.a(_arm_cmpsf2.o)
                0x08000788                __gesf2
                0x08000788                __gtsf2
                0x08000790                __lesf2
                0x08000790                __ltsf2
                0x08000798                __nesf2
                0x08000798                __eqsf2
                0x08000798                __cmpsf2
                0x080007f8                __aeabi_cfrcmple
                0x08000800                __aeabi_cfcmpeq
                0x08000800                __aeabi_cfcmple
                0x08000810                __aeabi_fcmpeq
                0x08000824                __aeabi_fcmplt
                0x08000838                __aeabi_fcmple
                0x0800084c                __aeabi_fcmpge
                0x08000860                __aeabi_fcmpgt
 .text          0x08000874       0x4c D:/arm-none/bin/../lib/gcc/arm-none-eabi/14.2.1/thumb/v7e-m/nofp\libgcc.a(_arm_fixsfsi.o)
                0x08000874                __aeabi_f2iz
                0x08000874                __fixsfsi
 .text          0x080008c0       0x40 D:/arm-none/bin/../lib/gcc/arm-none-eabi/14.2.1/thumb/v7e-m/nofp\libgcc.a(_arm_fixunssfsi.o)
                0x080008c0                __fixunssfsi
                0x080008c0                __aeabi_f2uiz
 .text          0x08000900       0x30 D:/arm-none/bin/../lib/gcc/arm-none-eabi/14.2.1/thumb/v7e-m/nofp\libgcc.a(_aeabi_uldivmod.o)
                0x08000900                __aeabi_uldivmod
 .text          0x08000930        0x4 D:/arm-none/bin/../lib/gcc/arm-none-eabi/14.2.1/thumb/v7e-m/nofp\libgcc.a(_dvmd_tls.o)
                0x08000930                __aeabi_idiv0
                0x08000930                __aeabi_ldiv0
 *(.text*)
 .text.deregister_tm_clones
                0x08000934       0x1c D:/arm-none/bin/../lib/gcc/arm-none-eabi/14.2.1/thumb/v7e-m/nofp/crtbegin.o
 .text.register_tm_clones
                0x08000950       0x24 D:/arm-none/bin/../lib/gcc/arm-none-eabi/14.2.1/thumb/v7e-m/nofp/crtbegin.o
 .text.__do_global_dtors_aux
                0x08000974       0x28 D:/arm-none/bin/../lib/gcc/arm-none-eabi/14.2.1/thumb/v7e-m/nofp/crtbegin.o
 .text.frame_dummy
                0x0800099c       0x24 D:/arm-none/bin/../lib/gcc/arm-none-eabi/14.2.1/thumb/v7e-m/nofp/crtbegin.o
 .text.MX_GPIO_Init
                0x080009c0       0xe8 CMakeFiles/CtrBoard-H7_UART.elf.dir/Core/Src/gpio.c.obj
                0x080009c0                MX_GPIO_Init
 .text.Error_Handler
                0x08000aa8        0x4 CMakeFiles/CtrBoard-H7_UART.elf.dir/Core/Src/main.c.obj
                0x08000aa8                Error_Handler
 .text.SystemClock_Config
                0x08000aac       0xa8 CMakeFiles/CtrBoard-H7_UART.elf.dir/Core/Src/main.c.obj
                0x08000aac                SystemClock_Config
 .text.main     0x08000b54       0x5c CMakeFiles/CtrBoard-H7_UART.elf.dir/Core/Src/main.c.obj
                0x08000b54                main
 .text.HAL_MspInit
                0x08000bb0       0x24 CMakeFiles/CtrBoard-H7_UART.elf.dir/Core/Src/stm32h7xx_hal_msp.c.obj
                0x08000bb0                HAL_MspInit
 .text.NMI_Handler
                0x08000bd4        0x2 CMakeFiles/CtrBoard-H7_UART.elf.dir/Core/Src/stm32h7xx_it.c.obj
                0x08000bd4                NMI_Handler
 .text.HardFault_Handler
                0x08000bd6        0x2 CMakeFiles/CtrBoard-H7_UART.elf.dir/Core/Src/stm32h7xx_it.c.obj
                0x08000bd6                HardFault_Handler
 .text.MemManage_Handler
                0x08000bd8        0x2 CMakeFiles/CtrBoard-H7_UART.elf.dir/Core/Src/stm32h7xx_it.c.obj
                0x08000bd8                MemManage_Handler
 .text.BusFault_Handler
                0x08000bda        0x2 CMakeFiles/CtrBoard-H7_UART.elf.dir/Core/Src/stm32h7xx_it.c.obj
                0x08000bda                BusFault_Handler
 .text.UsageFault_Handler
                0x08000bdc        0x2 CMakeFiles/CtrBoard-H7_UART.elf.dir/Core/Src/stm32h7xx_it.c.obj
                0x08000bdc                UsageFault_Handler
 .text.SVC_Handler
                0x08000bde        0x2 CMakeFiles/CtrBoard-H7_UART.elf.dir/Core/Src/stm32h7xx_it.c.obj
                0x08000bde                SVC_Handler
 .text.DebugMon_Handler
                0x08000be0        0x2 CMakeFiles/CtrBoard-H7_UART.elf.dir/Core/Src/stm32h7xx_it.c.obj
                0x08000be0                DebugMon_Handler
 .text.PendSV_Handler
                0x08000be2        0x2 CMakeFiles/CtrBoard-H7_UART.elf.dir/Core/Src/stm32h7xx_it.c.obj
                0x08000be2                PendSV_Handler
 .text.SysTick_Handler
                0x08000be4        0x8 CMakeFiles/CtrBoard-H7_UART.elf.dir/Core/Src/stm32h7xx_it.c.obj
                0x08000be4                SysTick_Handler
 .text.SystemInit
                0x08000bec       0x98 CMakeFiles/CtrBoard-H7_UART.elf.dir/Core/Src/system_stm32h7xx.c.obj
                0x08000bec                SystemInit
 .text.MX_USART2_UART_Init
                0x08000c84       0x70 CMakeFiles/CtrBoard-H7_UART.elf.dir/Core/Src/usart.c.obj
                0x08000c84                MX_USART2_UART_Init
 .text.HAL_UART_MspInit
                0x08000cf4       0x98 CMakeFiles/CtrBoard-H7_UART.elf.dir/Core/Src/usart.c.obj
                0x08000cf4                HAL_UART_MspInit
 .text.Reset_Handler
                0x08000d8c       0x50 CMakeFiles/CtrBoard-H7_UART.elf.dir/Core/Startup/startup_stm32h723vgtx.s.obj
                0x08000d8c                Reset_Handler
 .text.Default_Handler
                0x08000ddc        0x2 CMakeFiles/CtrBoard-H7_UART.elf.dir/Core/Startup/startup_stm32h723vgtx.s.obj
                0x08000ddc                RTC_Alarm_IRQHandler
                0x08000ddc                EXTI2_IRQHandler
                0x08000ddc                TIM8_CC_IRQHandler
                0x08000ddc                UART8_IRQHandler
                0x08000ddc                SPI4_IRQHandler
                0x08000ddc                FDCAN3_IT0_IRQHandler
                0x08000ddc                TIM1_CC_IRQHandler
                0x08000ddc                BDMA_Channel6_IRQHandler
                0x08000ddc                DMA2_Stream5_IRQHandler
                0x08000ddc                DMA1_Stream5_IRQHandler
                0x08000ddc                CORDIC_IRQHandler
                0x08000ddc                BDMA_Channel1_IRQHandler
                0x08000ddc                TAMP_STAMP_IRQHandler
                0x08000ddc                EXTI3_IRQHandler
                0x08000ddc                LPTIM4_IRQHandler
                0x08000ddc                TIM8_TRG_COM_TIM14_IRQHandler
                0x08000ddc                LPTIM2_IRQHandler
                0x08000ddc                DFSDM1_FLT1_IRQHandler
                0x08000ddc                DMAMUX2_OVR_IRQHandler
                0x08000ddc                TIM8_UP_TIM13_IRQHandler
                0x08000ddc                I2C3_ER_IRQHandler
                0x08000ddc                DFSDM1_FLT2_IRQHandler
                0x08000ddc                I2C5_EV_IRQHandler
                0x08000ddc                USART10_IRQHandler
                0x08000ddc                MDMA_IRQHandler
                0x08000ddc                LPTIM3_IRQHandler
                0x08000ddc                HSEM1_IRQHandler
                0x08000ddc                EXTI0_IRQHandler
                0x08000ddc                I2C2_EV_IRQHandler
                0x08000ddc                DMA1_Stream2_IRQHandler
                0x08000ddc                FPU_IRQHandler
                0x08000ddc                OTG_HS_WKUP_IRQHandler
                0x08000ddc                FDCAN1_IT1_IRQHandler
                0x08000ddc                LTDC_ER_IRQHandler
                0x08000ddc                DMA2_Stream2_IRQHandler
                0x08000ddc                SPI1_IRQHandler
                0x08000ddc                OCTOSPI1_IRQHandler
                0x08000ddc                TIM6_DAC_IRQHandler
                0x08000ddc                DMA2_Stream3_IRQHandler
                0x08000ddc                OCTOSPI2_IRQHandler
                0x08000ddc                DFSDM1_FLT3_IRQHandler
                0x08000ddc                TIM23_IRQHandler
                0x08000ddc                USART6_IRQHandler
                0x08000ddc                TIM17_IRQHandler
                0x08000ddc                USART3_IRQHandler
                0x08000ddc                BDMA_Channel7_IRQHandler
                0x08000ddc                LPTIM5_IRQHandler
                0x08000ddc                UART5_IRQHandler
                0x08000ddc                ADC3_IRQHandler
                0x08000ddc                DMA2_Stream0_IRQHandler
                0x08000ddc                TIM4_IRQHandler
                0x08000ddc                BDMA_Channel2_IRQHandler
                0x08000ddc                I2C1_EV_IRQHandler
                0x08000ddc                DMA1_Stream6_IRQHandler
                0x08000ddc                DMAMUX1_OVR_IRQHandler
                0x08000ddc                DMA1_Stream1_IRQHandler
                0x08000ddc                TIM16_IRQHandler
                0x08000ddc                UART4_IRQHandler
                0x08000ddc                BDMA_Channel5_IRQHandler
                0x08000ddc                TIM3_IRQHandler
                0x08000ddc                RCC_IRQHandler
                0x08000ddc                UART9_IRQHandler
                0x08000ddc                TIM8_BRK_TIM12_IRQHandler
                0x08000ddc                TIM1_TRG_COM_IRQHandler
                0x08000ddc                Default_Handler
                0x08000ddc                ECC_IRQHandler
                0x08000ddc                FMAC_IRQHandler
                0x08000ddc                CEC_IRQHandler
                0x08000ddc                EXTI15_10_IRQHandler
                0x08000ddc                BDMA_Channel0_IRQHandler
                0x08000ddc                ADC_IRQHandler
                0x08000ddc                I2C5_ER_IRQHandler
                0x08000ddc                DMA1_Stream7_IRQHandler
                0x08000ddc                SPI5_IRQHandler
                0x08000ddc                TIM7_IRQHandler
                0x08000ddc                FDCAN3_IT1_IRQHandler
                0x08000ddc                SDMMC1_IRQHandler
                0x08000ddc                TIM5_IRQHandler
                0x08000ddc                DMA2_Stream7_IRQHandler
                0x08000ddc                TIM15_IRQHandler
                0x08000ddc                PVD_AVD_IRQHandler
                0x08000ddc                I2C3_EV_IRQHandler
                0x08000ddc                EXTI9_5_IRQHandler
                0x08000ddc                RTC_WKUP_IRQHandler
                0x08000ddc                LTDC_IRQHandler
                0x08000ddc                ETH_WKUP_IRQHandler
                0x08000ddc                SPDIF_RX_IRQHandler
                0x08000ddc                SPI2_IRQHandler
                0x08000ddc                OTG_HS_EP1_IN_IRQHandler
                0x08000ddc                DMA1_Stream0_IRQHandler
                0x08000ddc                TIM24_IRQHandler
                0x08000ddc                CRS_IRQHandler
                0x08000ddc                EXTI4_IRQHandler
                0x08000ddc                RNG_IRQHandler
                0x08000ddc                FDCAN2_IT1_IRQHandler
                0x08000ddc                ETH_IRQHandler
                0x08000ddc                TIM1_UP_IRQHandler
                0x08000ddc                BDMA_Channel4_IRQHandler
                0x08000ddc                OTG_HS_EP1_OUT_IRQHandler
                0x08000ddc                WWDG_IRQHandler
                0x08000ddc                SPI6_IRQHandler
                0x08000ddc                MDIOS_IRQHandler
                0x08000ddc                I2C4_EV_IRQHandler
                0x08000ddc                FDCAN2_IT0_IRQHandler
                0x08000ddc                LPUART1_IRQHandler
                0x08000ddc                FDCAN1_IT0_IRQHandler
                0x08000ddc                TIM2_IRQHandler
                0x08000ddc                OTG_HS_IRQHandler
                0x08000ddc                DMA2D_IRQHandler
                0x08000ddc                TIM1_BRK_IRQHandler
                0x08000ddc                EXTI1_IRQHandler
                0x08000ddc                SDMMC2_IRQHandler
                0x08000ddc                BDMA_Channel3_IRQHandler
                0x08000ddc                DTS_IRQHandler
                0x08000ddc                UART7_IRQHandler
                0x08000ddc                MDIOS_WKUP_IRQHandler
                0x08000ddc                USART2_IRQHandler
                0x08000ddc                DFSDM1_FLT0_IRQHandler
                0x08000ddc                SAI4_IRQHandler
                0x08000ddc                I2C2_ER_IRQHandler
                0x08000ddc                DMA2_Stream1_IRQHandler
                0x08000ddc                FLASH_IRQHandler
                0x08000ddc                DMA2_Stream4_IRQHandler
                0x08000ddc                USART1_IRQHandler
                0x08000ddc                SPI3_IRQHandler
                0x08000ddc                WAKEUP_PIN_IRQHandler
                0x08000ddc                DMA1_Stream4_IRQHandler
                0x08000ddc                I2C1_ER_IRQHandler
                0x08000ddc                FMC_IRQHandler
                0x08000ddc                FDCAN_CAL_IRQHandler
                0x08000ddc                SWPMI1_IRQHandler
                0x08000ddc                COMP1_IRQHandler
                0x08000ddc                LPTIM1_IRQHandler
                0x08000ddc                DCMI_PSSI_IRQHandler
                0x08000ddc                I2C4_ER_IRQHandler
                0x08000ddc                DMA2_Stream6_IRQHandler
                0x08000ddc                SAI1_IRQHandler
                0x08000ddc                DMA1_Stream3_IRQHandler
 *fill*         0x08000dde        0x2 
 .text.HAL_InitTick
                0x08000de0       0x50 CMakeFiles/CtrBoard-H7_UART.elf.dir/Drivers/STM32H7xx_HAL_Driver/Src/stm32h7xx_hal.c.obj
                0x08000de0                HAL_InitTick
 .text.HAL_Init
                0x08000e30       0x5c CMakeFiles/CtrBoard-H7_UART.elf.dir/Drivers/STM32H7xx_HAL_Driver/Src/stm32h7xx_hal.c.obj
                0x08000e30                HAL_Init
 .text.HAL_IncTick
                0x08000e8c       0x18 CMakeFiles/CtrBoard-H7_UART.elf.dir/Drivers/STM32H7xx_HAL_Driver/Src/stm32h7xx_hal.c.obj
                0x08000e8c                HAL_IncTick
 .text.HAL_GetTick
                0x08000ea4        0xc CMakeFiles/CtrBoard-H7_UART.elf.dir/Drivers/STM32H7xx_HAL_Driver/Src/stm32h7xx_hal.c.obj
                0x08000ea4                HAL_GetTick
 .text.HAL_Delay
                0x08000eb0       0x28 CMakeFiles/CtrBoard-H7_UART.elf.dir/Drivers/STM32H7xx_HAL_Driver/Src/stm32h7xx_hal.c.obj
                0x08000eb0                HAL_Delay
 .text.__NVIC_SetPriority
                0x08000ed8       0x24 CMakeFiles/CtrBoard-H7_UART.elf.dir/Drivers/STM32H7xx_HAL_Driver/Src/stm32h7xx_hal_cortex.c.obj
 .text.NVIC_EncodePriority
                0x08000efc       0x3e CMakeFiles/CtrBoard-H7_UART.elf.dir/Drivers/STM32H7xx_HAL_Driver/Src/stm32h7xx_hal_cortex.c.obj
 *fill*         0x08000f3a        0x2 
 .text.HAL_NVIC_SetPriorityGrouping
                0x08000f3c       0x24 CMakeFiles/CtrBoard-H7_UART.elf.dir/Drivers/STM32H7xx_HAL_Driver/Src/stm32h7xx_hal_cortex.c.obj
                0x08000f3c                HAL_NVIC_SetPriorityGrouping
 .text.HAL_NVIC_SetPriority
                0x08000f60       0x20 CMakeFiles/CtrBoard-H7_UART.elf.dir/Drivers/STM32H7xx_HAL_Driver/Src/stm32h7xx_hal_cortex.c.obj
                0x08000f60                HAL_NVIC_SetPriority
 .text.HAL_SYSTICK_Config
                0x08000f80       0x28 CMakeFiles/CtrBoard-H7_UART.elf.dir/Drivers/STM32H7xx_HAL_Driver/Src/stm32h7xx_hal_cortex.c.obj
                0x08000f80                HAL_SYSTICK_Config
 .text.HAL_GPIO_Init
                0x08000fa8      0x21c CMakeFiles/CtrBoard-H7_UART.elf.dir/Drivers/STM32H7xx_HAL_Driver/Src/stm32h7xx_hal_gpio.c.obj
                0x08000fa8                HAL_GPIO_Init
 .text.HAL_GPIO_WritePin
                0x080011c4        0xc CMakeFiles/CtrBoard-H7_UART.elf.dir/Drivers/STM32H7xx_HAL_Driver/Src/stm32h7xx_hal_gpio.c.obj
                0x080011c4                HAL_GPIO_WritePin
 .text.HAL_GPIO_TogglePin
                0x080011d0       0x12 CMakeFiles/CtrBoard-H7_UART.elf.dir/Drivers/STM32H7xx_HAL_Driver/Src/stm32h7xx_hal_gpio.c.obj
                0x080011d0                HAL_GPIO_TogglePin
 *fill*         0x080011e2        0x2 
 .text.HAL_PWREx_ConfigSupply
                0x080011e4       0x54 CMakeFiles/CtrBoard-H7_UART.elf.dir/Drivers/STM32H7xx_HAL_Driver/Src/stm32h7xx_hal_pwr_ex.c.obj
                0x080011e4                HAL_PWREx_ConfigSupply
 .text.HAL_RCC_OscConfig
                0x08001238      0x5e4 CMakeFiles/CtrBoard-H7_UART.elf.dir/Drivers/STM32H7xx_HAL_Driver/Src/stm32h7xx_hal_rcc.c.obj
                0x08001238                HAL_RCC_OscConfig
 .text.HAL_RCC_GetSysClockFreq
                0x0800181c      0x224 CMakeFiles/CtrBoard-H7_UART.elf.dir/Drivers/STM32H7xx_HAL_Driver/Src/stm32h7xx_hal_rcc.c.obj
                0x0800181c                HAL_RCC_GetSysClockFreq
 .text.HAL_RCC_ClockConfig
                0x08001a40      0x294 CMakeFiles/CtrBoard-H7_UART.elf.dir/Drivers/STM32H7xx_HAL_Driver/Src/stm32h7xx_hal_rcc.c.obj
                0x08001a40                HAL_RCC_ClockConfig
 .text.HAL_RCC_GetHCLKFreq
                0x08001cd4       0x44 CMakeFiles/CtrBoard-H7_UART.elf.dir/Drivers/STM32H7xx_HAL_Driver/Src/stm32h7xx_hal_rcc.c.obj
                0x08001cd4                HAL_RCC_GetHCLKFreq
 .text.HAL_RCC_GetPCLK1Freq
                0x08001d18       0x24 CMakeFiles/CtrBoard-H7_UART.elf.dir/Drivers/STM32H7xx_HAL_Driver/Src/stm32h7xx_hal_rcc.c.obj
                0x08001d18                HAL_RCC_GetPCLK1Freq
 .text.HAL_RCC_GetPCLK2Freq
                0x08001d3c       0x24 CMakeFiles/CtrBoard-H7_UART.elf.dir/Drivers/STM32H7xx_HAL_Driver/Src/stm32h7xx_hal_rcc.c.obj
                0x08001d3c                HAL_RCC_GetPCLK2Freq
 .text.RCCEx_PLL2_Config
                0x08001d60      0x108 CMakeFiles/CtrBoard-H7_UART.elf.dir/Drivers/STM32H7xx_HAL_Driver/Src/stm32h7xx_hal_rcc_ex.c.obj
 .text.RCCEx_PLL3_Config
                0x08001e68      0x108 CMakeFiles/CtrBoard-H7_UART.elf.dir/Drivers/STM32H7xx_HAL_Driver/Src/stm32h7xx_hal_rcc_ex.c.obj
 .text.HAL_RCCEx_PeriphCLKConfig
                0x08001f70      0xa38 CMakeFiles/CtrBoard-H7_UART.elf.dir/Drivers/STM32H7xx_HAL_Driver/Src/stm32h7xx_hal_rcc_ex.c.obj
                0x08001f70                HAL_RCCEx_PeriphCLKConfig
 .text.HAL_RCCEx_GetD3PCLK1Freq
                0x080029a8       0x24 CMakeFiles/CtrBoard-H7_UART.elf.dir/Drivers/STM32H7xx_HAL_Driver/Src/stm32h7xx_hal_rcc_ex.c.obj
                0x080029a8                HAL_RCCEx_GetD3PCLK1Freq
 .text.HAL_RCCEx_GetPLL2ClockFreq
                0x080029cc      0x238 CMakeFiles/CtrBoard-H7_UART.elf.dir/Drivers/STM32H7xx_HAL_Driver/Src/stm32h7xx_hal_rcc_ex.c.obj
                0x080029cc                HAL_RCCEx_GetPLL2ClockFreq
 .text.HAL_RCCEx_GetPLL3ClockFreq
                0x08002c04      0x238 CMakeFiles/CtrBoard-H7_UART.elf.dir/Drivers/STM32H7xx_HAL_Driver/Src/stm32h7xx_hal_rcc_ex.c.obj
                0x08002c04                HAL_RCCEx_GetPLL3ClockFreq
 .text.UART_EndRxTransfer
                0x08002e3c       0x58 CMakeFiles/CtrBoard-H7_UART.elf.dir/Drivers/STM32H7xx_HAL_Driver/Src/stm32h7xx_hal_uart.c.obj
 .text.UART_SetConfig
                0x08002e94      0x6bc CMakeFiles/CtrBoard-H7_UART.elf.dir/Drivers/STM32H7xx_HAL_Driver/Src/stm32h7xx_hal_uart.c.obj
                0x08002e94                UART_SetConfig
 .text.UART_AdvFeatureConfig
                0x08003550       0xca CMakeFiles/CtrBoard-H7_UART.elf.dir/Drivers/STM32H7xx_HAL_Driver/Src/stm32h7xx_hal_uart.c.obj
                0x08003550                UART_AdvFeatureConfig
 .text.UART_WaitOnFlagUntilTimeout
                0x0800361a       0x96 CMakeFiles/CtrBoard-H7_UART.elf.dir/Drivers/STM32H7xx_HAL_Driver/Src/stm32h7xx_hal_uart.c.obj
                0x0800361a                UART_WaitOnFlagUntilTimeout
 .text.HAL_UART_Transmit
                0x080036b0       0xd0 CMakeFiles/CtrBoard-H7_UART.elf.dir/Drivers/STM32H7xx_HAL_Driver/Src/stm32h7xx_hal_uart.c.obj
                0x080036b0                HAL_UART_Transmit
 .text.UART_CheckIdleState
                0x08003780       0xca CMakeFiles/CtrBoard-H7_UART.elf.dir/Drivers/STM32H7xx_HAL_Driver/Src/stm32h7xx_hal_uart.c.obj
                0x08003780                UART_CheckIdleState
 *fill*         0x0800384a        0x2 
 .text.UARTEx_SetNbDataToProcess
                0x0800384c       0x4c CMakeFiles/CtrBoard-H7_UART.elf.dir/Drivers/STM32H7xx_HAL_Driver/Src/stm32h7xx_hal_uart_ex.c.obj
 .text.HAL_RS485Ex_Init
                0x08003898       0x82 CMakeFiles/CtrBoard-H7_UART.elf.dir/Drivers/STM32H7xx_HAL_Driver/Src/stm32h7xx_hal_uart_ex.c.obj
                0x08003898                HAL_RS485Ex_Init
 .text.HAL_UARTEx_DisableFifoMode
                0x0800391a       0x3e CMakeFiles/CtrBoard-H7_UART.elf.dir/Drivers/STM32H7xx_HAL_Driver/Src/stm32h7xx_hal_uart_ex.c.obj
                0x0800391a                HAL_UARTEx_DisableFifoMode
 .text.HAL_UARTEx_SetTxFifoThreshold
                0x08003958       0x4a CMakeFiles/CtrBoard-H7_UART.elf.dir/Drivers/STM32H7xx_HAL_Driver/Src/stm32h7xx_hal_uart_ex.c.obj
                0x08003958                HAL_UARTEx_SetTxFifoThreshold
 .text.HAL_UARTEx_SetRxFifoThreshold
                0x080039a2       0x4a CMakeFiles/CtrBoard-H7_UART.elf.dir/Drivers/STM32H7xx_HAL_Driver/Src/stm32h7xx_hal_uart_ex.c.obj
                0x080039a2                HAL_UARTEx_SetRxFifoThreshold
 .text.HAL_UARTEx_ReceiveToIdle
                0x080039ec      0x15e CMakeFiles/CtrBoard-H7_UART.elf.dir/Drivers/STM32H7xx_HAL_Driver/Src/stm32h7xx_hal_uart_ex.c.obj
                0x080039ec                HAL_UARTEx_ReceiveToIdle
 *fill*         0x08003b4a        0x2 
 .text.crc_ccitt_byte
                0x08003b4c       0x14 CMakeFiles/CtrBoard-H7_UART.elf.dir/485driver/GO-M8010-6.c.obj
 .text.crc_ccitt
                0x08003b60       0x18 CMakeFiles/CtrBoard-H7_UART.elf.dir/485driver/GO-M8010-6.c.obj
 .text.modify_data
                0x08003b78      0x178 CMakeFiles/CtrBoard-H7_UART.elf.dir/485driver/GO-M8010-6.c.obj
                0x08003b78                modify_data
 .text.extract_data
                0x08003cf0       0x94 CMakeFiles/CtrBoard-H7_UART.elf.dir/485driver/GO-M8010-6.c.obj
                0x08003cf0                extract_data
 .text.SERVO_Send_recv
                0x08003d84       0x8c CMakeFiles/CtrBoard-H7_UART.elf.dir/485driver/GO-M8010-6.c.obj
                0x08003d84                SERVO_Send_recv
 .text.__udivmoddi4
                0x08003e10      0x2f8 D:/arm-none/bin/../lib/gcc/arm-none-eabi/14.2.1/thumb/v7e-m/nofp\libgcc.a(_udivmoddi4.o)
                0x08003e10                __udivmoddi4
 .text.memset   0x08004108       0x9c D:/arm-none/bin/../lib/gcc/arm-none-eabi/14.2.1/thumb/v7e-m/nofp\libg.a(libc_a-memset.o)
                0x08004108                memset
 .text.__libc_init_array
                0x080041a4       0x50 D:/arm-none/bin/../lib/gcc/arm-none-eabi/14.2.1/thumb/v7e-m/nofp\libg.a(libc_a-init.o)
                0x080041a4                __libc_init_array
 .text.__retarget_lock_acquire_recursive
                0x080041f4        0x4 D:/arm-none/bin/../lib/gcc/arm-none-eabi/14.2.1/thumb/v7e-m/nofp\libg.a(libc_a-lock.o)
                0x080041f4                __retarget_lock_acquire_recursive
 .text.__retarget_lock_release_recursive
                0x080041f8        0x4 D:/arm-none/bin/../lib/gcc/arm-none-eabi/14.2.1/thumb/v7e-m/nofp\libg.a(libc_a-lock.o)
                0x080041f8                __retarget_lock_release_recursive
 .text.startup.register_fini
                0x080041fc       0x14 D:/arm-none/bin/../lib/gcc/arm-none-eabi/14.2.1/thumb/v7e-m/nofp\libg.a(libc_a-__call_atexit.o)
 .text.atexit   0x08004210        0xc D:/arm-none/bin/../lib/gcc/arm-none-eabi/14.2.1/thumb/v7e-m/nofp\libg.a(libc_a-atexit.o)
                0x08004210                atexit
 .text.__libc_fini_array
                0x0800421c       0x28 D:/arm-none/bin/../lib/gcc/arm-none-eabi/14.2.1/thumb/v7e-m/nofp\libg.a(libc_a-fini.o)
                0x0800421c                __libc_fini_array
 .text.__register_exitproc
                0x08004244       0x80 D:/arm-none/bin/../lib/gcc/arm-none-eabi/14.2.1/thumb/v7e-m/nofp\libg.a(libc_a-__atexit.o)
                0x08004244                __register_exitproc
 *(.glue_7)
 .glue_7        0x080042c4        0x0 linker stubs
 *(.glue_7t)
 .glue_7t       0x080042c4        0x0 linker stubs
 *(.eh_frame)
 .eh_frame      0x080042c4        0x0 D:/arm-none/bin/../lib/gcc/arm-none-eabi/14.2.1/thumb/v7e-m/nofp/crtbegin.o
 *(.init)
 .init          0x080042c4        0x4 D:/arm-none/bin/../lib/gcc/arm-none-eabi/14.2.1/thumb/v7e-m/nofp/crti.o
                0x080042c4                _init
 .init          0x080042c8        0x8 D:/arm-none/bin/../lib/gcc/arm-none-eabi/14.2.1/thumb/v7e-m/nofp/crtn.o
 *(.fini)
 .fini          0x080042d0        0x4 D:/arm-none/bin/../lib/gcc/arm-none-eabi/14.2.1/thumb/v7e-m/nofp/crti.o
                0x080042d0                _fini
 .fini          0x080042d4        0x8 D:/arm-none/bin/../lib/gcc/arm-none-eabi/14.2.1/thumb/v7e-m/nofp/crtn.o
                0x080042dc                        . = ALIGN (0x4)
                0x080042dc                        _etext = .

.vfp11_veneer   0x080042dc        0x0
 .vfp11_veneer  0x080042dc        0x0 linker stubs

.v4_bx          0x080042dc        0x0
 .v4_bx         0x080042dc        0x0 linker stubs

.iplt           0x080042dc        0x0
 .iplt          0x080042dc        0x0 D:/arm-none/bin/../lib/gcc/arm-none-eabi/14.2.1/thumb/v7e-m/nofp/crtbegin.o

.rodata         0x080042dc      0x238
                0x080042dc                        . = ALIGN (0x4)
 *(.rodata)
 *(.rodata*)
 .rodata.D1CorePrescTable
                0x080042dc       0x10 CMakeFiles/CtrBoard-H7_UART.elf.dir/Core/Src/system_stm32h7xx.c.obj
                0x080042dc                D1CorePrescTable
 .rodata.UARTPrescTable
                0x080042ec       0x18 CMakeFiles/CtrBoard-H7_UART.elf.dir/Drivers/STM32H7xx_HAL_Driver/Src/stm32h7xx_hal_uart.c.obj
                0x080042ec                UARTPrescTable
 .rodata.denominator.0
                0x08004304        0x8 CMakeFiles/CtrBoard-H7_UART.elf.dir/Drivers/STM32H7xx_HAL_Driver/Src/stm32h7xx_hal_uart_ex.c.obj
 .rodata.numerator.1
                0x0800430c        0x8 CMakeFiles/CtrBoard-H7_UART.elf.dir/Drivers/STM32H7xx_HAL_Driver/Src/stm32h7xx_hal_uart_ex.c.obj
 .rodata.crc_ccitt_table
                0x08004314      0x200 CMakeFiles/CtrBoard-H7_UART.elf.dir/485driver/GO-M8010-6.c.obj
                0x08004314                crc_ccitt_table
                0x08004514                        . = ALIGN (0x4)

.ARM.extab
 *(.ARM.extab* .gnu.linkonce.armextab.*)

.ARM            0x08004514        0x8
                0x08004514                        __exidx_start = .
 *(.ARM.exidx*)
 .ARM.exidx.text.__udivmoddi4
                0x08004514        0x8 D:/arm-none/bin/../lib/gcc/arm-none-eabi/14.2.1/thumb/v7e-m/nofp\libgcc.a(_udivmoddi4.o)
                0x0800451c                        __exidx_end = .

.preinit_array  0x0800451c        0x0
                0x0800451c                        PROVIDE (__preinit_array_start = .)
 *(.preinit_array*)
                0x0800451c                        PROVIDE (__preinit_array_end = .)

.init_array     0x0800451c        0x8
                0x0800451c                        PROVIDE (__init_array_start = .)
 *(SORT_BY_NAME(.init_array.*))
 .init_array.00000
                0x0800451c        0x4 D:/arm-none/bin/../lib/gcc/arm-none-eabi/14.2.1/thumb/v7e-m/nofp\libg.a(libc_a-__call_atexit.o)
 *(.init_array*)
 .init_array    0x08004520        0x4 D:/arm-none/bin/../lib/gcc/arm-none-eabi/14.2.1/thumb/v7e-m/nofp/crtbegin.o
                0x08004524                        PROVIDE (__init_array_end = .)

.fini_array     0x08004524        0x4
                0x08004524                        PROVIDE (__fini_array_start = .)
 *(SORT_BY_NAME(.fini_array.*))
 *(.fini_array*)
 .fini_array    0x08004524        0x4 D:/arm-none/bin/../lib/gcc/arm-none-eabi/14.2.1/thumb/v7e-m/nofp/crtbegin.o
                0x08004528                        PROVIDE (__fini_array_end = .)
                0x08004528                        _sidata = LOADADDR (.data)

.rel.dyn        0x08004528        0x0
 .rel.iplt      0x08004528        0x0 D:/arm-none/bin/../lib/gcc/arm-none-eabi/14.2.1/thumb/v7e-m/nofp/crtbegin.o

.data           0x24000000       0x14 load address 0x08004528
                0x24000000                        . = ALIGN (0x4)
                0x24000000                        _sdata = .
 *(.data)
 *(.data*)
 .data.SystemD2Clock
                0x24000000        0x4 CMakeFiles/CtrBoard-H7_UART.elf.dir/Core/Src/system_stm32h7xx.c.obj
                0x24000000                SystemD2Clock
 .data.SystemCoreClock
                0x24000004        0x4 CMakeFiles/CtrBoard-H7_UART.elf.dir/Core/Src/system_stm32h7xx.c.obj
                0x24000004                SystemCoreClock
 .data.uwTickFreq
                0x24000008        0x1 CMakeFiles/CtrBoard-H7_UART.elf.dir/Drivers/STM32H7xx_HAL_Driver/Src/stm32h7xx_hal.c.obj
                0x24000008                uwTickFreq
 *fill*         0x24000009        0x3 
 .data.uwTickPrio
                0x2400000c        0x4 CMakeFiles/CtrBoard-H7_UART.elf.dir/Drivers/STM32H7xx_HAL_Driver/Src/stm32h7xx_hal.c.obj
                0x2400000c                uwTickPrio
 .data.__atexit_recursive_mutex
                0x24000010        0x4 D:/arm-none/bin/../lib/gcc/arm-none-eabi/14.2.1/thumb/v7e-m/nofp\libg.a(libc_a-__call_atexit.o)
                0x24000010                __atexit_recursive_mutex
 *(.RamFunc)
 *(.RamFunc*)
                0x24000014                        . = ALIGN (0x4)
                0x24000014                        _edata = .

.tm_clone_table
                0x24000014        0x0 load address 0x0800453c
 .tm_clone_table
                0x24000014        0x0 D:/arm-none/bin/../lib/gcc/arm-none-eabi/14.2.1/thumb/v7e-m/nofp/crtbegin.o
 .tm_clone_table
                0x24000014        0x0 D:/arm-none/bin/../lib/gcc/arm-none-eabi/14.2.1/thumb/v7e-m/nofp/crtend.o

.igot.plt       0x24000014        0x0 load address 0x0800453c
 .igot.plt      0x24000014        0x0 D:/arm-none/bin/../lib/gcc/arm-none-eabi/14.2.1/thumb/v7e-m/nofp/crtbegin.o
                0x24000014                        . = ALIGN (0x4)

.bss            0x24000018      0x2d0 load address 0x0800453c
                0x24000018                        _sbss = .
                0x24000018                        __bss_start__ = _sbss
 *(.bss)
 *(.bss*)
 .bss.completed.1
                0x24000018        0x1 D:/arm-none/bin/../lib/gcc/arm-none-eabi/14.2.1/thumb/v7e-m/nofp/crtbegin.o
 *fill*         0x24000019        0x3 
 .bss.object.0  0x2400001c       0x18 D:/arm-none/bin/../lib/gcc/arm-none-eabi/14.2.1/thumb/v7e-m/nofp/crtbegin.o
 *fill*         0x24000034        0x4 
 .bss.data      0x24000038       0x40 CMakeFiles/CtrBoard-H7_UART.elf.dir/Core/Src/main.c.obj
                0x24000038                data
 .bss.cmd       0x24000078       0x40 CMakeFiles/CtrBoard-H7_UART.elf.dir/Core/Src/main.c.obj
                0x24000078                cmd
 .bss.huart2    0x240000b8       0x94 CMakeFiles/CtrBoard-H7_UART.elf.dir/Core/Src/usart.c.obj
                0x240000b8                huart2
 .bss.uwTick    0x2400014c        0x4 CMakeFiles/CtrBoard-H7_UART.elf.dir/Drivers/STM32H7xx_HAL_Driver/Src/stm32h7xx_hal.c.obj
                0x2400014c                uwTick
 .bss.__lock___atexit_recursive_mutex
                0x24000150        0x1 D:/arm-none/bin/../lib/gcc/arm-none-eabi/14.2.1/thumb/v7e-m/nofp\libg.a(libc_a-lock.o)
                0x24000150                __lock___atexit_recursive_mutex
 *fill*         0x24000151        0x3 
 .bss.__atexit  0x24000154        0x4 D:/arm-none/bin/../lib/gcc/arm-none-eabi/14.2.1/thumb/v7e-m/nofp\libg.a(libc_a-__call_atexit.o)
                0x24000154                __atexit
 .bss.__atexit0
                0x24000158      0x190 D:/arm-none/bin/../lib/gcc/arm-none-eabi/14.2.1/thumb/v7e-m/nofp\libg.a(libc_a-__atexit.o)
                0x24000158                __atexit0
 *(COMMON)
                0x240002e8                        . = ALIGN (0x4)
                0x240002e8                        _ebss = .
                0x240002e8                        __bss_end__ = _ebss

._user_heap_stack
                0x240002e8      0x600 load address 0x0800453c
                0x240002e8                        . = ALIGN (0x8)
                [!provide]                        PROVIDE (end = .)
                0x240002e8                        PROVIDE (_end = .)
                0x240004e8                        . = (. + _Min_Heap_Size)
 *fill*         0x240002e8      0x200 
                0x240008e8                        . = (. + _Min_Stack_Size)
 *fill*         0x240004e8      0x400 
                0x240008e8                        . = ALIGN (0x8)

/DISCARD/
 libc.a(*)
 libm.a(*)
 libgcc.a(*)

.ARM.attributes
                0x00000000       0x2a
 *(.ARM.attributes)
 .ARM.attributes
                0x00000000       0x1e D:/arm-none/bin/../lib/gcc/arm-none-eabi/14.2.1/thumb/v7e-m/nofp/crti.o
 .ARM.attributes
                0x0000001e       0x2e D:/arm-none/bin/../lib/gcc/arm-none-eabi/14.2.1/thumb/v7e-m/nofp/crtbegin.o
 .ARM.attributes
                0x0000004c       0x2e CMakeFiles/CtrBoard-H7_UART.elf.dir/Core/Src/gpio.c.obj
 .ARM.attributes
                0x0000007a       0x2e CMakeFiles/CtrBoard-H7_UART.elf.dir/Core/Src/main.c.obj
 .ARM.attributes
                0x000000a8       0x2e CMakeFiles/CtrBoard-H7_UART.elf.dir/Core/Src/stm32h7xx_hal_msp.c.obj
 .ARM.attributes
                0x000000d6       0x2e CMakeFiles/CtrBoard-H7_UART.elf.dir/Core/Src/stm32h7xx_it.c.obj
 .ARM.attributes
                0x00000104       0x2e CMakeFiles/CtrBoard-H7_UART.elf.dir/Core/Src/system_stm32h7xx.c.obj
 .ARM.attributes
                0x00000132       0x2e CMakeFiles/CtrBoard-H7_UART.elf.dir/Core/Src/usart.c.obj
 .ARM.attributes
                0x00000160       0x21 CMakeFiles/CtrBoard-H7_UART.elf.dir/Core/Startup/startup_stm32h723vgtx.s.obj
 .ARM.attributes
                0x00000181       0x2e CMakeFiles/CtrBoard-H7_UART.elf.dir/Drivers/STM32H7xx_HAL_Driver/Src/stm32h7xx_hal.c.obj
 .ARM.attributes
                0x000001af       0x2e CMakeFiles/CtrBoard-H7_UART.elf.dir/Drivers/STM32H7xx_HAL_Driver/Src/stm32h7xx_hal_cortex.c.obj
 .ARM.attributes
                0x000001dd       0x2e CMakeFiles/CtrBoard-H7_UART.elf.dir/Drivers/STM32H7xx_HAL_Driver/Src/stm32h7xx_hal_gpio.c.obj
 .ARM.attributes
                0x0000020b       0x2e CMakeFiles/CtrBoard-H7_UART.elf.dir/Drivers/STM32H7xx_HAL_Driver/Src/stm32h7xx_hal_pwr_ex.c.obj
 .ARM.attributes
                0x00000239       0x2e CMakeFiles/CtrBoard-H7_UART.elf.dir/Drivers/STM32H7xx_HAL_Driver/Src/stm32h7xx_hal_rcc.c.obj
 .ARM.attributes
                0x00000267       0x2e CMakeFiles/CtrBoard-H7_UART.elf.dir/Drivers/STM32H7xx_HAL_Driver/Src/stm32h7xx_hal_rcc_ex.c.obj
 .ARM.attributes
                0x00000295       0x2e CMakeFiles/CtrBoard-H7_UART.elf.dir/Drivers/STM32H7xx_HAL_Driver/Src/stm32h7xx_hal_uart.c.obj
 .ARM.attributes
                0x000002c3       0x2e CMakeFiles/CtrBoard-H7_UART.elf.dir/Drivers/STM32H7xx_HAL_Driver/Src/stm32h7xx_hal_uart_ex.c.obj
 .ARM.attributes
                0x000002f1       0x2e CMakeFiles/CtrBoard-H7_UART.elf.dir/485driver/GO-M8010-6.c.obj
 .ARM.attributes
                0x0000031f       0x1e D:/arm-none/bin/../lib/gcc/arm-none-eabi/14.2.1/thumb/v7e-m/nofp\libgcc.a(_arm_addsubsf3.o)
 .ARM.attributes
                0x0000033d       0x1e D:/arm-none/bin/../lib/gcc/arm-none-eabi/14.2.1/thumb/v7e-m/nofp\libgcc.a(_arm_muldivsf3.o)
 .ARM.attributes
                0x0000035b       0x1e D:/arm-none/bin/../lib/gcc/arm-none-eabi/14.2.1/thumb/v7e-m/nofp\libgcc.a(_arm_cmpsf2.o)
 .ARM.attributes
                0x00000379       0x1e D:/arm-none/bin/../lib/gcc/arm-none-eabi/14.2.1/thumb/v7e-m/nofp\libgcc.a(_arm_fixsfsi.o)
 .ARM.attributes
                0x00000397       0x1e D:/arm-none/bin/../lib/gcc/arm-none-eabi/14.2.1/thumb/v7e-m/nofp\libgcc.a(_arm_fixunssfsi.o)
 .ARM.attributes
                0x000003b5       0x1e D:/arm-none/bin/../lib/gcc/arm-none-eabi/14.2.1/thumb/v7e-m/nofp\libgcc.a(_aeabi_uldivmod.o)
 .ARM.attributes
                0x000003d3       0x2e D:/arm-none/bin/../lib/gcc/arm-none-eabi/14.2.1/thumb/v7e-m/nofp\libgcc.a(_udivmoddi4.o)
 .ARM.attributes
                0x00000401       0x1e D:/arm-none/bin/../lib/gcc/arm-none-eabi/14.2.1/thumb/v7e-m/nofp\libgcc.a(_dvmd_tls.o)
 .ARM.attributes
                0x0000041f       0x2e D:/arm-none/bin/../lib/gcc/arm-none-eabi/14.2.1/thumb/v7e-m/nofp\libg.a(libc_a-memset.o)
 .ARM.attributes
                0x0000044d       0x2e D:/arm-none/bin/../lib/gcc/arm-none-eabi/14.2.1/thumb/v7e-m/nofp\libg.a(libc_a-init.o)
 .ARM.attributes
                0x0000047b       0x2e D:/arm-none/bin/../lib/gcc/arm-none-eabi/14.2.1/thumb/v7e-m/nofp\libg.a(libc_a-lock.o)
 .ARM.attributes
                0x000004a9       0x2e D:/arm-none/bin/../lib/gcc/arm-none-eabi/14.2.1/thumb/v7e-m/nofp\libg.a(libc_a-__call_atexit.o)
 .ARM.attributes
                0x000004d7       0x2e D:/arm-none/bin/../lib/gcc/arm-none-eabi/14.2.1/thumb/v7e-m/nofp\libg.a(libc_a-atexit.o)
 .ARM.attributes
                0x00000505       0x2e D:/arm-none/bin/../lib/gcc/arm-none-eabi/14.2.1/thumb/v7e-m/nofp\libg.a(libc_a-fini.o)
 .ARM.attributes
                0x00000533       0x2e D:/arm-none/bin/../lib/gcc/arm-none-eabi/14.2.1/thumb/v7e-m/nofp\libg.a(libc_a-__atexit.o)
 .ARM.attributes
                0x00000561       0x2e D:/arm-none/bin/../lib/gcc/arm-none-eabi/14.2.1/thumb/v7e-m/nofp/crtend.o
 .ARM.attributes
                0x0000058f       0x1e D:/arm-none/bin/../lib/gcc/arm-none-eabi/14.2.1/thumb/v7e-m/nofp/crtn.o
OUTPUT(CtrBoard-H7_UART.elf elf32-littlearm)
LOAD linker stubs
LOAD D:/arm-none/bin/../lib/gcc/arm-none-eabi/14.2.1/thumb/v7e-m/nofp\libc.a
LOAD D:/arm-none/bin/../lib/gcc/arm-none-eabi/14.2.1/thumb/v7e-m/nofp\libm.a
LOAD D:/arm-none/bin/../lib/gcc/arm-none-eabi/14.2.1/thumb/v7e-m/nofp\libgcc.a

.debug_info     0x00000000    0x12f61
 .debug_info    0x00000000      0x66a CMakeFiles/CtrBoard-H7_UART.elf.dir/Core/Src/gpio.c.obj
 .debug_info    0x0000066a      0xa0f CMakeFiles/CtrBoard-H7_UART.elf.dir/Core/Src/main.c.obj
 .debug_info    0x00001079      0x460 CMakeFiles/CtrBoard-H7_UART.elf.dir/Core/Src/stm32h7xx_hal_msp.c.obj
 .debug_info    0x000014d9      0x132 CMakeFiles/CtrBoard-H7_UART.elf.dir/Core/Src/stm32h7xx_it.c.obj
 .debug_info    0x0000160b      0x8bf CMakeFiles/CtrBoard-H7_UART.elf.dir/Core/Src/system_stm32h7xx.c.obj
 .debug_info    0x00001eca     0x11c7 CMakeFiles/CtrBoard-H7_UART.elf.dir/Core/Src/usart.c.obj
 .debug_info    0x00003091       0x30 CMakeFiles/CtrBoard-H7_UART.elf.dir/Core/Startup/startup_stm32h723vgtx.s.obj
 .debug_info    0x000030c1     0x1796 CMakeFiles/CtrBoard-H7_UART.elf.dir/Drivers/STM32H7xx_HAL_Driver/Src/stm32h7xx_hal.c.obj
 .debug_info    0x00004857     0x12bf CMakeFiles/CtrBoard-H7_UART.elf.dir/Drivers/STM32H7xx_HAL_Driver/Src/stm32h7xx_hal_cortex.c.obj
 .debug_info    0x00005b16      0xc98 CMakeFiles/CtrBoard-H7_UART.elf.dir/Drivers/STM32H7xx_HAL_Driver/Src/stm32h7xx_hal_gpio.c.obj
 .debug_info    0x000067ae      0xf22 CMakeFiles/CtrBoard-H7_UART.elf.dir/Drivers/STM32H7xx_HAL_Driver/Src/stm32h7xx_hal_pwr_ex.c.obj
 .debug_info    0x000076d0     0x11d0 CMakeFiles/CtrBoard-H7_UART.elf.dir/Drivers/STM32H7xx_HAL_Driver/Src/stm32h7xx_hal_rcc.c.obj
 .debug_info    0x000088a0     0x1ee3 CMakeFiles/CtrBoard-H7_UART.elf.dir/Drivers/STM32H7xx_HAL_Driver/Src/stm32h7xx_hal_rcc_ex.c.obj
 .debug_info    0x0000a783     0x653f CMakeFiles/CtrBoard-H7_UART.elf.dir/Drivers/STM32H7xx_HAL_Driver/Src/stm32h7xx_hal_uart.c.obj
 .debug_info    0x00010cc2     0x1220 CMakeFiles/CtrBoard-H7_UART.elf.dir/Drivers/STM32H7xx_HAL_Driver/Src/stm32h7xx_hal_uart_ex.c.obj
 .debug_info    0x00011ee2     0x107f CMakeFiles/CtrBoard-H7_UART.elf.dir/485driver/GO-M8010-6.c.obj

.debug_abbrev   0x00000000     0x22f9
 .debug_abbrev  0x00000000      0x163 CMakeFiles/CtrBoard-H7_UART.elf.dir/Core/Src/gpio.c.obj
 .debug_abbrev  0x00000163      0x289 CMakeFiles/CtrBoard-H7_UART.elf.dir/Core/Src/main.c.obj
 .debug_abbrev  0x000003ec       0xd9 CMakeFiles/CtrBoard-H7_UART.elf.dir/Core/Src/stm32h7xx_hal_msp.c.obj
 .debug_abbrev  0x000004c5       0x7c CMakeFiles/CtrBoard-H7_UART.elf.dir/Core/Src/stm32h7xx_it.c.obj
 .debug_abbrev  0x00000541      0x157 CMakeFiles/CtrBoard-H7_UART.elf.dir/Core/Src/system_stm32h7xx.c.obj
 .debug_abbrev  0x00000698      0x256 CMakeFiles/CtrBoard-H7_UART.elf.dir/Core/Src/usart.c.obj
 .debug_abbrev  0x000008ee       0x24 CMakeFiles/CtrBoard-H7_UART.elf.dir/Core/Startup/startup_stm32h723vgtx.s.obj
 .debug_abbrev  0x00000912      0x2c3 CMakeFiles/CtrBoard-H7_UART.elf.dir/Drivers/STM32H7xx_HAL_Driver/Src/stm32h7xx_hal.c.obj
 .debug_abbrev  0x00000bd5      0x3ad CMakeFiles/CtrBoard-H7_UART.elf.dir/Drivers/STM32H7xx_HAL_Driver/Src/stm32h7xx_hal_cortex.c.obj
 .debug_abbrev  0x00000f82      0x24e CMakeFiles/CtrBoard-H7_UART.elf.dir/Drivers/STM32H7xx_HAL_Driver/Src/stm32h7xx_hal_gpio.c.obj
 .debug_abbrev  0x000011d0      0x2b5 CMakeFiles/CtrBoard-H7_UART.elf.dir/Drivers/STM32H7xx_HAL_Driver/Src/stm32h7xx_hal_pwr_ex.c.obj
 .debug_abbrev  0x00001485      0x2a3 CMakeFiles/CtrBoard-H7_UART.elf.dir/Drivers/STM32H7xx_HAL_Driver/Src/stm32h7xx_hal_rcc.c.obj
 .debug_abbrev  0x00001728      0x291 CMakeFiles/CtrBoard-H7_UART.elf.dir/Drivers/STM32H7xx_HAL_Driver/Src/stm32h7xx_hal_rcc_ex.c.obj
 .debug_abbrev  0x000019b9      0x37a CMakeFiles/CtrBoard-H7_UART.elf.dir/Drivers/STM32H7xx_HAL_Driver/Src/stm32h7xx_hal_uart.c.obj
 .debug_abbrev  0x00001d33      0x33a CMakeFiles/CtrBoard-H7_UART.elf.dir/Drivers/STM32H7xx_HAL_Driver/Src/stm32h7xx_hal_uart_ex.c.obj
 .debug_abbrev  0x0000206d      0x28c CMakeFiles/CtrBoard-H7_UART.elf.dir/485driver/GO-M8010-6.c.obj

.debug_aranges  0x00000000      0xa50
 .debug_aranges
                0x00000000       0x20 CMakeFiles/CtrBoard-H7_UART.elf.dir/Core/Src/gpio.c.obj
 .debug_aranges
                0x00000020       0x30 CMakeFiles/CtrBoard-H7_UART.elf.dir/Core/Src/main.c.obj
 .debug_aranges
                0x00000050       0x20 CMakeFiles/CtrBoard-H7_UART.elf.dir/Core/Src/stm32h7xx_hal_msp.c.obj
 .debug_aranges
                0x00000070       0x60 CMakeFiles/CtrBoard-H7_UART.elf.dir/Core/Src/stm32h7xx_it.c.obj
 .debug_aranges
                0x000000d0       0x28 CMakeFiles/CtrBoard-H7_UART.elf.dir/Core/Src/system_stm32h7xx.c.obj
 .debug_aranges
                0x000000f8       0x30 CMakeFiles/CtrBoard-H7_UART.elf.dir/Core/Src/usart.c.obj
 .debug_aranges
                0x00000128       0x28 CMakeFiles/CtrBoard-H7_UART.elf.dir/Core/Startup/startup_stm32h723vgtx.s.obj
 .debug_aranges
                0x00000150      0x1c8 CMakeFiles/CtrBoard-H7_UART.elf.dir/Drivers/STM32H7xx_HAL_Driver/Src/stm32h7xx_hal.c.obj
 .debug_aranges
                0x00000318       0xe8 CMakeFiles/CtrBoard-H7_UART.elf.dir/Drivers/STM32H7xx_HAL_Driver/Src/stm32h7xx_hal_cortex.c.obj
 .debug_aranges
                0x00000400       0x58 CMakeFiles/CtrBoard-H7_UART.elf.dir/Drivers/STM32H7xx_HAL_Driver/Src/stm32h7xx_hal_gpio.c.obj
 .debug_aranges
                0x00000458      0x148 CMakeFiles/CtrBoard-H7_UART.elf.dir/Drivers/STM32H7xx_HAL_Driver/Src/stm32h7xx_hal_pwr_ex.c.obj
 .debug_aranges
                0x000005a0       0x88 CMakeFiles/CtrBoard-H7_UART.elf.dir/Drivers/STM32H7xx_HAL_Driver/Src/stm32h7xx_hal_rcc.c.obj
 .debug_aranges
                0x00000628       0xf8 CMakeFiles/CtrBoard-H7_UART.elf.dir/Drivers/STM32H7xx_HAL_Driver/Src/stm32h7xx_hal_rcc_ex.c.obj
 .debug_aranges
                0x00000720      0x248 CMakeFiles/CtrBoard-H7_UART.elf.dir/Drivers/STM32H7xx_HAL_Driver/Src/stm32h7xx_hal_uart.c.obj
 .debug_aranges
                0x00000968       0xa8 CMakeFiles/CtrBoard-H7_UART.elf.dir/Drivers/STM32H7xx_HAL_Driver/Src/stm32h7xx_hal_uart_ex.c.obj
 .debug_aranges
                0x00000a10       0x40 CMakeFiles/CtrBoard-H7_UART.elf.dir/485driver/GO-M8010-6.c.obj

.debug_rnglists
                0x00000000      0x81b
 .debug_rnglists
                0x00000000       0x14 CMakeFiles/CtrBoard-H7_UART.elf.dir/Core/Src/gpio.c.obj
 .debug_rnglists
                0x00000014       0x20 CMakeFiles/CtrBoard-H7_UART.elf.dir/Core/Src/main.c.obj
 .debug_rnglists
                0x00000034       0x13 CMakeFiles/CtrBoard-H7_UART.elf.dir/Core/Src/stm32h7xx_hal_msp.c.obj
 .debug_rnglists
                0x00000047       0x43 CMakeFiles/CtrBoard-H7_UART.elf.dir/Core/Src/stm32h7xx_it.c.obj
 .debug_rnglists
                0x0000008a       0x1b CMakeFiles/CtrBoard-H7_UART.elf.dir/Core/Src/system_stm32h7xx.c.obj
 .debug_rnglists
                0x000000a5       0x20 CMakeFiles/CtrBoard-H7_UART.elf.dir/Core/Src/usart.c.obj
 .debug_rnglists
                0x000000c5       0x19 CMakeFiles/CtrBoard-H7_UART.elf.dir/Core/Startup/startup_stm32h723vgtx.s.obj
 .debug_rnglists
                0x000000de      0x153 CMakeFiles/CtrBoard-H7_UART.elf.dir/Drivers/STM32H7xx_HAL_Driver/Src/stm32h7xx_hal.c.obj
 .debug_rnglists
                0x00000231       0xa9 CMakeFiles/CtrBoard-H7_UART.elf.dir/Drivers/STM32H7xx_HAL_Driver/Src/stm32h7xx_hal_cortex.c.obj
 .debug_rnglists
                0x000002da       0x3f CMakeFiles/CtrBoard-H7_UART.elf.dir/Drivers/STM32H7xx_HAL_Driver/Src/stm32h7xx_hal_gpio.c.obj
 .debug_rnglists
                0x00000319      0x125 CMakeFiles/CtrBoard-H7_UART.elf.dir/Drivers/STM32H7xx_HAL_Driver/Src/stm32h7xx_hal_pwr_ex.c.obj
 .debug_rnglists
                0x0000043e       0xa9 CMakeFiles/CtrBoard-H7_UART.elf.dir/Drivers/STM32H7xx_HAL_Driver/Src/stm32h7xx_hal_rcc.c.obj
 .debug_rnglists
                0x000004e7       0xbf CMakeFiles/CtrBoard-H7_UART.elf.dir/Drivers/STM32H7xx_HAL_Driver/Src/stm32h7xx_hal_rcc_ex.c.obj
 .debug_rnglists
                0x000005a6      0x1cb CMakeFiles/CtrBoard-H7_UART.elf.dir/Drivers/STM32H7xx_HAL_Driver/Src/stm32h7xx_hal_uart.c.obj
 .debug_rnglists
                0x00000771       0x7c CMakeFiles/CtrBoard-H7_UART.elf.dir/Drivers/STM32H7xx_HAL_Driver/Src/stm32h7xx_hal_uart_ex.c.obj
 .debug_rnglists
                0x000007ed       0x2e CMakeFiles/CtrBoard-H7_UART.elf.dir/485driver/GO-M8010-6.c.obj

.debug_line     0x00000000     0xcafb
 .debug_line    0x00000000      0x281 CMakeFiles/CtrBoard-H7_UART.elf.dir/Core/Src/gpio.c.obj
 .debug_line    0x00000281      0x4c8 CMakeFiles/CtrBoard-H7_UART.elf.dir/Core/Src/main.c.obj
 .debug_line    0x00000749      0x171 CMakeFiles/CtrBoard-H7_UART.elf.dir/Core/Src/stm32h7xx_hal_msp.c.obj
 .debug_line    0x000008ba      0x1a5 CMakeFiles/CtrBoard-H7_UART.elf.dir/Core/Src/stm32h7xx_it.c.obj
 .debug_line    0x00000a5f      0x3e2 CMakeFiles/CtrBoard-H7_UART.elf.dir/Core/Src/system_stm32h7xx.c.obj
 .debug_line    0x00000e41      0x408 CMakeFiles/CtrBoard-H7_UART.elf.dir/Core/Src/usart.c.obj
 .debug_line    0x00001249       0x7a CMakeFiles/CtrBoard-H7_UART.elf.dir/Core/Startup/startup_stm32h723vgtx.s.obj
 .debug_line    0x000012c3      0x9fe CMakeFiles/CtrBoard-H7_UART.elf.dir/Drivers/STM32H7xx_HAL_Driver/Src/stm32h7xx_hal.c.obj
 .debug_line    0x00001cc1      0x88b CMakeFiles/CtrBoard-H7_UART.elf.dir/Drivers/STM32H7xx_HAL_Driver/Src/stm32h7xx_hal_cortex.c.obj
 .debug_line    0x0000254c      0x748 CMakeFiles/CtrBoard-H7_UART.elf.dir/Drivers/STM32H7xx_HAL_Driver/Src/stm32h7xx_hal_gpio.c.obj
 .debug_line    0x00002c94      0xaa9 CMakeFiles/CtrBoard-H7_UART.elf.dir/Drivers/STM32H7xx_HAL_Driver/Src/stm32h7xx_hal_pwr_ex.c.obj
 .debug_line    0x0000373d     0x133f CMakeFiles/CtrBoard-H7_UART.elf.dir/Drivers/STM32H7xx_HAL_Driver/Src/stm32h7xx_hal_rcc.c.obj
 .debug_line    0x00004a7c     0x1e70 CMakeFiles/CtrBoard-H7_UART.elf.dir/Drivers/STM32H7xx_HAL_Driver/Src/stm32h7xx_hal_rcc_ex.c.obj
 .debug_line    0x000068ec     0x5195 CMakeFiles/CtrBoard-H7_UART.elf.dir/Drivers/STM32H7xx_HAL_Driver/Src/stm32h7xx_hal_uart.c.obj
 .debug_line    0x0000ba81      0xaf9 CMakeFiles/CtrBoard-H7_UART.elf.dir/Drivers/STM32H7xx_HAL_Driver/Src/stm32h7xx_hal_uart_ex.c.obj
 .debug_line    0x0000c57a      0x581 CMakeFiles/CtrBoard-H7_UART.elf.dir/485driver/GO-M8010-6.c.obj

.debug_str      0x00000000     0x4744
 .debug_str     0x00000000     0x4744 CMakeFiles/CtrBoard-H7_UART.elf.dir/Core/Src/gpio.c.obj
                                0x4d5 (size before relaxing)
 .debug_str     0x00004744      0x68e CMakeFiles/CtrBoard-H7_UART.elf.dir/Core/Src/main.c.obj
 .debug_str     0x00004744      0x440 CMakeFiles/CtrBoard-H7_UART.elf.dir/Core/Src/stm32h7xx_hal_msp.c.obj
 .debug_str     0x00004744      0x28d CMakeFiles/CtrBoard-H7_UART.elf.dir/Core/Src/stm32h7xx_it.c.obj
 .debug_str     0x00004744      0x61a CMakeFiles/CtrBoard-H7_UART.elf.dir/Core/Src/system_stm32h7xx.c.obj
 .debug_str     0x00004744      0xea9 CMakeFiles/CtrBoard-H7_UART.elf.dir/Core/Src/usart.c.obj
 .debug_str     0x00004744       0xbd CMakeFiles/CtrBoard-H7_UART.elf.dir/Core/Startup/startup_stm32h723vgtx.s.obj
 .debug_str     0x00004744     0x15ea CMakeFiles/CtrBoard-H7_UART.elf.dir/Drivers/STM32H7xx_HAL_Driver/Src/stm32h7xx_hal.c.obj
 .debug_str     0x00004744     0x1057 CMakeFiles/CtrBoard-H7_UART.elf.dir/Drivers/STM32H7xx_HAL_Driver/Src/stm32h7xx_hal_cortex.c.obj
 .debug_str     0x00004744      0x724 CMakeFiles/CtrBoard-H7_UART.elf.dir/Drivers/STM32H7xx_HAL_Driver/Src/stm32h7xx_hal_gpio.c.obj
 .debug_str     0x00004744      0xa02 CMakeFiles/CtrBoard-H7_UART.elf.dir/Drivers/STM32H7xx_HAL_Driver/Src/stm32h7xx_hal_pwr_ex.c.obj
 .debug_str     0x00004744      0xa4b CMakeFiles/CtrBoard-H7_UART.elf.dir/Drivers/STM32H7xx_HAL_Driver/Src/stm32h7xx_hal_rcc.c.obj
 .debug_str     0x00004744      0xf8d CMakeFiles/CtrBoard-H7_UART.elf.dir/Drivers/STM32H7xx_HAL_Driver/Src/stm32h7xx_hal_rcc_ex.c.obj
 .debug_str     0x00004744     0x1501 CMakeFiles/CtrBoard-H7_UART.elf.dir/Drivers/STM32H7xx_HAL_Driver/Src/stm32h7xx_hal_uart.c.obj
 .debug_str     0x00004744      0xbf5 CMakeFiles/CtrBoard-H7_UART.elf.dir/Drivers/STM32H7xx_HAL_Driver/Src/stm32h7xx_hal_uart_ex.c.obj
 .debug_str     0x00004744      0xaaa CMakeFiles/CtrBoard-H7_UART.elf.dir/485driver/GO-M8010-6.c.obj

.comment        0x00000000       0x45
 .comment       0x00000000       0x45 CMakeFiles/CtrBoard-H7_UART.elf.dir/Core/Src/gpio.c.obj
                                 0x46 (size before relaxing)
 .comment       0x00000045       0x46 CMakeFiles/CtrBoard-H7_UART.elf.dir/Core/Src/main.c.obj
 .comment       0x00000045       0x46 CMakeFiles/CtrBoard-H7_UART.elf.dir/Core/Src/stm32h7xx_hal_msp.c.obj
 .comment       0x00000045       0x46 CMakeFiles/CtrBoard-H7_UART.elf.dir/Core/Src/stm32h7xx_it.c.obj
 .comment       0x00000045       0x46 CMakeFiles/CtrBoard-H7_UART.elf.dir/Core/Src/system_stm32h7xx.c.obj
 .comment       0x00000045       0x46 CMakeFiles/CtrBoard-H7_UART.elf.dir/Core/Src/usart.c.obj
 .comment       0x00000045       0x46 CMakeFiles/CtrBoard-H7_UART.elf.dir/Drivers/STM32H7xx_HAL_Driver/Src/stm32h7xx_hal.c.obj
 .comment       0x00000045       0x46 CMakeFiles/CtrBoard-H7_UART.elf.dir/Drivers/STM32H7xx_HAL_Driver/Src/stm32h7xx_hal_cortex.c.obj
 .comment       0x00000045       0x46 CMakeFiles/CtrBoard-H7_UART.elf.dir/Drivers/STM32H7xx_HAL_Driver/Src/stm32h7xx_hal_gpio.c.obj
 .comment       0x00000045       0x46 CMakeFiles/CtrBoard-H7_UART.elf.dir/Drivers/STM32H7xx_HAL_Driver/Src/stm32h7xx_hal_pwr_ex.c.obj
 .comment       0x00000045       0x46 CMakeFiles/CtrBoard-H7_UART.elf.dir/Drivers/STM32H7xx_HAL_Driver/Src/stm32h7xx_hal_rcc.c.obj
 .comment       0x00000045       0x46 CMakeFiles/CtrBoard-H7_UART.elf.dir/Drivers/STM32H7xx_HAL_Driver/Src/stm32h7xx_hal_rcc_ex.c.obj
 .comment       0x00000045       0x46 CMakeFiles/CtrBoard-H7_UART.elf.dir/Drivers/STM32H7xx_HAL_Driver/Src/stm32h7xx_hal_uart.c.obj
 .comment       0x00000045       0x46 CMakeFiles/CtrBoard-H7_UART.elf.dir/Drivers/STM32H7xx_HAL_Driver/Src/stm32h7xx_hal_uart_ex.c.obj
 .comment       0x00000045       0x46 CMakeFiles/CtrBoard-H7_UART.elf.dir/485driver/GO-M8010-6.c.obj

.debug_frame    0x00000000     0x1c24
 .debug_frame   0x00000000       0x38 CMakeFiles/CtrBoard-H7_UART.elf.dir/Core/Src/gpio.c.obj
 .debug_frame   0x00000038       0x58 CMakeFiles/CtrBoard-H7_UART.elf.dir/Core/Src/main.c.obj
 .debug_frame   0x00000090       0x28 CMakeFiles/CtrBoard-H7_UART.elf.dir/Core/Src/stm32h7xx_hal_msp.c.obj
 .debug_frame   0x000000b8       0xa8 CMakeFiles/CtrBoard-H7_UART.elf.dir/Core/Src/stm32h7xx_it.c.obj
 .debug_frame   0x00000160       0x40 CMakeFiles/CtrBoard-H7_UART.elf.dir/Core/Src/system_stm32h7xx.c.obj
 .debug_frame   0x000001a0       0x64 CMakeFiles/CtrBoard-H7_UART.elf.dir/Core/Src/usart.c.obj
 .debug_frame   0x00000204      0x3c0 CMakeFiles/CtrBoard-H7_UART.elf.dir/Drivers/STM32H7xx_HAL_Driver/Src/stm32h7xx_hal.c.obj
 .debug_frame   0x000005c4      0x1f4 CMakeFiles/CtrBoard-H7_UART.elf.dir/Drivers/STM32H7xx_HAL_Driver/Src/stm32h7xx_hal_cortex.c.obj
 .debug_frame   0x000007b8       0xd0 CMakeFiles/CtrBoard-H7_UART.elf.dir/Drivers/STM32H7xx_HAL_Driver/Src/stm32h7xx_hal_gpio.c.obj
 .debug_frame   0x00000888      0x2d4 CMakeFiles/CtrBoard-H7_UART.elf.dir/Drivers/STM32H7xx_HAL_Driver/Src/stm32h7xx_hal_pwr_ex.c.obj
 .debug_frame   0x00000b5c      0x180 CMakeFiles/CtrBoard-H7_UART.elf.dir/Drivers/STM32H7xx_HAL_Driver/Src/stm32h7xx_hal_rcc.c.obj
 .debug_frame   0x00000cdc      0x284 CMakeFiles/CtrBoard-H7_UART.elf.dir/Drivers/STM32H7xx_HAL_Driver/Src/stm32h7xx_hal_rcc_ex.c.obj
 .debug_frame   0x00000f60      0x680 CMakeFiles/CtrBoard-H7_UART.elf.dir/Drivers/STM32H7xx_HAL_Driver/Src/stm32h7xx_hal_uart.c.obj
 .debug_frame   0x000015e0      0x1c8 CMakeFiles/CtrBoard-H7_UART.elf.dir/Drivers/STM32H7xx_HAL_Driver/Src/stm32h7xx_hal_uart_ex.c.obj
 .debug_frame   0x000017a8       0x9c CMakeFiles/CtrBoard-H7_UART.elf.dir/485driver/GO-M8010-6.c.obj
 .debug_frame   0x00001844       0x4c D:/arm-none/bin/../lib/gcc/arm-none-eabi/14.2.1/thumb/v7e-m/nofp\libgcc.a(_arm_addsubsf3.o)
 .debug_frame   0x00001890       0x38 D:/arm-none/bin/../lib/gcc/arm-none-eabi/14.2.1/thumb/v7e-m/nofp\libgcc.a(_arm_muldivsf3.o)
 .debug_frame   0x000018c8       0xc8 D:/arm-none/bin/../lib/gcc/arm-none-eabi/14.2.1/thumb/v7e-m/nofp\libgcc.a(_arm_cmpsf2.o)
 .debug_frame   0x00001990       0x24 D:/arm-none/bin/../lib/gcc/arm-none-eabi/14.2.1/thumb/v7e-m/nofp\libgcc.a(_arm_fixsfsi.o)
 .debug_frame   0x000019b4       0x24 D:/arm-none/bin/../lib/gcc/arm-none-eabi/14.2.1/thumb/v7e-m/nofp\libgcc.a(_arm_fixunssfsi.o)
 .debug_frame   0x000019d8       0x2c D:/arm-none/bin/../lib/gcc/arm-none-eabi/14.2.1/thumb/v7e-m/nofp\libgcc.a(_aeabi_uldivmod.o)
 .debug_frame   0x00001a04       0x34 D:/arm-none/bin/../lib/gcc/arm-none-eabi/14.2.1/thumb/v7e-m/nofp\libgcc.a(_udivmoddi4.o)
 .debug_frame   0x00001a38       0x2c D:/arm-none/bin/../lib/gcc/arm-none-eabi/14.2.1/thumb/v7e-m/nofp\libg.a(libc_a-memset.o)
 .debug_frame   0x00001a64       0x2c D:/arm-none/bin/../lib/gcc/arm-none-eabi/14.2.1/thumb/v7e-m/nofp\libg.a(libc_a-init.o)
 .debug_frame   0x00001a90       0xb0 D:/arm-none/bin/../lib/gcc/arm-none-eabi/14.2.1/thumb/v7e-m/nofp\libg.a(libc_a-lock.o)
 .debug_frame   0x00001b40       0x5c D:/arm-none/bin/../lib/gcc/arm-none-eabi/14.2.1/thumb/v7e-m/nofp\libg.a(libc_a-__call_atexit.o)
 .debug_frame   0x00001b9c       0x20 D:/arm-none/bin/../lib/gcc/arm-none-eabi/14.2.1/thumb/v7e-m/nofp\libg.a(libc_a-atexit.o)
 .debug_frame   0x00001bbc       0x34 D:/arm-none/bin/../lib/gcc/arm-none-eabi/14.2.1/thumb/v7e-m/nofp\libg.a(libc_a-fini.o)
 .debug_frame   0x00001bf0       0x34 D:/arm-none/bin/../lib/gcc/arm-none-eabi/14.2.1/thumb/v7e-m/nofp\libg.a(libc_a-__atexit.o)

.debug_loclists
                0x00000000     0x6c38
 .debug_loclists
                0x00000000      0x155 CMakeFiles/CtrBoard-H7_UART.elf.dir/Core/Src/system_stm32h7xx.c.obj
 .debug_loclists
                0x00000155       0x55 CMakeFiles/CtrBoard-H7_UART.elf.dir/Core/Src/usart.c.obj
 .debug_loclists
                0x000001aa      0x2df CMakeFiles/CtrBoard-H7_UART.elf.dir/Drivers/STM32H7xx_HAL_Driver/Src/stm32h7xx_hal.c.obj
 .debug_loclists
                0x00000489      0x50a CMakeFiles/CtrBoard-H7_UART.elf.dir/Drivers/STM32H7xx_HAL_Driver/Src/stm32h7xx_hal_cortex.c.obj
 .debug_loclists
                0x00000993      0x2a0 CMakeFiles/CtrBoard-H7_UART.elf.dir/Drivers/STM32H7xx_HAL_Driver/Src/stm32h7xx_hal_gpio.c.obj
 .debug_loclists
                0x00000c33      0x2be CMakeFiles/CtrBoard-H7_UART.elf.dir/Drivers/STM32H7xx_HAL_Driver/Src/stm32h7xx_hal_pwr_ex.c.obj
 .debug_loclists
                0x00000ef1      0x663 CMakeFiles/CtrBoard-H7_UART.elf.dir/Drivers/STM32H7xx_HAL_Driver/Src/stm32h7xx_hal_rcc.c.obj
 .debug_loclists
                0x00001554     0x1502 CMakeFiles/CtrBoard-H7_UART.elf.dir/Drivers/STM32H7xx_HAL_Driver/Src/stm32h7xx_hal_rcc_ex.c.obj
 .debug_loclists
                0x00002a56     0x38c9 CMakeFiles/CtrBoard-H7_UART.elf.dir/Drivers/STM32H7xx_HAL_Driver/Src/stm32h7xx_hal_uart.c.obj
 .debug_loclists
                0x0000631f      0x7d2 CMakeFiles/CtrBoard-H7_UART.elf.dir/Drivers/STM32H7xx_HAL_Driver/Src/stm32h7xx_hal_uart_ex.c.obj
 .debug_loclists
                0x00006af1      0x147 CMakeFiles/CtrBoard-H7_UART.elf.dir/485driver/GO-M8010-6.c.obj

.debug_line_str
                0x00000000      0x180
 .debug_line_str
                0x00000000      0x180 CMakeFiles/CtrBoard-H7_UART.elf.dir/Core/Startup/startup_stm32h723vgtx.s.obj
                                 0xa1 (size before relaxing)
 .debug_line_str
                0x00000180       0xcb D:/arm-none/bin/../lib/gcc/arm-none-eabi/14.2.1/thumb/v7e-m/nofp\libgcc.a(_arm_addsubsf3.o)
 .debug_line_str
                0x00000180       0xcb D:/arm-none/bin/../lib/gcc/arm-none-eabi/14.2.1/thumb/v7e-m/nofp\libgcc.a(_arm_muldivsf3.o)
 .debug_line_str
                0x00000180       0xcb D:/arm-none/bin/../lib/gcc/arm-none-eabi/14.2.1/thumb/v7e-m/nofp\libgcc.a(_arm_cmpsf2.o)
 .debug_line_str
                0x00000180       0xcb D:/arm-none/bin/../lib/gcc/arm-none-eabi/14.2.1/thumb/v7e-m/nofp\libgcc.a(_arm_fixsfsi.o)
 .debug_line_str
                0x00000180       0xcb D:/arm-none/bin/../lib/gcc/arm-none-eabi/14.2.1/thumb/v7e-m/nofp\libgcc.a(_arm_fixunssfsi.o)
 .debug_line_str
                0x00000180       0xc6 D:/arm-none/bin/../lib/gcc/arm-none-eabi/14.2.1/thumb/v7e-m/nofp\libgcc.a(_aeabi_uldivmod.o)
 .debug_line_str
                0x00000180       0xca D:/arm-none/bin/../lib/gcc/arm-none-eabi/14.2.1/thumb/v7e-m/nofp\libgcc.a(_dvmd_tls.o)
