Archive member included to satisfy reference by file (symbol)

D:/arm-none/bin/../lib/gcc/arm-none-eabi/14.2.1/thumb/v7e-m/nofp\libgcc.a(_arm_mulsf3.o)
                              CMakeFiles/CtrBoard-H7_UART.elf.dir/485driver/GO-M8010-6.c.obj (__aeabi_fmul)
D:/arm-none/bin/../lib/gcc/arm-none-eabi/14.2.1/thumb/v7e-m/nofp\libgcc.a(_arm_addsubsf3.o)
                              CMakeFiles/CtrBoard-H7_UART.elf.dir/Core/Src/system_stm32h7xx.c.obj (__aeabi_fadd)
D:/arm-none/bin/../lib/gcc/arm-none-eabi/14.2.1/thumb/v7e-m/nofp\libgcc.a(_arm_muldivsf3.o)
                              CMakeFiles/CtrBoard-H7_UART.elf.dir/485driver/GO-M8010-6.c.obj (__aeabi_fdiv)
D:/arm-none/bin/../lib/gcc/arm-none-eabi/14.2.1/thumb/v7e-m/nofp\libgcc.a(_arm_cmpsf2.o)
                              CMakeFiles/CtrBoard-H7_UART.elf.dir/485driver/GO-M8010-6.c.obj (__aeabi_fcmplt)
D:/arm-none/bin/../lib/gcc/arm-none-eabi/14.2.1/thumb/v7e-m/nofp\libgcc.a(_arm_fixsfsi.o)
                              CMakeFiles/CtrBoard-H7_UART.elf.dir/485driver/GO-M8010-6.c.obj (__aeabi_f2iz)
D:/arm-none/bin/../lib/gcc/arm-none-eabi/14.2.1/thumb/v7e-m/nofp\libgcc.a(_arm_fixunssfsi.o)
                              CMakeFiles/CtrBoard-H7_UART.elf.dir/Core/Src/system_stm32h7xx.c.obj (__aeabi_f2uiz)
D:/arm-none/bin/../lib/gcc/arm-none-eabi/14.2.1/thumb/v7e-m/nofp\libgcc.a(_aeabi_uldivmod.o)
                              CMakeFiles/CtrBoard-H7_UART.elf.dir/Drivers/STM32H7xx_HAL_Driver/Src/stm32h7xx_hal_uart.c.obj (__aeabi_uldivmod)
D:/arm-none/bin/../lib/gcc/arm-none-eabi/14.2.1/thumb/v7e-m/nofp\libgcc.a(_udivmoddi4.o)
                              D:/arm-none/bin/../lib/gcc/arm-none-eabi/14.2.1/thumb/v7e-m/nofp\libgcc.a(_aeabi_uldivmod.o) (__udivmoddi4)
D:/arm-none/bin/../lib/gcc/arm-none-eabi/14.2.1/thumb/v7e-m/nofp\libgcc.a(_dvmd_tls.o)
                              D:/arm-none/bin/../lib/gcc/arm-none-eabi/14.2.1/thumb/v7e-m/nofp\libgcc.a(_aeabi_uldivmod.o) (__aeabi_ldiv0)
D:/arm-none/bin/../lib/gcc/arm-none-eabi/14.2.1/thumb/v7e-m/nofp\libg.a(libc_a-exit.o)
                              D:/arm-none/bin/../lib/gcc/arm-none-eabi/14.2.1/thumb/v7e-m/nofp/crt0.o (exit)
D:/arm-none/bin/../lib/gcc/arm-none-eabi/14.2.1/thumb/v7e-m/nofp\libg.a(libc_a-malloc.o)
                              CMakeFiles/CtrBoard-H7_UART.elf.dir/User/unitree_motor/unitree_motor.c.obj (malloc)
D:/arm-none/bin/../lib/gcc/arm-none-eabi/14.2.1/thumb/v7e-m/nofp\libg.a(libc_a-mallocr.o)
                              D:/arm-none/bin/../lib/gcc/arm-none-eabi/14.2.1/thumb/v7e-m/nofp\libg.a(libc_a-malloc.o) (_malloc_r)
D:/arm-none/bin/../lib/gcc/arm-none-eabi/14.2.1/thumb/v7e-m/nofp\libg.a(libc_a-mlock.o)
                              D:/arm-none/bin/../lib/gcc/arm-none-eabi/14.2.1/thumb/v7e-m/nofp\libg.a(libc_a-mallocr.o) (__malloc_lock)
D:/arm-none/bin/../lib/gcc/arm-none-eabi/14.2.1/thumb/v7e-m/nofp\libg.a(libc_a-findfp.o)
                              D:/arm-none/bin/../lib/gcc/arm-none-eabi/14.2.1/thumb/v7e-m/nofp\libg.a(libc_a-exit.o) (__stdio_exit_handler)
D:/arm-none/bin/../lib/gcc/arm-none-eabi/14.2.1/thumb/v7e-m/nofp\libg.a(libc_a-fwalk.o)
                              D:/arm-none/bin/../lib/gcc/arm-none-eabi/14.2.1/thumb/v7e-m/nofp\libg.a(libc_a-findfp.o) (_fwalk_sglue)
D:/arm-none/bin/../lib/gcc/arm-none-eabi/14.2.1/thumb/v7e-m/nofp\libg.a(libc_a-stdio.o)
                              D:/arm-none/bin/../lib/gcc/arm-none-eabi/14.2.1/thumb/v7e-m/nofp\libg.a(libc_a-findfp.o) (__sread)
D:/arm-none/bin/../lib/gcc/arm-none-eabi/14.2.1/thumb/v7e-m/nofp\libg.a(libc_a-memset.o)
                              D:/arm-none/bin/../lib/gcc/arm-none-eabi/14.2.1/thumb/v7e-m/nofp/crt0.o (memset)
D:/arm-none/bin/../lib/gcc/arm-none-eabi/14.2.1/thumb/v7e-m/nofp\libg.a(libc_a-closer.o)
                              D:/arm-none/bin/../lib/gcc/arm-none-eabi/14.2.1/thumb/v7e-m/nofp\libg.a(libc_a-stdio.o) (_close_r)
D:/arm-none/bin/../lib/gcc/arm-none-eabi/14.2.1/thumb/v7e-m/nofp\libg.a(libc_a-reent.o)
                              D:/arm-none/bin/../lib/gcc/arm-none-eabi/14.2.1/thumb/v7e-m/nofp\libg.a(libc_a-closer.o) (errno)
D:/arm-none/bin/../lib/gcc/arm-none-eabi/14.2.1/thumb/v7e-m/nofp\libg.a(libc_a-impure.o)
                              D:/arm-none/bin/../lib/gcc/arm-none-eabi/14.2.1/thumb/v7e-m/nofp\libg.a(libc_a-malloc.o) (_impure_ptr)
D:/arm-none/bin/../lib/gcc/arm-none-eabi/14.2.1/thumb/v7e-m/nofp\libg.a(libc_a-lseekr.o)
                              D:/arm-none/bin/../lib/gcc/arm-none-eabi/14.2.1/thumb/v7e-m/nofp\libg.a(libc_a-stdio.o) (_lseek_r)
D:/arm-none/bin/../lib/gcc/arm-none-eabi/14.2.1/thumb/v7e-m/nofp\libg.a(libc_a-readr.o)
                              D:/arm-none/bin/../lib/gcc/arm-none-eabi/14.2.1/thumb/v7e-m/nofp\libg.a(libc_a-stdio.o) (_read_r)
D:/arm-none/bin/../lib/gcc/arm-none-eabi/14.2.1/thumb/v7e-m/nofp\libg.a(libc_a-sbrkr.o)
                              D:/arm-none/bin/../lib/gcc/arm-none-eabi/14.2.1/thumb/v7e-m/nofp\libg.a(libc_a-mallocr.o) (_sbrk_r)
[...]
Memory Configuration

Name             Origin             Length             Attributes
ITCMRAM          0x00000000         0x00010000         xrw
DTCMRAM          0x20000000         0x00020000         xrw
FLASH            0x08000000         0x00100000         xr
RAM_D1           0x24000000         0x00050000         xrw
RAM_D2           0x30000000         0x00008000         xrw
RAM_D3           0x38000000         0x00004000         xrw
*default*        0x00000000         0xffffffff

Linker script and memory map

LOAD D:/arm-none/bin/../lib/gcc/arm-none-eabi/14.2.1/thumb/v7e-m/nofp/crti.o
LOAD D:/arm-none/bin/../lib/gcc/arm-none-eabi/14.2.1/thumb/v7e-m/nofp/crtbegin.o
LOAD D:/arm-none/bin/../lib/gcc/arm-none-eabi/14.2.1/thumb/v7e-m/nofp/crt0.o
LOAD CMakeFiles/CtrBoard-H7_UART.elf.dir/485driver/GO-M8010-6.c.obj
LOAD CMakeFiles/CtrBoard-H7_UART.elf.dir/Core/Src/gpio.c.obj
LOAD CMakeFiles/CtrBoard-H7_UART.elf.dir/Core/Src/main.c.obj
LOAD CMakeFiles/CtrBoard-H7_UART.elf.dir/Core/Src/stm32h7xx_hal_msp.c.obj
LOAD CMakeFiles/CtrBoard-H7_UART.elf.dir/Core/Src/stm32h7xx_it.c.obj
LOAD CMakeFiles/CtrBoard-H7_UART.elf.dir/Core/Src/syscalls.c.obj
LOAD CMakeFiles/CtrBoard-H7_UART.elf.dir/Core/Src/sysmem.c.obj
LOAD CMakeFiles/CtrBoard-H7_UART.elf.dir/Core/Src/system_stm32h7xx.c.obj
LOAD CMakeFiles/CtrBoard-H7_UART.elf.dir/Core/Src/usart.c.obj
LOAD CMakeFiles/CtrBoard-H7_UART.elf.dir/Core/Startup/startup_stm32h723vgtx.s.obj
LOAD CMakeFiles/CtrBoard-H7_UART.elf.dir/Drivers/STM32H7xx_HAL_Driver/Src/stm32h7xx_hal.c.obj
LOAD CMakeFiles/CtrBoard-H7_UART.elf.dir/Drivers/STM32H7xx_HAL_Driver/Src/stm32h7xx_hal_cortex.c.obj
LOAD CMakeFiles/CtrBoard-H7_UART.elf.dir/Drivers/STM32H7xx_HAL_Driver/Src/stm32h7xx_hal_dma.c.obj
LOAD CMakeFiles/CtrBoard-H7_UART.elf.dir/Drivers/STM32H7xx_HAL_Driver/Src/stm32h7xx_hal_dma_ex.c.obj
LOAD CMakeFiles/CtrBoard-H7_UART.elf.dir/Drivers/STM32H7xx_HAL_Driver/Src/stm32h7xx_hal_exti.c.obj
LOAD CMakeFiles/CtrBoard-H7_UART.elf.dir/Drivers/STM32H7xx_HAL_Driver/Src/stm32h7xx_hal_flash.c.obj
LOAD CMakeFiles/CtrBoard-H7_UART.elf.dir/Drivers/STM32H7xx_HAL_Driver/Src/stm32h7xx_hal_flash_ex.c.obj
LOAD CMakeFiles/CtrBoard-H7_UART.elf.dir/Drivers/STM32H7xx_HAL_Driver/Src/stm32h7xx_hal_gpio.c.obj
LOAD CMakeFiles/CtrBoard-H7_UART.elf.dir/Drivers/STM32H7xx_HAL_Driver/Src/stm32h7xx_hal_hsem.c.obj
LOAD CMakeFiles/CtrBoard-H7_UART.elf.dir/Drivers/STM32H7xx_HAL_Driver/Src/stm32h7xx_hal_i2c.c.obj
LOAD CMakeFiles/CtrBoard-H7_UART.elf.dir/Drivers/STM32H7xx_HAL_Driver/Src/stm32h7xx_hal_i2c_ex.c.obj
LOAD CMakeFiles/CtrBoard-H7_UART.elf.dir/Drivers/STM32H7xx_HAL_Driver/Src/stm32h7xx_hal_mdma.c.obj
LOAD CMakeFiles/CtrBoard-H7_UART.elf.dir/Drivers/STM32H7xx_HAL_Driver/Src/stm32h7xx_hal_pwr.c.obj
LOAD CMakeFiles/CtrBoard-H7_UART.elf.dir/Drivers/STM32H7xx_HAL_Driver/Src/stm32h7xx_hal_pwr_ex.c.obj
LOAD CMakeFiles/CtrBoard-H7_UART.elf.dir/Drivers/STM32H7xx_HAL_Driver/Src/stm32h7xx_hal_rcc.c.obj
LOAD CMakeFiles/CtrBoard-H7_UART.elf.dir/Drivers/STM32H7xx_HAL_Driver/Src/stm32h7xx_hal_rcc_ex.c.obj
LOAD CMakeFiles/CtrBoard-H7_UART.elf.dir/Drivers/STM32H7xx_HAL_Driver/Src/stm32h7xx_hal_tim.c.obj
LOAD CMakeFiles/CtrBoard-H7_UART.elf.dir/Drivers/STM32H7xx_HAL_Driver/Src/stm32h7xx_hal_tim_ex.c.obj
LOAD CMakeFiles/CtrBoard-H7_UART.elf.dir/Drivers/STM32H7xx_HAL_Driver/Src/stm32h7xx_hal_uart.c.obj
LOAD CMakeFiles/CtrBoard-H7_UART.elf.dir/Drivers/STM32H7xx_HAL_Driver/Src/stm32h7xx_hal_uart_ex.c.obj
LOAD CMakeFiles/CtrBoard-H7_UART.elf.dir/User/example/example.c.obj
LOAD CMakeFiles/CtrBoard-H7_UART.elf.dir/User/unitree_motor/unitree_motor.c.obj
START GROUP
LOAD D:/arm-none/bin/../lib/gcc/arm-none-eabi/14.2.1/thumb/v7e-m/nofp\libgcc.a
LOAD D:/arm-none/bin/../lib/gcc/arm-none-eabi/14.2.1/thumb/v7e-m/nofp\libg.a
LOAD D:/arm-none/bin/../lib/gcc/arm-none-eabi/14.2.1/thumb/v7e-m/nofp\libc.a
END GROUP
LOAD D:/arm-none/bin/../lib/gcc/arm-none-eabi/14.2.1/thumb/v7e-m/nofp/crtend.o
LOAD D:/arm-none/bin/../lib/gcc/arm-none-eabi/14.2.1/thumb/v7e-m/nofp/crtn.o
                0x24050000                        _estack = (ORIGIN (RAM_D1) + LENGTH (RAM_D1))
                0x00000200                        _Min_Heap_Size = 0x200
                0x00000400                        _Min_Stack_Size = 0x400

.isr_vector     0x08000000      0x2cc
                0x08000000                        . = ALIGN (0x4)
 *(.isr_vector)
 .isr_vector    0x08000000      0x2cc CMakeFiles/CtrBoard-H7_UART.elf.dir/Core/Startup/startup_stm32h723vgtx.s.obj
                0x08000000                g_pfnVectors
                0x080002cc                        . = ALIGN (0x4)

.text           0x080002cc     0x6b98
                0x080002cc                        . = ALIGN (0x4)
 *(.text)
 .text          0x080002cc      0x21c D:/arm-none/bin/../lib/gcc/arm-none-eabi/14.2.1/thumb/v7e-m/nofp\libgcc.a(_arm_addsubsf3.o)
                0x080002cc                __aeabi_frsub
                0x080002d4                __subsf3
                0x080002d4                __aeabi_fsub
                0x080002d8                __aeabi_fadd
                0x080002d8                __addsf3
                0x08000438                __aeabi_ui2f
                0x08000438                __floatunsisf
                0x08000440                __aeabi_i2f
                0x08000440                __floatsisf
                0x0800045c                __aeabi_ul2f
                0x0800045c                __floatundisf
                0x0800046c                __aeabi_l2f
                0x0800046c                __floatdisf
 .text          0x080004e8      0x2a0 D:/arm-none/bin/../lib/gcc/arm-none-eabi/14.2.1/thumb/v7e-m/nofp\libgcc.a(_arm_muldivsf3.o)
                0x080004e8                __mulsf3
                0x080004e8                __aeabi_fmul
                0x08000650                __aeabi_fdiv
                0x08000650                __divsf3
 .text          0x08000788       0xec D:/arm-none/bin/../lib/gcc/arm-none-eabi/14.2.1/thumb/v7e-m/nofp\libgcc.a(_arm_cmpsf2.o)
                0x08000788                __gesf2
                0x08000788                __gtsf2
                0x08000790                __lesf2
                0x08000790                __ltsf2
                0x08000798                __nesf2
                0x08000798                __eqsf2
                0x08000798                __cmpsf2
                0x080007f8                __aeabi_cfrcmple
                0x08000800                __aeabi_cfcmpeq
                0x08000800                __aeabi_cfcmple
                0x08000810                __aeabi_fcmpeq
                0x08000824                __aeabi_fcmplt
                0x08000838                __aeabi_fcmple
                0x0800084c                __aeabi_fcmpge
                0x08000860                __aeabi_fcmpgt
 .text          0x08000874       0x4c D:/arm-none/bin/../lib/gcc/arm-none-eabi/14.2.1/thumb/v7e-m/nofp\libgcc.a(_arm_fixsfsi.o)
                0x08000874                __aeabi_f2iz
                0x08000874                __fixsfsi
 .text          0x080008c0       0x40 D:/arm-none/bin/../lib/gcc/arm-none-eabi/14.2.1/thumb/v7e-m/nofp\libgcc.a(_arm_fixunssfsi.o)
                0x080008c0                __fixunssfsi
                0x080008c0                __aeabi_f2uiz
 .text          0x08000900       0x30 D:/arm-none/bin/../lib/gcc/arm-none-eabi/14.2.1/thumb/v7e-m/nofp\libgcc.a(_aeabi_uldivmod.o)
                0x08000900                __aeabi_uldivmod
 .text          0x08000930        0x4 D:/arm-none/bin/../lib/gcc/arm-none-eabi/14.2.1/thumb/v7e-m/nofp\libgcc.a(_dvmd_tls.o)
                0x08000930                __aeabi_idiv0
                0x08000930                __aeabi_ldiv0
 *(.text*)
 .text.deregister_tm_clones
                0x08000934       0x1c D:/arm-none/bin/../lib/gcc/arm-none-eabi/14.2.1/thumb/v7e-m/nofp/crtbegin.o
 .text.register_tm_clones
                0x08000950       0x24 D:/arm-none/bin/../lib/gcc/arm-none-eabi/14.2.1/thumb/v7e-m/nofp/crtbegin.o
 .text.__do_global_dtors_aux
                0x08000974       0x28 D:/arm-none/bin/../lib/gcc/arm-none-eabi/14.2.1/thumb/v7e-m/nofp/crtbegin.o
 .text.frame_dummy
                0x0800099c       0x24 D:/arm-none/bin/../lib/gcc/arm-none-eabi/14.2.1/thumb/v7e-m/nofp/crtbegin.o
 .text.crc_ccitt_byte
                0x080009c0       0x38 CMakeFiles/CtrBoard-H7_UART.elf.dir/485driver/GO-M8010-6.c.obj
 .text.crc_ccitt
                0x080009f8       0x3e CMakeFiles/CtrBoard-H7_UART.elf.dir/485driver/GO-M8010-6.c.obj
 *fill*         0x08000a36        0x2 
 .text.modify_data
                0x08000a38      0x250 CMakeFiles/CtrBoard-H7_UART.elf.dir/485driver/GO-M8010-6.c.obj
                0x08000a38                modify_data
 .text.extract_data
                0x08000c88      0x110 CMakeFiles/CtrBoard-H7_UART.elf.dir/485driver/GO-M8010-6.c.obj
                0x08000c88                extract_data
 .text.SERVO_Send_recv
                0x08000d98      0x118 CMakeFiles/CtrBoard-H7_UART.elf.dir/485driver/GO-M8010-6.c.obj
                0x08000d98                SERVO_Send_recv
 .text.MX_GPIO_Init
                0x08000eb0      0x144 CMakeFiles/CtrBoard-H7_UART.elf.dir/Core/Src/gpio.c.obj
                0x08000eb0                MX_GPIO_Init
 .text.main     0x08000ff4       0x38 CMakeFiles/CtrBoard-H7_UART.elf.dir/Core/Src/main.c.obj
                0x08000ff4                main
 .text.SystemClock_Config
                0x0800102c       0xdc CMakeFiles/CtrBoard-H7_UART.elf.dir/Core/Src/main.c.obj
                0x0800102c                SystemClock_Config
 .text.Error_Handler
                0x08001108        0xa CMakeFiles/CtrBoard-H7_UART.elf.dir/Core/Src/main.c.obj
                0x08001108                Error_Handler
 *fill*         0x08001112        0x2 
 .text.HAL_MspInit
                0x08001114       0x34 CMakeFiles/CtrBoard-H7_UART.elf.dir/Core/Src/stm32h7xx_hal_msp.c.obj
                0x08001114                HAL_MspInit
 .text.NMI_Handler
                0x08001148        0x6 CMakeFiles/CtrBoard-H7_UART.elf.dir/Core/Src/stm32h7xx_it.c.obj
                0x08001148                NMI_Handler
 .text.HardFault_Handler
                0x0800114e        0x6 CMakeFiles/CtrBoard-H7_UART.elf.dir/Core/Src/stm32h7xx_it.c.obj
                0x0800114e                HardFault_Handler
 .text.MemManage_Handler
                0x08001154        0x6 CMakeFiles/CtrBoard-H7_UART.elf.dir/Core/Src/stm32h7xx_it.c.obj
                0x08001154                MemManage_Handler
 .text.BusFault_Handler
                0x0800115a        0x6 CMakeFiles/CtrBoard-H7_UART.elf.dir/Core/Src/stm32h7xx_it.c.obj
                0x0800115a                BusFault_Handler
 .text.UsageFault_Handler
                0x08001160        0x6 CMakeFiles/CtrBoard-H7_UART.elf.dir/Core/Src/stm32h7xx_it.c.obj
                0x08001160                UsageFault_Handler
 .text.SVC_Handler
                0x08001166        0xc CMakeFiles/CtrBoard-H7_UART.elf.dir/Core/Src/stm32h7xx_it.c.obj
                0x08001166                SVC_Handler
 .text.DebugMon_Handler
                0x08001172        0xc CMakeFiles/CtrBoard-H7_UART.elf.dir/Core/Src/stm32h7xx_it.c.obj
                0x08001172                DebugMon_Handler
 .text.PendSV_Handler
                0x0800117e        0xc CMakeFiles/CtrBoard-H7_UART.elf.dir/Core/Src/stm32h7xx_it.c.obj
                0x0800117e                PendSV_Handler
 .text.SysTick_Handler
                0x0800118a        0xc CMakeFiles/CtrBoard-H7_UART.elf.dir/Core/Src/stm32h7xx_it.c.obj
                0x0800118a                SysTick_Handler
 *fill*         0x08001196        0x2 
 .text._sbrk    0x08001198       0x6c CMakeFiles/CtrBoard-H7_UART.elf.dir/Core/Src/sysmem.c.obj
                0x08001198                _sbrk
 .text.SystemInit
                0x08001204       0xdc CMakeFiles/CtrBoard-H7_UART.elf.dir/Core/Src/system_stm32h7xx.c.obj
                0x08001204                SystemInit
 .text.MX_USART2_UART_Init
                0x080012e0       0xa0 CMakeFiles/CtrBoard-H7_UART.elf.dir/Core/Src/usart.c.obj
                0x080012e0                MX_USART2_UART_Init
 .text.MX_USART3_UART_Init
                0x08001380       0xa0 CMakeFiles/CtrBoard-H7_UART.elf.dir/Core/Src/usart.c.obj
                0x08001380                MX_USART3_UART_Init
 .text.HAL_UART_MspInit
                0x08001420      0x1bc CMakeFiles/CtrBoard-H7_UART.elf.dir/Core/Src/usart.c.obj
                0x08001420                HAL_UART_MspInit
 .text.Reset_Handler
                0x080015dc       0x50 CMakeFiles/CtrBoard-H7_UART.elf.dir/Core/Startup/startup_stm32h723vgtx.s.obj
                0x080015dc                Reset_Handler
 .text.Default_Handler
                0x0800162c        0x2 CMakeFiles/CtrBoard-H7_UART.elf.dir/Core/Startup/startup_stm32h723vgtx.s.obj
                0x0800162c                RTC_Alarm_IRQHandler
                0x0800162c                EXTI2_IRQHandler
                0x0800162c                TIM8_CC_IRQHandler
                0x0800162c                UART8_IRQHandler
                0x0800162c                SPI4_IRQHandler
                0x0800162c                FDCAN3_IT0_IRQHandler
                0x0800162c                TIM1_CC_IRQHandler
                0x0800162c                BDMA_Channel6_IRQHandler
                0x0800162c                DMA2_Stream5_IRQHandler
                0x0800162c                DMA1_Stream5_IRQHandler
                0x0800162c                CORDIC_IRQHandler
                0x0800162c                BDMA_Channel1_IRQHandler
                0x0800162c                TAMP_STAMP_IRQHandler
                0x0800162c                EXTI3_IRQHandler
                0x0800162c                LPTIM4_IRQHandler
                0x0800162c                TIM8_TRG_COM_TIM14_IRQHandler
                0x0800162c                LPTIM2_IRQHandler
                0x0800162c                DFSDM1_FLT1_IRQHandler
                0x0800162c                DMAMUX2_OVR_IRQHandler
                0x0800162c                TIM8_UP_TIM13_IRQHandler
                0x0800162c                I2C3_ER_IRQHandler
                0x0800162c                DFSDM1_FLT2_IRQHandler
                0x0800162c                I2C5_EV_IRQHandler
                0x0800162c                USART10_IRQHandler
                0x0800162c                MDMA_IRQHandler
                0x0800162c                LPTIM3_IRQHandler
                0x0800162c                HSEM1_IRQHandler
                0x0800162c                EXTI0_IRQHandler
                0x0800162c                I2C2_EV_IRQHandler
                0x0800162c                DMA1_Stream2_IRQHandler
                0x0800162c                FPU_IRQHandler
                0x0800162c                OTG_HS_WKUP_IRQHandler
                0x0800162c                FDCAN1_IT1_IRQHandler
                0x0800162c                LTDC_ER_IRQHandler
                0x0800162c                DMA2_Stream2_IRQHandler
                0x0800162c                SPI1_IRQHandler
                0x0800162c                OCTOSPI1_IRQHandler
                0x0800162c                TIM6_DAC_IRQHandler
                0x0800162c                DMA2_Stream3_IRQHandler
                0x0800162c                OCTOSPI2_IRQHandler
                0x0800162c                DFSDM1_FLT3_IRQHandler
                0x0800162c                TIM23_IRQHandler
                0x0800162c                USART6_IRQHandler
                0x0800162c                TIM17_IRQHandler
                0x0800162c                USART3_IRQHandler
                0x0800162c                BDMA_Channel7_IRQHandler
                0x0800162c                LPTIM5_IRQHandler
                0x0800162c                UART5_IRQHandler
                0x0800162c                ADC3_IRQHandler
                0x0800162c                DMA2_Stream0_IRQHandler
                0x0800162c                TIM4_IRQHandler
                0x0800162c                BDMA_Channel2_IRQHandler
                0x0800162c                I2C1_EV_IRQHandler
                0x0800162c                DMA1_Stream6_IRQHandler
                0x0800162c                DMAMUX1_OVR_IRQHandler
                0x0800162c                DMA1_Stream1_IRQHandler
                0x0800162c                TIM16_IRQHandler
                0x0800162c                UART4_IRQHandler
                0x0800162c                BDMA_Channel5_IRQHandler
                0x0800162c                TIM3_IRQHandler
                0x0800162c                RCC_IRQHandler
                0x0800162c                UART9_IRQHandler
                0x0800162c                TIM8_BRK_TIM12_IRQHandler
                0x0800162c                TIM1_TRG_COM_IRQHandler
                0x0800162c                Default_Handler
                0x0800162c                ECC_IRQHandler
                0x0800162c                FMAC_IRQHandler
                0x0800162c                CEC_IRQHandler
                0x0800162c                EXTI15_10_IRQHandler
                0x0800162c                BDMA_Channel0_IRQHandler
                0x0800162c                ADC_IRQHandler
                0x0800162c                I2C5_ER_IRQHandler
                0x0800162c                DMA1_Stream7_IRQHandler
                0x0800162c                SPI5_IRQHandler
                0x0800162c                TIM7_IRQHandler
                0x0800162c                FDCAN3_IT1_IRQHandler
                0x0800162c                SDMMC1_IRQHandler
                0x0800162c                TIM5_IRQHandler
                0x0800162c                DMA2_Stream7_IRQHandler
                0x0800162c                TIM15_IRQHandler
                0x0800162c                PVD_AVD_IRQHandler
                0x0800162c                I2C3_EV_IRQHandler
                0x0800162c                EXTI9_5_IRQHandler
                0x0800162c                RTC_WKUP_IRQHandler
                0x0800162c                LTDC_IRQHandler
                0x0800162c                ETH_WKUP_IRQHandler
                0x0800162c                SPDIF_RX_IRQHandler
                0x0800162c                SPI2_IRQHandler
                0x0800162c                OTG_HS_EP1_IN_IRQHandler
                0x0800162c                DMA1_Stream0_IRQHandler
                0x0800162c                TIM24_IRQHandler
                0x0800162c                CRS_IRQHandler
                0x0800162c                EXTI4_IRQHandler
                0x0800162c                RNG_IRQHandler
                0x0800162c                FDCAN2_IT1_IRQHandler
                0x0800162c                ETH_IRQHandler
                0x0800162c                TIM1_UP_IRQHandler
                0x0800162c                BDMA_Channel4_IRQHandler
                0x0800162c                OTG_HS_EP1_OUT_IRQHandler
                0x0800162c                WWDG_IRQHandler
                0x0800162c                SPI6_IRQHandler
                0x0800162c                MDIOS_IRQHandler
                0x0800162c                I2C4_EV_IRQHandler
                0x0800162c                FDCAN2_IT0_IRQHandler
                0x0800162c                LPUART1_IRQHandler
                0x0800162c                FDCAN1_IT0_IRQHandler
                0x0800162c                TIM2_IRQHandler
                0x0800162c                OTG_HS_IRQHandler
                0x0800162c                DMA2D_IRQHandler
                0x0800162c                TIM1_BRK_IRQHandler
                0x0800162c                EXTI1_IRQHandler
                0x0800162c                SDMMC2_IRQHandler
                0x0800162c                BDMA_Channel3_IRQHandler
                0x0800162c                DTS_IRQHandler
                0x0800162c                UART7_IRQHandler
                0x0800162c                MDIOS_WKUP_IRQHandler
                0x0800162c                USART2_IRQHandler
                0x0800162c                DFSDM1_FLT0_IRQHandler
                0x0800162c                SAI4_IRQHandler
                0x0800162c                I2C2_ER_IRQHandler
                0x0800162c                DMA2_Stream1_IRQHandler
                0x0800162c                FLASH_IRQHandler
                0x0800162c                DMA2_Stream4_IRQHandler
                0x0800162c                USART1_IRQHandler
                0x0800162c                SPI3_IRQHandler
                0x0800162c                WAKEUP_PIN_IRQHandler
                0x0800162c                DMA1_Stream4_IRQHandler
                0x0800162c                I2C1_ER_IRQHandler
                0x0800162c                FMC_IRQHandler
                0x0800162c                FDCAN_CAL_IRQHandler
                0x0800162c                SWPMI1_IRQHandler
                0x0800162c                COMP1_IRQHandler
                0x0800162c                LPTIM1_IRQHandler
                0x0800162c                DCMI_PSSI_IRQHandler
                0x0800162c                I2C4_ER_IRQHandler
                0x0800162c                DMA2_Stream6_IRQHandler
                0x0800162c                SAI1_IRQHandler
                0x0800162c                DMA1_Stream3_IRQHandler
 *fill*         0x0800162e        0x2 
 .text.HAL_Init
                0x08001630       0x78 CMakeFiles/CtrBoard-H7_UART.elf.dir/Drivers/STM32H7xx_HAL_Driver/Src/stm32h7xx_hal.c.obj
                0x08001630                HAL_Init
 .text.HAL_InitTick
                0x080016a8       0x6c CMakeFiles/CtrBoard-H7_UART.elf.dir/Drivers/STM32H7xx_HAL_Driver/Src/stm32h7xx_hal.c.obj
                0x080016a8                HAL_InitTick
 .text.HAL_IncTick
                0x08001714       0x24 CMakeFiles/CtrBoard-H7_UART.elf.dir/Drivers/STM32H7xx_HAL_Driver/Src/stm32h7xx_hal.c.obj
                0x08001714                HAL_IncTick
 .text.HAL_GetTick
                0x08001738       0x14 CMakeFiles/CtrBoard-H7_UART.elf.dir/Drivers/STM32H7xx_HAL_Driver/Src/stm32h7xx_hal.c.obj
                0x08001738                HAL_GetTick
 .text.HAL_Delay
                0x0800174c       0x48 CMakeFiles/CtrBoard-H7_UART.elf.dir/Drivers/STM32H7xx_HAL_Driver/Src/stm32h7xx_hal.c.obj
                0x0800174c                HAL_Delay
 .text.__NVIC_SetPriorityGrouping
                0x08001794       0x48 CMakeFiles/CtrBoard-H7_UART.elf.dir/Drivers/STM32H7xx_HAL_Driver/Src/stm32h7xx_hal_cortex.c.obj
 .text.__NVIC_GetPriorityGrouping
                0x080017dc       0x1c CMakeFiles/CtrBoard-H7_UART.elf.dir/Drivers/STM32H7xx_HAL_Driver/Src/stm32h7xx_hal_cortex.c.obj
 .text.__NVIC_SetPriority
                0x080017f8       0x54 CMakeFiles/CtrBoard-H7_UART.elf.dir/Drivers/STM32H7xx_HAL_Driver/Src/stm32h7xx_hal_cortex.c.obj
 .text.NVIC_EncodePriority
                0x0800184c       0x64 CMakeFiles/CtrBoard-H7_UART.elf.dir/Drivers/STM32H7xx_HAL_Driver/Src/stm32h7xx_hal_cortex.c.obj
 .text.SysTick_Config
                0x080018b0       0x44 CMakeFiles/CtrBoard-H7_UART.elf.dir/Drivers/STM32H7xx_HAL_Driver/Src/stm32h7xx_hal_cortex.c.obj
 .text.HAL_NVIC_SetPriorityGrouping
                0x080018f4       0x16 CMakeFiles/CtrBoard-H7_UART.elf.dir/Drivers/STM32H7xx_HAL_Driver/Src/stm32h7xx_hal_cortex.c.obj
                0x080018f4                HAL_NVIC_SetPriorityGrouping
 .text.HAL_NVIC_SetPriority
                0x0800190a       0x34 CMakeFiles/CtrBoard-H7_UART.elf.dir/Drivers/STM32H7xx_HAL_Driver/Src/stm32h7xx_hal_cortex.c.obj
                0x0800190a                HAL_NVIC_SetPriority
 .text.HAL_SYSTICK_Config
                0x0800193e       0x18 CMakeFiles/CtrBoard-H7_UART.elf.dir/Drivers/STM32H7xx_HAL_Driver/Src/stm32h7xx_hal_cortex.c.obj
                0x0800193e                HAL_SYSTICK_Config
 *fill*         0x08001956        0x2 
 .text.HAL_GPIO_Init
                0x08001958      0x350 CMakeFiles/CtrBoard-H7_UART.elf.dir/Drivers/STM32H7xx_HAL_Driver/Src/stm32h7xx_hal_gpio.c.obj
                0x08001958                HAL_GPIO_Init
 .text.HAL_GPIO_WritePin
                0x08001ca8       0x30 CMakeFiles/CtrBoard-H7_UART.elf.dir/Drivers/STM32H7xx_HAL_Driver/Src/stm32h7xx_hal_gpio.c.obj
                0x08001ca8                HAL_GPIO_WritePin
 .text.HAL_PWREx_ConfigSupply
                0x08001cd8       0x74 CMakeFiles/CtrBoard-H7_UART.elf.dir/Drivers/STM32H7xx_HAL_Driver/Src/stm32h7xx_hal_pwr_ex.c.obj
                0x08001cd8                HAL_PWREx_ConfigSupply
 .text.HAL_RCC_OscConfig
                0x08001d4c      0x7b4 CMakeFiles/CtrBoard-H7_UART.elf.dir/Drivers/STM32H7xx_HAL_Driver/Src/stm32h7xx_hal_rcc.c.obj
                0x08001d4c                HAL_RCC_OscConfig
 .text.HAL_RCC_ClockConfig
                0x08002500      0x36c CMakeFiles/CtrBoard-H7_UART.elf.dir/Drivers/STM32H7xx_HAL_Driver/Src/stm32h7xx_hal_rcc.c.obj
                0x08002500                HAL_RCC_ClockConfig
 .text.HAL_RCC_GetSysClockFreq
                0x0800286c      0x348 CMakeFiles/CtrBoard-H7_UART.elf.dir/Drivers/STM32H7xx_HAL_Driver/Src/stm32h7xx_hal_rcc.c.obj
                0x0800286c                HAL_RCC_GetSysClockFreq
 .text.HAL_RCC_GetHCLKFreq
                0x08002bb4       0x60 CMakeFiles/CtrBoard-H7_UART.elf.dir/Drivers/STM32H7xx_HAL_Driver/Src/stm32h7xx_hal_rcc.c.obj
                0x08002bb4                HAL_RCC_GetHCLKFreq
 .text.HAL_RCC_GetPCLK1Freq
                0x08002c14       0x2c CMakeFiles/CtrBoard-H7_UART.elf.dir/Drivers/STM32H7xx_HAL_Driver/Src/stm32h7xx_hal_rcc.c.obj
                0x08002c14                HAL_RCC_GetPCLK1Freq
 .text.HAL_RCC_GetPCLK2Freq
                0x08002c40       0x2c CMakeFiles/CtrBoard-H7_UART.elf.dir/Drivers/STM32H7xx_HAL_Driver/Src/stm32h7xx_hal_rcc.c.obj
                0x08002c40                HAL_RCC_GetPCLK2Freq
 .text.HAL_RCCEx_PeriphCLKConfig
                0x08002c6c     0x1340 CMakeFiles/CtrBoard-H7_UART.elf.dir/Drivers/STM32H7xx_HAL_Driver/Src/stm32h7xx_hal_rcc_ex.c.obj
                0x08002c6c                HAL_RCCEx_PeriphCLKConfig
 .text.HAL_RCCEx_GetD3PCLK1Freq
                0x08003fac       0x2c CMakeFiles/CtrBoard-H7_UART.elf.dir/Drivers/STM32H7xx_HAL_Driver/Src/stm32h7xx_hal_rcc_ex.c.obj
                0x08003fac                HAL_RCCEx_GetD3PCLK1Freq
 .text.HAL_RCCEx_GetPLL2ClockFreq
                0x08003fd8      0x308 CMakeFiles/CtrBoard-H7_UART.elf.dir/Drivers/STM32H7xx_HAL_Driver/Src/stm32h7xx_hal_rcc_ex.c.obj
                0x08003fd8                HAL_RCCEx_GetPLL2ClockFreq
 .text.HAL_RCCEx_GetPLL3ClockFreq
                0x080042e0      0x308 CMakeFiles/CtrBoard-H7_UART.elf.dir/Drivers/STM32H7xx_HAL_Driver/Src/stm32h7xx_hal_rcc_ex.c.obj
                0x080042e0                HAL_RCCEx_GetPLL3ClockFreq
 .text.RCCEx_PLL2_Config
                0x080045e8      0x164 CMakeFiles/CtrBoard-H7_UART.elf.dir/Drivers/STM32H7xx_HAL_Driver/Src/stm32h7xx_hal_rcc_ex.c.obj
 .text.RCCEx_PLL3_Config
                0x0800474c      0x164 CMakeFiles/CtrBoard-H7_UART.elf.dir/Drivers/STM32H7xx_HAL_Driver/Src/stm32h7xx_hal_rcc_ex.c.obj
 .text.HAL_UART_Transmit
                0x080048b0      0x11c CMakeFiles/CtrBoard-H7_UART.elf.dir/Drivers/STM32H7xx_HAL_Driver/Src/stm32h7xx_hal_uart.c.obj
                0x080048b0                HAL_UART_Transmit
 .text.UART_SetConfig
                0x080049cc      0xcdc CMakeFiles/CtrBoard-H7_UART.elf.dir/Drivers/STM32H7xx_HAL_Driver/Src/stm32h7xx_hal_uart.c.obj
                0x080049cc                UART_SetConfig
 .text.UART_AdvFeatureConfig
                0x080056a8      0x142 CMakeFiles/CtrBoard-H7_UART.elf.dir/Drivers/STM32H7xx_HAL_Driver/Src/stm32h7xx_hal_uart.c.obj
                0x080056a8                UART_AdvFeatureConfig
 .text.UART_CheckIdleState
                0x080057ea      0x154 CMakeFiles/CtrBoard-H7_UART.elf.dir/Drivers/STM32H7xx_HAL_Driver/Src/stm32h7xx_hal_uart.c.obj
                0x080057ea                UART_CheckIdleState
 .text.UART_WaitOnFlagUntilTimeout
                0x0800593e       0xce CMakeFiles/CtrBoard-H7_UART.elf.dir/Drivers/STM32H7xx_HAL_Driver/Src/stm32h7xx_hal_uart.c.obj
                0x0800593e                UART_WaitOnFlagUntilTimeout
 .text.UART_EndRxTransfer
                0x08005a0c       0xcc CMakeFiles/CtrBoard-H7_UART.elf.dir/Drivers/STM32H7xx_HAL_Driver/Src/stm32h7xx_hal_uart.c.obj
 .text.HAL_RS485Ex_Init
                0x08005ad8       0xd4 CMakeFiles/CtrBoard-H7_UART.elf.dir/Drivers/STM32H7xx_HAL_Driver/Src/stm32h7xx_hal_uart_ex.c.obj
                0x08005ad8                HAL_RS485Ex_Init
 .text.HAL_UARTEx_DisableFifoMode
                0x08005bac       0x70 CMakeFiles/CtrBoard-H7_UART.elf.dir/Drivers/STM32H7xx_HAL_Driver/Src/stm32h7xx_hal_uart_ex.c.obj
                0x08005bac                HAL_UARTEx_DisableFifoMode
 .text.HAL_UARTEx_SetTxFifoThreshold
                0x08005c1c       0x7c CMakeFiles/CtrBoard-H7_UART.elf.dir/Drivers/STM32H7xx_HAL_Driver/Src/stm32h7xx_hal_uart_ex.c.obj
                0x08005c1c                HAL_UARTEx_SetTxFifoThreshold
 .text.HAL_UARTEx_SetRxFifoThreshold
                0x08005c98       0x7c CMakeFiles/CtrBoard-H7_UART.elf.dir/Drivers/STM32H7xx_HAL_Driver/Src/stm32h7xx_hal_uart_ex.c.obj
                0x08005c98                HAL_UARTEx_SetRxFifoThreshold
 .text.HAL_UARTEx_ReceiveToIdle
                0x08005d14      0x204 CMakeFiles/CtrBoard-H7_UART.elf.dir/Drivers/STM32H7xx_HAL_Driver/Src/stm32h7xx_hal_uart_ex.c.obj
                0x08005d14                HAL_UARTEx_ReceiveToIdle
 .text.UARTEx_SetNbDataToProcess
                0x08005f18       0x98 CMakeFiles/CtrBoard-H7_UART.elf.dir/Drivers/STM32H7xx_HAL_Driver/Src/stm32h7xx_hal_uart_ex.c.obj
 .text.init_example_motor
                0x08005fb0       0x20 CMakeFiles/CtrBoard-H7_UART.elf.dir/User/example/example.c.obj
                0x08005fb0                init_example_motor
 .text.unitree_motor_enable
                0x08005fd0       0x1a CMakeFiles/CtrBoard-H7_UART.elf.dir/User/unitree_motor/unitree_motor.c.obj
                0x08005fd0                unitree_motor_enable
 *fill*         0x08005fea        0x2 
 .text.unitree_motor_register
                0x08005fec       0x9c CMakeFiles/CtrBoard-H7_UART.elf.dir/User/unitree_motor/unitree_motor.c.obj
                0x08005fec                unitree_motor_register
 .text.unitree_motor_control
                0x08006088       0x5c CMakeFiles/CtrBoard-H7_UART.elf.dir/User/unitree_motor/unitree_motor.c.obj
                0x08006088                unitree_motor_control
 .text.__udivmoddi4
                0x080060e4      0x2f8 D:/arm-none/bin/../lib/gcc/arm-none-eabi/14.2.1/thumb/v7e-m/nofp\libgcc.a(_udivmoddi4.o)
                0x080060e4                __udivmoddi4
 .text.malloc   0x080063dc       0x10 D:/arm-none/bin/../lib/gcc/arm-none-eabi/14.2.1/thumb/v7e-m/nofp\libg.a(libc_a-malloc.o)
                0x080063dc                malloc
 .text._malloc_r
                0x080063ec      0x598 D:/arm-none/bin/../lib/gcc/arm-none-eabi/14.2.1/thumb/v7e-m/nofp\libg.a(libc_a-mallocr.o)
                0x080063ec                _malloc_r
 .text.__malloc_lock
                0x08006984        0xc D:/arm-none/bin/../lib/gcc/arm-none-eabi/14.2.1/thumb/v7e-m/nofp\libg.a(libc_a-mlock.o)
                0x08006984                __malloc_lock
 .text.__malloc_unlock
                0x08006990        0xc D:/arm-none/bin/../lib/gcc/arm-none-eabi/14.2.1/thumb/v7e-m/nofp\libg.a(libc_a-mlock.o)
                0x08006990                __malloc_unlock
 .text.memset   0x0800699c       0x9c D:/arm-none/bin/../lib/gcc/arm-none-eabi/14.2.1/thumb/v7e-m/nofp\libg.a(libc_a-memset.o)
                0x0800699c                memset
 .text._sbrk_r  0x08006a38       0x24 D:/arm-none/bin/../lib/gcc/arm-none-eabi/14.2.1/thumb/v7e-m/nofp\libg.a(libc_a-sbrkr.o)
                0x08006a38                _sbrk_r
 .text.__errno  0x08006a5c        0xc D:/arm-none/bin/../lib/gcc/arm-none-eabi/14.2.1/thumb/v7e-m/nofp\libg.a(libc_a-errno.o)
                0x08006a5c                __errno
 .text.__libc_init_array
                0x08006a68       0x50 D:/arm-none/bin/../lib/gcc/arm-none-eabi/14.2.1/thumb/v7e-m/nofp\libg.a(libc_a-init.o)
                0x08006a68                __libc_init_array
 .text.__retarget_lock_acquire_recursive
                0x08006ab8        0x4 D:/arm-none/bin/../lib/gcc/arm-none-eabi/14.2.1/thumb/v7e-m/nofp\libg.a(libc_a-lock.o)
                0x08006ab8                __retarget_lock_acquire_recursive
 .text.__retarget_lock_release_recursive
                0x08006abc        0x4 D:/arm-none/bin/../lib/gcc/arm-none-eabi/14.2.1/thumb/v7e-m/nofp\libg.a(libc_a-lock.o)
                0x08006abc                __retarget_lock_release_recursive
 .text.sysconf  0x08006ac0       0x1c D:/arm-none/bin/../lib/gcc/arm-none-eabi/14.2.1/thumb/v7e-m/nofp\libg.a(libc_a-sysconf.o)
                0x08006ac0                sysconf
 .text.startup.register_fini
                0x08006adc       0x14 D:/arm-none/bin/../lib/gcc/arm-none-eabi/14.2.1/thumb/v7e-m/nofp\libg.a(libc_a-__call_atexit.o)
 .text.atexit   0x08006af0        0xc D:/arm-none/bin/../lib/gcc/arm-none-eabi/14.2.1/thumb/v7e-m/nofp\libg.a(libc_a-atexit.o)
                0x08006af0                atexit
 .text._malloc_trim_r
                0x08006afc       0xb8 D:/arm-none/bin/../lib/gcc/arm-none-eabi/14.2.1/thumb/v7e-m/nofp\libg.a(libc_a-freer.o)
                0x08006afc                _malloc_trim_r
 .text._free_r  0x08006bb4      0x1f0 D:/arm-none/bin/../lib/gcc/arm-none-eabi/14.2.1/thumb/v7e-m/nofp\libg.a(libc_a-freer.o)
                0x08006bb4                _free_r
 .text.__libc_fini_array
                0x08006da4       0x28 D:/arm-none/bin/../lib/gcc/arm-none-eabi/14.2.1/thumb/v7e-m/nofp\libg.a(libc_a-fini.o)
                0x08006da4                __libc_fini_array
 .text.__register_exitproc
                0x08006dcc       0x80 D:/arm-none/bin/../lib/gcc/arm-none-eabi/14.2.1/thumb/v7e-m/nofp\libg.a(libc_a-__atexit.o)
                0x08006dcc                __register_exitproc
 *(.glue_7)
 .glue_7        0x08006e4c        0x0 linker stubs
 *(.glue_7t)
 .glue_7t       0x08006e4c        0x0 linker stubs
 *(.eh_frame)
 .eh_frame      0x08006e4c        0x0 D:/arm-none/bin/../lib/gcc/arm-none-eabi/14.2.1/thumb/v7e-m/nofp/crtbegin.o
 *(.init)
 .init          0x08006e4c        0x4 D:/arm-none/bin/../lib/gcc/arm-none-eabi/14.2.1/thumb/v7e-m/nofp/crti.o
                0x08006e4c                _init
 .init          0x08006e50        0x8 D:/arm-none/bin/../lib/gcc/arm-none-eabi/14.2.1/thumb/v7e-m/nofp/crtn.o
 *(.fini)
 .fini          0x08006e58        0x4 D:/arm-none/bin/../lib/gcc/arm-none-eabi/14.2.1/thumb/v7e-m/nofp/crti.o
                0x08006e58                _fini
 .fini          0x08006e5c        0x8 D:/arm-none/bin/../lib/gcc/arm-none-eabi/14.2.1/thumb/v7e-m/nofp/crtn.o
                0x08006e64                        . = ALIGN (0x4)
                0x08006e64                        _etext = .

.vfp11_veneer   0x08006e64        0x0
 .vfp11_veneer  0x08006e64        0x0 linker stubs

.v4_bx          0x08006e64        0x0
 .v4_bx         0x08006e64        0x0 linker stubs

.iplt           0x08006e64        0x0
 .iplt          0x08006e64        0x0 D:/arm-none/bin/../lib/gcc/arm-none-eabi/14.2.1/thumb/v7e-m/nofp/crtbegin.o

.rodata         0x08006e64      0x238
                0x08006e64                        . = ALIGN (0x4)
 *(.rodata)
 *(.rodata*)
 .rodata.crc_ccitt_table
                0x08006e64      0x200 CMakeFiles/CtrBoard-H7_UART.elf.dir/485driver/GO-M8010-6.c.obj
                0x08006e64                crc_ccitt_table
 .rodata.D1CorePrescTable
                0x08007064       0x10 CMakeFiles/CtrBoard-H7_UART.elf.dir/Core/Src/system_stm32h7xx.c.obj
                0x08007064                D1CorePrescTable
 .rodata.UARTPrescTable
                0x08007074       0x18 CMakeFiles/CtrBoard-H7_UART.elf.dir/Drivers/STM32H7xx_HAL_Driver/Src/stm32h7xx_hal_uart.c.obj
                0x08007074                UARTPrescTable
 .rodata.numerator.1
                0x0800708c        0x8 CMakeFiles/CtrBoard-H7_UART.elf.dir/Drivers/STM32H7xx_HAL_Driver/Src/stm32h7xx_hal_uart_ex.c.obj
 .rodata.denominator.0
                0x08007094        0x8 CMakeFiles/CtrBoard-H7_UART.elf.dir/Drivers/STM32H7xx_HAL_Driver/Src/stm32h7xx_hal_uart_ex.c.obj
                0x0800709c                        . = ALIGN (0x4)

.ARM.extab
 *(.ARM.extab* .gnu.linkonce.armextab.*)

.ARM            0x0800709c        0x8
                0x0800709c                        __exidx_start = .
 *(.ARM.exidx*)
 .ARM.exidx.text.__udivmoddi4
                0x0800709c        0x8 D:/arm-none/bin/../lib/gcc/arm-none-eabi/14.2.1/thumb/v7e-m/nofp\libgcc.a(_udivmoddi4.o)
                0x080070a4                        __exidx_end = .

.preinit_array  0x080070a4        0x0
                0x080070a4                        PROVIDE (__preinit_array_start = .)
 *(.preinit_array*)
                0x080070a4                        PROVIDE (__preinit_array_end = .)

.init_array     0x080070a4        0x8
                0x080070a4                        PROVIDE (__init_array_start = .)
 *(SORT_BY_NAME(.init_array.*))
 .init_array.00000
                0x080070a4        0x4 D:/arm-none/bin/../lib/gcc/arm-none-eabi/14.2.1/thumb/v7e-m/nofp\libg.a(libc_a-__call_atexit.o)
 *(.init_array*)
 .init_array    0x080070a8        0x4 D:/arm-none/bin/../lib/gcc/arm-none-eabi/14.2.1/thumb/v7e-m/nofp/crtbegin.o
                0x080070ac                        PROVIDE (__init_array_end = .)

.fini_array     0x080070ac        0x4
                0x080070ac                        PROVIDE (__fini_array_start = .)
 *(SORT_BY_NAME(.fini_array.*))
 *(.fini_array*)
 .fini_array    0x080070ac        0x4 D:/arm-none/bin/../lib/gcc/arm-none-eabi/14.2.1/thumb/v7e-m/nofp/crtbegin.o
                0x080070b0                        PROVIDE (__fini_array_end = .)
                0x080070b0                        _sidata = LOADADDR (.data)

.rel.dyn        0x080070b0        0x0
 .rel.iplt      0x080070b0        0x0 D:/arm-none/bin/../lib/gcc/arm-none-eabi/14.2.1/thumb/v7e-m/nofp/crtbegin.o

.data           0x24000000      0x5fc load address 0x080070b0
                0x24000000                        . = ALIGN (0x4)
                0x24000000                        _sdata = .
 *(.data)
 *(.data*)
 .data.SystemCoreClock
                0x24000000        0x4 CMakeFiles/CtrBoard-H7_UART.elf.dir/Core/Src/system_stm32h7xx.c.obj
                0x24000000                SystemCoreClock
 .data.SystemD2Clock
                0x24000004        0x4 CMakeFiles/CtrBoard-H7_UART.elf.dir/Core/Src/system_stm32h7xx.c.obj
                0x24000004                SystemD2Clock
 .data.uwTickPrio
                0x24000008        0x4 CMakeFiles/CtrBoard-H7_UART.elf.dir/Drivers/STM32H7xx_HAL_Driver/Src/stm32h7xx_hal.c.obj
                0x24000008                uwTickPrio
 .data.uwTickFreq
                0x2400000c        0x1 CMakeFiles/CtrBoard-H7_UART.elf.dir/Drivers/STM32H7xx_HAL_Driver/Src/stm32h7xx_hal.c.obj
                0x2400000c                uwTickFreq
 *fill*         0x2400000d        0x3 
 .data.example_motor_config
                0x24000010       0x90 CMakeFiles/CtrBoard-H7_UART.elf.dir/User/example/example.c.obj
                0x24000010                example_motor_config
 .data.__malloc_sbrk_base
                0x240000a0        0x4 D:/arm-none/bin/../lib/gcc/arm-none-eabi/14.2.1/thumb/v7e-m/nofp\libg.a(libc_a-mallocr.o)
                0x240000a0                __malloc_sbrk_base
 .data.__malloc_trim_threshold
                0x240000a4        0x4 D:/arm-none/bin/../lib/gcc/arm-none-eabi/14.2.1/thumb/v7e-m/nofp\libg.a(libc_a-mallocr.o)
                0x240000a4                __malloc_trim_threshold
 .data.__malloc_av_
                0x240000a8      0x408 D:/arm-none/bin/../lib/gcc/arm-none-eabi/14.2.1/thumb/v7e-m/nofp\libg.a(libc_a-mallocr.o)
                0x240000a8                __malloc_av_
 .data._impure_ptr
                0x240004b0        0x4 D:/arm-none/bin/../lib/gcc/arm-none-eabi/14.2.1/thumb/v7e-m/nofp\libg.a(libc_a-impure.o)
                0x240004b0                _impure_ptr
 *fill*         0x240004b4        0x4 
 .data._impure_data
                0x240004b8      0x140 D:/arm-none/bin/../lib/gcc/arm-none-eabi/14.2.1/thumb/v7e-m/nofp\libg.a(libc_a-impure.o)
                0x240004b8                _impure_data
 .data.__atexit_recursive_mutex
                0x240005f8        0x4 D:/arm-none/bin/../lib/gcc/arm-none-eabi/14.2.1/thumb/v7e-m/nofp\libg.a(libc_a-__call_atexit.o)
                0x240005f8                __atexit_recursive_mutex
 *(.RamFunc)
 *(.RamFunc*)
                0x240005fc                        . = ALIGN (0x4)
                0x240005fc                        _edata = .

.tm_clone_table
                0x240005fc        0x0 load address 0x080076ac
 .tm_clone_table
                0x240005fc        0x0 D:/arm-none/bin/../lib/gcc/arm-none-eabi/14.2.1/thumb/v7e-m/nofp/crtbegin.o
 .tm_clone_table
                0x240005fc        0x0 D:/arm-none/bin/../lib/gcc/arm-none-eabi/14.2.1/thumb/v7e-m/nofp/crtend.o

.igot.plt       0x240005fc        0x0 load address 0x080076ac
 .igot.plt      0x240005fc        0x0 D:/arm-none/bin/../lib/gcc/arm-none-eabi/14.2.1/thumb/v7e-m/nofp/crtbegin.o
                0x240005fc                        . = ALIGN (0x4)

.bss            0x240005fc      0x484 load address 0x080076ac
                0x240005fc                        _sbss = .
                0x240005fc                        __bss_start__ = _sbss
 *(.bss)
 *(.bss*)
 .bss.completed.1
                0x240005fc        0x1 D:/arm-none/bin/../lib/gcc/arm-none-eabi/14.2.1/thumb/v7e-m/nofp/crtbegin.o
 *fill*         0x240005fd        0x3 
 .bss.object.0  0x24000600       0x18 D:/arm-none/bin/../lib/gcc/arm-none-eabi/14.2.1/thumb/v7e-m/nofp/crtbegin.o
 .bss.a         0x24000618        0x4 CMakeFiles/CtrBoard-H7_UART.elf.dir/Core/Src/main.c.obj
                0x24000618                a
 .bss.__sbrk_heap_end
                0x2400061c        0x4 CMakeFiles/CtrBoard-H7_UART.elf.dir/Core/Src/sysmem.c.obj
 .bss.huart2    0x24000620       0x94 CMakeFiles/CtrBoard-H7_UART.elf.dir/Core/Src/usart.c.obj
                0x24000620                huart2
 .bss.huart3    0x240006b4       0x94 CMakeFiles/CtrBoard-H7_UART.elf.dir/Core/Src/usart.c.obj
                0x240006b4                huart3
 .bss.uwTick    0x24000748        0x4 CMakeFiles/CtrBoard-H7_UART.elf.dir/Drivers/STM32H7xx_HAL_Driver/Src/stm32h7xx_hal.c.obj
                0x24000748                uwTick
 .bss.example_motor_object
                0x2400074c        0x4 CMakeFiles/CtrBoard-H7_UART.elf.dir/User/example/example.c.obj
                0x2400074c                example_motor_object
 .bss.idx       0x24000750        0x1 CMakeFiles/CtrBoard-H7_UART.elf.dir/User/unitree_motor/unitree_motor.c.obj
 *fill*         0x24000751        0x3 
 .bss.unitree_motor_obj
                0x24000754       0x20 CMakeFiles/CtrBoard-H7_UART.elf.dir/User/unitree_motor/unitree_motor.c.obj
 .bss.__malloc_current_mallinfo
                0x24000774       0x28 D:/arm-none/bin/../lib/gcc/arm-none-eabi/14.2.1/thumb/v7e-m/nofp\libg.a(libc_a-mallocr.o)
                0x24000774                __malloc_current_mallinfo
 .bss.__malloc_max_total_mem
                0x2400079c        0x4 D:/arm-none/bin/../lib/gcc/arm-none-eabi/14.2.1/thumb/v7e-m/nofp\libg.a(libc_a-mallocr.o)
                0x2400079c                __malloc_max_total_mem
 .bss.__malloc_max_sbrked_mem
                0x240007a0        0x4 D:/arm-none/bin/../lib/gcc/arm-none-eabi/14.2.1/thumb/v7e-m/nofp\libg.a(libc_a-mallocr.o)
                0x240007a0                __malloc_max_sbrked_mem
 .bss.__malloc_top_pad
                0x240007a4        0x4 D:/arm-none/bin/../lib/gcc/arm-none-eabi/14.2.1/thumb/v7e-m/nofp\libg.a(libc_a-mallocr.o)
                0x240007a4                __malloc_top_pad
 .bss.__sf      0x240007a8      0x138 D:/arm-none/bin/../lib/gcc/arm-none-eabi/14.2.1/thumb/v7e-m/nofp\libg.a(libc_a-findfp.o)
                0x240007a8                __sf
 .bss.errno     0x240008e0        0x4 D:/arm-none/bin/../lib/gcc/arm-none-eabi/14.2.1/thumb/v7e-m/nofp\libg.a(libc_a-reent.o)
                0x240008e0                errno
 .bss.__lock___malloc_recursive_mutex
                0x240008e4        0x1 D:/arm-none/bin/../lib/gcc/arm-none-eabi/14.2.1/thumb/v7e-m/nofp\libg.a(libc_a-lock.o)
                0x240008e4                __lock___malloc_recursive_mutex
 *fill*         0x240008e5        0x3 
 .bss.__lock___atexit_recursive_mutex
                0x240008e8        0x1 D:/arm-none/bin/../lib/gcc/arm-none-eabi/14.2.1/thumb/v7e-m/nofp\libg.a(libc_a-lock.o)
                0x240008e8                __lock___atexit_recursive_mutex
 *fill*         0x240008e9        0x3 
 .bss.__atexit  0x240008ec        0x4 D:/arm-none/bin/../lib/gcc/arm-none-eabi/14.2.1/thumb/v7e-m/nofp\libg.a(libc_a-__call_atexit.o)
                0x240008ec                __atexit
 .bss.__atexit0
                0x240008f0      0x190 D:/arm-none/bin/../lib/gcc/arm-none-eabi/14.2.1/thumb/v7e-m/nofp\libg.a(libc_a-__atexit.o)
                0x240008f0                __atexit0
 *(COMMON)
                0x24000a80                        . = ALIGN (0x4)
                0x24000a80                        _ebss = .
                0x24000a80                        __bss_end__ = _ebss

._user_heap_stack
                0x24000a80      0x600 load address 0x080076ac
                0x24000a80                        . = ALIGN (0x8)
                [!provide]                        PROVIDE (end = .)
                0x24000a80                        PROVIDE (_end = .)
                0x24000c80                        . = (. + _Min_Heap_Size)
 *fill*         0x24000a80      0x200 
                0x24001080                        . = (. + _Min_Stack_Size)
 *fill*         0x24000c80      0x400 
                0x24001080                        . = ALIGN (0x8)

/DISCARD/
 libc.a(*)
 libm.a(*)
 libgcc.a(*)

.ARM.attributes
                0x00000000       0x2a
 *(.ARM.attributes)
 .ARM.attributes
                0x00000000       0x1e D:/arm-none/bin/../lib/gcc/arm-none-eabi/14.2.1/thumb/v7e-m/nofp/crti.o
 .ARM.attributes
                0x0000001e       0x2e D:/arm-none/bin/../lib/gcc/arm-none-eabi/14.2.1/thumb/v7e-m/nofp/crtbegin.o
 .ARM.attributes
                0x0000004c       0x2e CMakeFiles/CtrBoard-H7_UART.elf.dir/485driver/GO-M8010-6.c.obj
 .ARM.attributes
                0x0000007a       0x2e CMakeFiles/CtrBoard-H7_UART.elf.dir/Core/Src/gpio.c.obj
 .ARM.attributes
                0x000000a8       0x2e CMakeFiles/CtrBoard-H7_UART.elf.dir/Core/Src/main.c.obj
 .ARM.attributes
                0x000000d6       0x2e CMakeFiles/CtrBoard-H7_UART.elf.dir/Core/Src/stm32h7xx_hal_msp.c.obj
 .ARM.attributes
                0x00000104       0x2e CMakeFiles/CtrBoard-H7_UART.elf.dir/Core/Src/stm32h7xx_it.c.obj
 .ARM.attributes
                0x00000132       0x2e CMakeFiles/CtrBoard-H7_UART.elf.dir/Core/Src/sysmem.c.obj
 .ARM.attributes
                0x00000160       0x2e CMakeFiles/CtrBoard-H7_UART.elf.dir/Core/Src/system_stm32h7xx.c.obj
 .ARM.attributes
                0x0000018e       0x2e CMakeFiles/CtrBoard-H7_UART.elf.dir/Core/Src/usart.c.obj
 .ARM.attributes
                0x000001bc       0x21 CMakeFiles/CtrBoard-H7_UART.elf.dir/Core/Startup/startup_stm32h723vgtx.s.obj
 .ARM.attributes
                0x000001dd       0x2e CMakeFiles/CtrBoard-H7_UART.elf.dir/Drivers/STM32H7xx_HAL_Driver/Src/stm32h7xx_hal.c.obj
 .ARM.attributes
                0x0000020b       0x2e CMakeFiles/CtrBoard-H7_UART.elf.dir/Drivers/STM32H7xx_HAL_Driver/Src/stm32h7xx_hal_cortex.c.obj
 .ARM.attributes
                0x00000239       0x2e CMakeFiles/CtrBoard-H7_UART.elf.dir/Drivers/STM32H7xx_HAL_Driver/Src/stm32h7xx_hal_gpio.c.obj
 .ARM.attributes
                0x00000267       0x2e CMakeFiles/CtrBoard-H7_UART.elf.dir/Drivers/STM32H7xx_HAL_Driver/Src/stm32h7xx_hal_pwr_ex.c.obj
 .ARM.attributes
                0x00000295       0x2e CMakeFiles/CtrBoard-H7_UART.elf.dir/Drivers/STM32H7xx_HAL_Driver/Src/stm32h7xx_hal_rcc.c.obj
 .ARM.attributes
                0x000002c3       0x2e CMakeFiles/CtrBoard-H7_UART.elf.dir/Drivers/STM32H7xx_HAL_Driver/Src/stm32h7xx_hal_rcc_ex.c.obj
 .ARM.attributes
                0x000002f1       0x2e CMakeFiles/CtrBoard-H7_UART.elf.dir/Drivers/STM32H7xx_HAL_Driver/Src/stm32h7xx_hal_uart.c.obj
 .ARM.attributes
                0x0000031f       0x2e CMakeFiles/CtrBoard-H7_UART.elf.dir/Drivers/STM32H7xx_HAL_Driver/Src/stm32h7xx_hal_uart_ex.c.obj
 .ARM.attributes
                0x0000034d       0x2e CMakeFiles/CtrBoard-H7_UART.elf.dir/User/example/example.c.obj
 .ARM.attributes
                0x0000037b       0x2e CMakeFiles/CtrBoard-H7_UART.elf.dir/User/unitree_motor/unitree_motor.c.obj
 .ARM.attributes
                0x000003a9       0x1e D:/arm-none/bin/../lib/gcc/arm-none-eabi/14.2.1/thumb/v7e-m/nofp\libgcc.a(_arm_addsubsf3.o)
 .ARM.attributes
                0x000003c7       0x1e D:/arm-none/bin/../lib/gcc/arm-none-eabi/14.2.1/thumb/v7e-m/nofp\libgcc.a(_arm_muldivsf3.o)
 .ARM.attributes
                0x000003e5       0x1e D:/arm-none/bin/../lib/gcc/arm-none-eabi/14.2.1/thumb/v7e-m/nofp\libgcc.a(_arm_cmpsf2.o)
 .ARM.attributes
                0x00000403       0x1e D:/arm-none/bin/../lib/gcc/arm-none-eabi/14.2.1/thumb/v7e-m/nofp\libgcc.a(_arm_fixsfsi.o)
 .ARM.attributes
                0x00000421       0x1e D:/arm-none/bin/../lib/gcc/arm-none-eabi/14.2.1/thumb/v7e-m/nofp\libgcc.a(_arm_fixunssfsi.o)
 .ARM.attributes
                0x0000043f       0x1e D:/arm-none/bin/../lib/gcc/arm-none-eabi/14.2.1/thumb/v7e-m/nofp\libgcc.a(_aeabi_uldivmod.o)
 .ARM.attributes
                0x0000045d       0x2e D:/arm-none/bin/../lib/gcc/arm-none-eabi/14.2.1/thumb/v7e-m/nofp\libgcc.a(_udivmoddi4.o)
 .ARM.attributes
                0x0000048b       0x1e D:/arm-none/bin/../lib/gcc/arm-none-eabi/14.2.1/thumb/v7e-m/nofp\libgcc.a(_dvmd_tls.o)
 .ARM.attributes
                0x000004a9       0x2e D:/arm-none/bin/../lib/gcc/arm-none-eabi/14.2.1/thumb/v7e-m/nofp\libg.a(libc_a-malloc.o)
 .ARM.attributes
                0x000004d7       0x2e D:/arm-none/bin/../lib/gcc/arm-none-eabi/14.2.1/thumb/v7e-m/nofp\libg.a(libc_a-mallocr.o)
 .ARM.attributes
                0x00000505       0x2e D:/arm-none/bin/../lib/gcc/arm-none-eabi/14.2.1/thumb/v7e-m/nofp\libg.a(libc_a-mlock.o)
 .ARM.attributes
                0x00000533       0x2e D:/arm-none/bin/../lib/gcc/arm-none-eabi/14.2.1/thumb/v7e-m/nofp\libg.a(libc_a-findfp.o)
 .ARM.attributes
                0x00000561       0x2e D:/arm-none/bin/../lib/gcc/arm-none-eabi/14.2.1/thumb/v7e-m/nofp\libg.a(libc_a-memset.o)
 .ARM.attributes
                0x0000058f       0x2e D:/arm-none/bin/../lib/gcc/arm-none-eabi/14.2.1/thumb/v7e-m/nofp\libg.a(libc_a-reent.o)
 .ARM.attributes
                0x000005bd       0x2e D:/arm-none/bin/../lib/gcc/arm-none-eabi/14.2.1/thumb/v7e-m/nofp\libg.a(libc_a-impure.o)
 .ARM.attributes
                0x000005eb       0x2e D:/arm-none/bin/../lib/gcc/arm-none-eabi/14.2.1/thumb/v7e-m/nofp\libg.a(libc_a-sbrkr.o)
 .ARM.attributes
                0x00000619       0x2e D:/arm-none/bin/../lib/gcc/arm-none-eabi/14.2.1/thumb/v7e-m/nofp\libg.a(libc_a-errno.o)
 .ARM.attributes
                0x00000647       0x2e D:/arm-none/bin/../lib/gcc/arm-none-eabi/14.2.1/thumb/v7e-m/nofp\libg.a(libc_a-init.o)
 .ARM.attributes
                0x00000675       0x2e D:/arm-none/bin/../lib/gcc/arm-none-eabi/14.2.1/thumb/v7e-m/nofp\libg.a(libc_a-lock.o)
 .ARM.attributes
                0x000006a3       0x2e D:/arm-none/bin/../lib/gcc/arm-none-eabi/14.2.1/thumb/v7e-m/nofp\libg.a(libc_a-sysconf.o)
 .ARM.attributes
                0x000006d1       0x2e D:/arm-none/bin/../lib/gcc/arm-none-eabi/14.2.1/thumb/v7e-m/nofp\libg.a(libc_a-__call_atexit.o)
 .ARM.attributes
                0x000006ff       0x2e D:/arm-none/bin/../lib/gcc/arm-none-eabi/14.2.1/thumb/v7e-m/nofp\libg.a(libc_a-atexit.o)
 .ARM.attributes
                0x0000072d       0x2e D:/arm-none/bin/../lib/gcc/arm-none-eabi/14.2.1/thumb/v7e-m/nofp\libg.a(libc_a-freer.o)
 .ARM.attributes
                0x0000075b       0x2e D:/arm-none/bin/../lib/gcc/arm-none-eabi/14.2.1/thumb/v7e-m/nofp\libg.a(libc_a-fini.o)
 .ARM.attributes
                0x00000789       0x2e D:/arm-none/bin/../lib/gcc/arm-none-eabi/14.2.1/thumb/v7e-m/nofp\libg.a(libc_a-__atexit.o)
 .ARM.attributes
                0x000007b7       0x2e D:/arm-none/bin/../lib/gcc/arm-none-eabi/14.2.1/thumb/v7e-m/nofp/crtend.o
 .ARM.attributes
                0x000007e5       0x1e D:/arm-none/bin/../lib/gcc/arm-none-eabi/14.2.1/thumb/v7e-m/nofp/crtn.o
OUTPUT(CtrBoard-H7_UART.elf elf32-littlearm)
LOAD linker stubs
LOAD D:/arm-none/bin/../lib/gcc/arm-none-eabi/14.2.1/thumb/v7e-m/nofp\libc.a
LOAD D:/arm-none/bin/../lib/gcc/arm-none-eabi/14.2.1/thumb/v7e-m/nofp\libm.a
LOAD D:/arm-none/bin/../lib/gcc/arm-none-eabi/14.2.1/thumb/v7e-m/nofp\libgcc.a

.debug_info     0x00000000    0x10b9f
 .debug_info    0x00000000      0xe94 CMakeFiles/CtrBoard-H7_UART.elf.dir/485driver/GO-M8010-6.c.obj
 .debug_info    0x00000e94      0x67c CMakeFiles/CtrBoard-H7_UART.elf.dir/Core/Src/gpio.c.obj
 .debug_info    0x00001510      0x48d CMakeFiles/CtrBoard-H7_UART.elf.dir/Core/Src/main.c.obj
 .debug_info    0x0000199d      0x4a4 CMakeFiles/CtrBoard-H7_UART.elf.dir/Core/Src/stm32h7xx_hal_msp.c.obj
 .debug_info    0x00001e41      0x137 CMakeFiles/CtrBoard-H7_UART.elf.dir/Core/Src/stm32h7xx_it.c.obj
 .debug_info    0x00001f78      0x171 CMakeFiles/CtrBoard-H7_UART.elf.dir/Core/Src/sysmem.c.obj
 .debug_info    0x000020e9      0x7ab CMakeFiles/CtrBoard-H7_UART.elf.dir/Core/Src/system_stm32h7xx.c.obj
 .debug_info    0x00002894     0x1184 CMakeFiles/CtrBoard-H7_UART.elf.dir/Core/Src/usart.c.obj
 .debug_info    0x00003a18       0x2f CMakeFiles/CtrBoard-H7_UART.elf.dir/Core/Startup/startup_stm32h723vgtx.s.obj
 .debug_info    0x00003a47     0x1746 CMakeFiles/CtrBoard-H7_UART.elf.dir/Drivers/STM32H7xx_HAL_Driver/Src/stm32h7xx_hal.c.obj
 .debug_info    0x0000518d     0x1161 CMakeFiles/CtrBoard-H7_UART.elf.dir/Drivers/STM32H7xx_HAL_Driver/Src/stm32h7xx_hal_cortex.c.obj
 .debug_info    0x000062ee      0xd37 CMakeFiles/CtrBoard-H7_UART.elf.dir/Drivers/STM32H7xx_HAL_Driver/Src/stm32h7xx_hal_gpio.c.obj
 .debug_info    0x00007025      0xe71 CMakeFiles/CtrBoard-H7_UART.elf.dir/Drivers/STM32H7xx_HAL_Driver/Src/stm32h7xx_hal_pwr_ex.c.obj
 .debug_info    0x00007e96      0xe4a CMakeFiles/CtrBoard-H7_UART.elf.dir/Drivers/STM32H7xx_HAL_Driver/Src/stm32h7xx_hal_rcc.c.obj
 .debug_info    0x00008ce0     0x12be CMakeFiles/CtrBoard-H7_UART.elf.dir/Drivers/STM32H7xx_HAL_Driver/Src/stm32h7xx_hal_rcc_ex.c.obj
 .debug_info    0x00009f9e     0x4dca CMakeFiles/CtrBoard-H7_UART.elf.dir/Drivers/STM32H7xx_HAL_Driver/Src/stm32h7xx_hal_uart.c.obj
 .debug_info    0x0000ed68     0x105a CMakeFiles/CtrBoard-H7_UART.elf.dir/Drivers/STM32H7xx_HAL_Driver/Src/stm32h7xx_hal_uart_ex.c.obj
 .debug_info    0x0000fdc2      0x666 CMakeFiles/CtrBoard-H7_UART.elf.dir/User/example/example.c.obj
 .debug_info    0x00010428      0x777 CMakeFiles/CtrBoard-H7_UART.elf.dir/User/unitree_motor/unitree_motor.c.obj

.debug_abbrev   0x00000000     0x237c
 .debug_abbrev  0x00000000      0x27e CMakeFiles/CtrBoard-H7_UART.elf.dir/485driver/GO-M8010-6.c.obj
 .debug_abbrev  0x0000027e      0x14a CMakeFiles/CtrBoard-H7_UART.elf.dir/Core/Src/gpio.c.obj
 .debug_abbrev  0x000003c8      0x1ef CMakeFiles/CtrBoard-H7_UART.elf.dir/Core/Src/main.c.obj
 .debug_abbrev  0x000005b7       0xda CMakeFiles/CtrBoard-H7_UART.elf.dir/Core/Src/stm32h7xx_hal_msp.c.obj
 .debug_abbrev  0x00000691       0x74 CMakeFiles/CtrBoard-H7_UART.elf.dir/Core/Src/stm32h7xx_it.c.obj
 .debug_abbrev  0x00000705       0xbb CMakeFiles/CtrBoard-H7_UART.elf.dir/Core/Src/sysmem.c.obj
 .debug_abbrev  0x000007c0      0x136 CMakeFiles/CtrBoard-H7_UART.elf.dir/Core/Src/system_stm32h7xx.c.obj
 .debug_abbrev  0x000008f6      0x233 CMakeFiles/CtrBoard-H7_UART.elf.dir/Core/Src/usart.c.obj
 .debug_abbrev  0x00000b29       0x24 CMakeFiles/CtrBoard-H7_UART.elf.dir/Core/Startup/startup_stm32h723vgtx.s.obj
 .debug_abbrev  0x00000b4d      0x292 CMakeFiles/CtrBoard-H7_UART.elf.dir/Drivers/STM32H7xx_HAL_Driver/Src/stm32h7xx_hal.c.obj
 .debug_abbrev  0x00000ddf      0x329 CMakeFiles/CtrBoard-H7_UART.elf.dir/Drivers/STM32H7xx_HAL_Driver/Src/stm32h7xx_hal_cortex.c.obj
 .debug_abbrev  0x00001108      0x1ec CMakeFiles/CtrBoard-H7_UART.elf.dir/Drivers/STM32H7xx_HAL_Driver/Src/stm32h7xx_hal_gpio.c.obj
 .debug_abbrev  0x000012f4      0x27e CMakeFiles/CtrBoard-H7_UART.elf.dir/Drivers/STM32H7xx_HAL_Driver/Src/stm32h7xx_hal_pwr_ex.c.obj
 .debug_abbrev  0x00001572      0x289 CMakeFiles/CtrBoard-H7_UART.elf.dir/Drivers/STM32H7xx_HAL_Driver/Src/stm32h7xx_hal_rcc.c.obj
 .debug_abbrev  0x000017fb      0x25c CMakeFiles/CtrBoard-H7_UART.elf.dir/Drivers/STM32H7xx_HAL_Driver/Src/stm32h7xx_hal_rcc_ex.c.obj
 .debug_abbrev  0x00001a57      0x325 CMakeFiles/CtrBoard-H7_UART.elf.dir/Drivers/STM32H7xx_HAL_Driver/Src/stm32h7xx_hal_uart.c.obj
 .debug_abbrev  0x00001d7c      0x2bd CMakeFiles/CtrBoard-H7_UART.elf.dir/Drivers/STM32H7xx_HAL_Driver/Src/stm32h7xx_hal_uart_ex.c.obj
 .debug_abbrev  0x00002039      0x162 CMakeFiles/CtrBoard-H7_UART.elf.dir/User/example/example.c.obj
 .debug_abbrev  0x0000219b      0x1e1 CMakeFiles/CtrBoard-H7_UART.elf.dir/User/unitree_motor/unitree_motor.c.obj

.debug_aranges  0x00000000      0xb08
 .debug_aranges
                0x00000000       0x40 CMakeFiles/CtrBoard-H7_UART.elf.dir/485driver/GO-M8010-6.c.obj
 .debug_aranges
                0x00000040       0x20 CMakeFiles/CtrBoard-H7_UART.elf.dir/Core/Src/gpio.c.obj
 .debug_aranges
                0x00000060       0x30 CMakeFiles/CtrBoard-H7_UART.elf.dir/Core/Src/main.c.obj
 .debug_aranges
                0x00000090       0x20 CMakeFiles/CtrBoard-H7_UART.elf.dir/Core/Src/stm32h7xx_hal_msp.c.obj
 .debug_aranges
                0x000000b0       0x60 CMakeFiles/CtrBoard-H7_UART.elf.dir/Core/Src/stm32h7xx_it.c.obj
 .debug_aranges
                0x00000110       0x20 CMakeFiles/CtrBoard-H7_UART.elf.dir/Core/Src/sysmem.c.obj
 .debug_aranges
                0x00000130       0x28 CMakeFiles/CtrBoard-H7_UART.elf.dir/Core/Src/system_stm32h7xx.c.obj
 .debug_aranges
                0x00000158       0x38 CMakeFiles/CtrBoard-H7_UART.elf.dir/Core/Src/usart.c.obj
 .debug_aranges
                0x00000190       0x28 CMakeFiles/CtrBoard-H7_UART.elf.dir/Core/Startup/startup_stm32h723vgtx.s.obj
 .debug_aranges
                0x000001b8      0x1c8 CMakeFiles/CtrBoard-H7_UART.elf.dir/Drivers/STM32H7xx_HAL_Driver/Src/stm32h7xx_hal.c.obj
 .debug_aranges
                0x00000380      0x120 CMakeFiles/CtrBoard-H7_UART.elf.dir/Drivers/STM32H7xx_HAL_Driver/Src/stm32h7xx_hal_cortex.c.obj
 .debug_aranges
                0x000004a0       0x58 CMakeFiles/CtrBoard-H7_UART.elf.dir/Drivers/STM32H7xx_HAL_Driver/Src/stm32h7xx_hal_gpio.c.obj
 .debug_aranges
                0x000004f8      0x148 CMakeFiles/CtrBoard-H7_UART.elf.dir/Drivers/STM32H7xx_HAL_Driver/Src/stm32h7xx_hal_pwr_ex.c.obj
 .debug_aranges
                0x00000640       0x88 CMakeFiles/CtrBoard-H7_UART.elf.dir/Drivers/STM32H7xx_HAL_Driver/Src/stm32h7xx_hal_rcc.c.obj
 .debug_aranges
                0x000006c8       0xf8 CMakeFiles/CtrBoard-H7_UART.elf.dir/Drivers/STM32H7xx_HAL_Driver/Src/stm32h7xx_hal_rcc_ex.c.obj
 .debug_aranges
                0x000007c0      0x248 CMakeFiles/CtrBoard-H7_UART.elf.dir/Drivers/STM32H7xx_HAL_Driver/Src/stm32h7xx_hal_uart.c.obj
 .debug_aranges
                0x00000a08       0xa8 CMakeFiles/CtrBoard-H7_UART.elf.dir/Drivers/STM32H7xx_HAL_Driver/Src/stm32h7xx_hal_uart_ex.c.obj
 .debug_aranges
                0x00000ab0       0x20 CMakeFiles/CtrBoard-H7_UART.elf.dir/User/example/example.c.obj
 .debug_aranges
                0x00000ad0       0x38 CMakeFiles/CtrBoard-H7_UART.elf.dir/User/unitree_motor/unitree_motor.c.obj

.debug_ranges   0x00000000      0xa10
 .debug_ranges  0x00000000       0x30 CMakeFiles/CtrBoard-H7_UART.elf.dir/485driver/GO-M8010-6.c.obj
 .debug_ranges  0x00000030       0x10 CMakeFiles/CtrBoard-H7_UART.elf.dir/Core/Src/gpio.c.obj
 .debug_ranges  0x00000040       0x20 CMakeFiles/CtrBoard-H7_UART.elf.dir/Core/Src/main.c.obj
 .debug_ranges  0x00000060       0x10 CMakeFiles/CtrBoard-H7_UART.elf.dir/Core/Src/stm32h7xx_hal_msp.c.obj
 .debug_ranges  0x00000070       0x50 CMakeFiles/CtrBoard-H7_UART.elf.dir/Core/Src/stm32h7xx_it.c.obj
 .debug_ranges  0x000000c0       0x10 CMakeFiles/CtrBoard-H7_UART.elf.dir/Core/Src/sysmem.c.obj
 .debug_ranges  0x000000d0       0x18 CMakeFiles/CtrBoard-H7_UART.elf.dir/Core/Src/system_stm32h7xx.c.obj
 .debug_ranges  0x000000e8       0x28 CMakeFiles/CtrBoard-H7_UART.elf.dir/Core/Src/usart.c.obj
 .debug_ranges  0x00000110       0x20 CMakeFiles/CtrBoard-H7_UART.elf.dir/Core/Startup/startup_stm32h723vgtx.s.obj
 .debug_ranges  0x00000130      0x1b8 CMakeFiles/CtrBoard-H7_UART.elf.dir/Drivers/STM32H7xx_HAL_Driver/Src/stm32h7xx_hal.c.obj
 .debug_ranges  0x000002e8      0x110 CMakeFiles/CtrBoard-H7_UART.elf.dir/Drivers/STM32H7xx_HAL_Driver/Src/stm32h7xx_hal_cortex.c.obj
 .debug_ranges  0x000003f8       0x48 CMakeFiles/CtrBoard-H7_UART.elf.dir/Drivers/STM32H7xx_HAL_Driver/Src/stm32h7xx_hal_gpio.c.obj
 .debug_ranges  0x00000440      0x138 CMakeFiles/CtrBoard-H7_UART.elf.dir/Drivers/STM32H7xx_HAL_Driver/Src/stm32h7xx_hal_pwr_ex.c.obj
 .debug_ranges  0x00000578       0x78 CMakeFiles/CtrBoard-H7_UART.elf.dir/Drivers/STM32H7xx_HAL_Driver/Src/stm32h7xx_hal_rcc.c.obj
 .debug_ranges  0x000005f0       0xe8 CMakeFiles/CtrBoard-H7_UART.elf.dir/Drivers/STM32H7xx_HAL_Driver/Src/stm32h7xx_hal_rcc_ex.c.obj
 .debug_ranges  0x000006d8      0x268 CMakeFiles/CtrBoard-H7_UART.elf.dir/Drivers/STM32H7xx_HAL_Driver/Src/stm32h7xx_hal_uart.c.obj
 .debug_ranges  0x00000940       0x98 CMakeFiles/CtrBoard-H7_UART.elf.dir/Drivers/STM32H7xx_HAL_Driver/Src/stm32h7xx_hal_uart_ex.c.obj
 .debug_ranges  0x000009d8       0x10 CMakeFiles/CtrBoard-H7_UART.elf.dir/User/example/example.c.obj
 .debug_ranges  0x000009e8       0x28 CMakeFiles/CtrBoard-H7_UART.elf.dir/User/unitree_motor/unitree_motor.c.obj

.debug_macro    0x00000000    0x3241b
 .debug_macro   0x00000000      0x2ff CMakeFiles/CtrBoard-H7_UART.elf.dir/485driver/GO-M8010-6.c.obj
 .debug_macro   0x000002ff      0xacc CMakeFiles/CtrBoard-H7_UART.elf.dir/485driver/GO-M8010-6.c.obj
 .debug_macro   0x00000dcb      0x232 CMakeFiles/CtrBoard-H7_UART.elf.dir/485driver/GO-M8010-6.c.obj
 .debug_macro   0x00000ffd       0x2e CMakeFiles/CtrBoard-H7_UART.elf.dir/485driver/GO-M8010-6.c.obj
 .debug_macro   0x0000102b       0x3b CMakeFiles/CtrBoard-H7_UART.elf.dir/485driver/GO-M8010-6.c.obj
 .debug_macro   0x00001066       0x22 CMakeFiles/CtrBoard-H7_UART.elf.dir/485driver/GO-M8010-6.c.obj
 .debug_macro   0x00001088       0x8e CMakeFiles/CtrBoard-H7_UART.elf.dir/485driver/GO-M8010-6.c.obj
 .debug_macro   0x00001116       0x51 CMakeFiles/CtrBoard-H7_UART.elf.dir/485driver/GO-M8010-6.c.obj
 .debug_macro   0x00001167      0x103 CMakeFiles/CtrBoard-H7_UART.elf.dir/485driver/GO-M8010-6.c.obj
 .debug_macro   0x0000126a       0x6a CMakeFiles/CtrBoard-H7_UART.elf.dir/485driver/GO-M8010-6.c.obj
 .debug_macro   0x000012d4      0x1df CMakeFiles/CtrBoard-H7_UART.elf.dir/485driver/GO-M8010-6.c.obj
 .debug_macro   0x000014b3       0x1c CMakeFiles/CtrBoard-H7_UART.elf.dir/485driver/GO-M8010-6.c.obj
 .debug_macro   0x000014cf       0x22 CMakeFiles/CtrBoard-H7_UART.elf.dir/485driver/GO-M8010-6.c.obj
 .debug_macro   0x000014f1       0xfb CMakeFiles/CtrBoard-H7_UART.elf.dir/485driver/GO-M8010-6.c.obj
 .debug_macro   0x000015ec     0x1305 CMakeFiles/CtrBoard-H7_UART.elf.dir/485driver/GO-M8010-6.c.obj
 .debug_macro   0x000028f1      0x11f CMakeFiles/CtrBoard-H7_UART.elf.dir/485driver/GO-M8010-6.c.obj
 .debug_macro   0x00002a10       0x27 CMakeFiles/CtrBoard-H7_UART.elf.dir/485driver/GO-M8010-6.c.obj
 .debug_macro   0x00002a37    0x211d1 CMakeFiles/CtrBoard-H7_UART.elf.dir/485driver/GO-M8010-6.c.obj
 .debug_macro   0x00023c08       0x6d CMakeFiles/CtrBoard-H7_UART.elf.dir/485driver/GO-M8010-6.c.obj
 .debug_macro   0x00023c75     0x3d48 CMakeFiles/CtrBoard-H7_UART.elf.dir/485driver/GO-M8010-6.c.obj
 .debug_macro   0x000279bd      0x190 CMakeFiles/CtrBoard-H7_UART.elf.dir/485driver/GO-M8010-6.c.obj
 .debug_macro   0x00027b4d       0x7b CMakeFiles/CtrBoard-H7_UART.elf.dir/485driver/GO-M8010-6.c.obj
 .debug_macro   0x00027bc8       0x24 CMakeFiles/CtrBoard-H7_UART.elf.dir/485driver/GO-M8010-6.c.obj
 .debug_macro   0x00027bec       0x3c CMakeFiles/CtrBoard-H7_UART.elf.dir/485driver/GO-M8010-6.c.obj
 .debug_macro   0x00027c28       0x34 CMakeFiles/CtrBoard-H7_UART.elf.dir/485driver/GO-M8010-6.c.obj
 .debug_macro   0x00027c5c      0x364 CMakeFiles/CtrBoard-H7_UART.elf.dir/485driver/GO-M8010-6.c.obj
 .debug_macro   0x00027fc0       0x16 CMakeFiles/CtrBoard-H7_UART.elf.dir/485driver/GO-M8010-6.c.obj
 .debug_macro   0x00027fd6       0x4a CMakeFiles/CtrBoard-H7_UART.elf.dir/485driver/GO-M8010-6.c.obj
 .debug_macro   0x00028020       0x34 CMakeFiles/CtrBoard-H7_UART.elf.dir/485driver/GO-M8010-6.c.obj
 .debug_macro   0x00028054       0x10 CMakeFiles/CtrBoard-H7_UART.elf.dir/485driver/GO-M8010-6.c.obj
 .debug_macro   0x00028064       0x58 CMakeFiles/CtrBoard-H7_UART.elf.dir/485driver/GO-M8010-6.c.obj
 .debug_macro   0x000280bc      0x1e5 CMakeFiles/CtrBoard-H7_UART.elf.dir/485driver/GO-M8010-6.c.obj
 .debug_macro   0x000282a1      0x19b CMakeFiles/CtrBoard-H7_UART.elf.dir/485driver/GO-M8010-6.c.obj
 .debug_macro   0x0002843c       0x5d CMakeFiles/CtrBoard-H7_UART.elf.dir/485driver/GO-M8010-6.c.obj
 .debug_macro   0x00028499     0x2462 CMakeFiles/CtrBoard-H7_UART.elf.dir/485driver/GO-M8010-6.c.obj
 .debug_macro   0x0002a8fb     0x1079 CMakeFiles/CtrBoard-H7_UART.elf.dir/485driver/GO-M8010-6.c.obj
 .debug_macro   0x0002b974      0x154 CMakeFiles/CtrBoard-H7_UART.elf.dir/485driver/GO-M8010-6.c.obj
 .debug_macro   0x0002bac8      0x114 CMakeFiles/CtrBoard-H7_UART.elf.dir/485driver/GO-M8010-6.c.obj
 .debug_macro   0x0002bbdc      0x3f8 CMakeFiles/CtrBoard-H7_UART.elf.dir/485driver/GO-M8010-6.c.obj
 .debug_macro   0x0002bfd4       0xac CMakeFiles/CtrBoard-H7_UART.elf.dir/485driver/GO-M8010-6.c.obj
 .debug_macro   0x0002c080      0x788 CMakeFiles/CtrBoard-H7_UART.elf.dir/485driver/GO-M8010-6.c.obj
 .debug_macro   0x0002c808      0x228 CMakeFiles/CtrBoard-H7_UART.elf.dir/485driver/GO-M8010-6.c.obj
 .debug_macro   0x0002ca30       0x66 CMakeFiles/CtrBoard-H7_UART.elf.dir/485driver/GO-M8010-6.c.obj
 .debug_macro   0x0002ca96      0x3a6 CMakeFiles/CtrBoard-H7_UART.elf.dir/485driver/GO-M8010-6.c.obj
 .debug_macro   0x0002ce3c      0x3f9 CMakeFiles/CtrBoard-H7_UART.elf.dir/485driver/GO-M8010-6.c.obj
 .debug_macro   0x0002d235      0x275 CMakeFiles/CtrBoard-H7_UART.elf.dir/485driver/GO-M8010-6.c.obj
 .debug_macro   0x0002d4aa      0x3ca CMakeFiles/CtrBoard-H7_UART.elf.dir/485driver/GO-M8010-6.c.obj
 .debug_macro   0x0002d874      0x45c CMakeFiles/CtrBoard-H7_UART.elf.dir/485driver/GO-M8010-6.c.obj
 .debug_macro   0x0002dcd0       0x3c CMakeFiles/CtrBoard-H7_UART.elf.dir/485driver/GO-M8010-6.c.obj
 .debug_macro   0x0002dd0c       0x4a CMakeFiles/CtrBoard-H7_UART.elf.dir/485driver/GO-M8010-6.c.obj
 .debug_macro   0x0002dd56      0x22c CMakeFiles/CtrBoard-H7_UART.elf.dir/485driver/GO-M8010-6.c.obj
 .debug_macro   0x0002df82       0x67 CMakeFiles/CtrBoard-H7_UART.elf.dir/485driver/GO-M8010-6.c.obj
 .debug_macro   0x0002dfe9       0xa5 CMakeFiles/CtrBoard-H7_UART.elf.dir/485driver/GO-M8010-6.c.obj
 .debug_macro   0x0002e08e      0x1c4 CMakeFiles/CtrBoard-H7_UART.elf.dir/485driver/GO-M8010-6.c.obj
 .debug_macro   0x0002e252      0x22a CMakeFiles/CtrBoard-H7_UART.elf.dir/485driver/GO-M8010-6.c.obj
 .debug_macro   0x0002e47c       0x35 CMakeFiles/CtrBoard-H7_UART.elf.dir/485driver/GO-M8010-6.c.obj
 .debug_macro   0x0002e4b1      0x693 CMakeFiles/CtrBoard-H7_UART.elf.dir/485driver/GO-M8010-6.c.obj
 .debug_macro   0x0002eb44       0xa6 CMakeFiles/CtrBoard-H7_UART.elf.dir/485driver/GO-M8010-6.c.obj
 .debug_macro   0x0002ebea      0x5e6 CMakeFiles/CtrBoard-H7_UART.elf.dir/485driver/GO-M8010-6.c.obj
 .debug_macro   0x0002f1d0      0x154 CMakeFiles/CtrBoard-H7_UART.elf.dir/485driver/GO-M8010-6.c.obj
 .debug_macro   0x0002f324       0x20 CMakeFiles/CtrBoard-H7_UART.elf.dir/485driver/GO-M8010-6.c.obj
 .debug_macro   0x0002f344       0x1c CMakeFiles/CtrBoard-H7_UART.elf.dir/485driver/GO-M8010-6.c.obj
 .debug_macro   0x0002f360       0x3c CMakeFiles/CtrBoard-H7_UART.elf.dir/485driver/GO-M8010-6.c.obj
 .debug_macro   0x0002f39c       0x10 CMakeFiles/CtrBoard-H7_UART.elf.dir/485driver/GO-M8010-6.c.obj
 .debug_macro   0x0002f3ac       0x1c CMakeFiles/CtrBoard-H7_UART.elf.dir/485driver/GO-M8010-6.c.obj
 .debug_macro   0x0002f3c8       0x16 CMakeFiles/CtrBoard-H7_UART.elf.dir/485driver/GO-M8010-6.c.obj
 .debug_macro   0x0002f3de      0x170 CMakeFiles/CtrBoard-H7_UART.elf.dir/485driver/GO-M8010-6.c.obj
 .debug_macro   0x0002f54e      0x29e CMakeFiles/CtrBoard-H7_UART.elf.dir/Core/Src/gpio.c.obj
 .debug_macro   0x0002f7ec      0x2e2 CMakeFiles/CtrBoard-H7_UART.elf.dir/Core/Src/main.c.obj
 .debug_macro   0x0002face       0x10 CMakeFiles/CtrBoard-H7_UART.elf.dir/Core/Src/main.c.obj
 .debug_macro   0x0002fade      0x294 CMakeFiles/CtrBoard-H7_UART.elf.dir/Core/Src/stm32h7xx_hal_msp.c.obj
 .debug_macro   0x0002fd72      0x29e CMakeFiles/CtrBoard-H7_UART.elf.dir/Core/Src/stm32h7xx_it.c.obj
 .debug_macro   0x00030010       0xff CMakeFiles/CtrBoard-H7_UART.elf.dir/Core/Src/sysmem.c.obj
 .debug_macro   0x0003010f      0x23c CMakeFiles/CtrBoard-H7_UART.elf.dir/Core/Src/sysmem.c.obj
 .debug_macro   0x0003034b      0x285 CMakeFiles/CtrBoard-H7_UART.elf.dir/Core/Src/system_stm32h7xx.c.obj
 .debug_macro   0x000305d0      0x2d2 CMakeFiles/CtrBoard-H7_UART.elf.dir/Core/Src/usart.c.obj
 .debug_macro   0x000308a2      0x2af CMakeFiles/CtrBoard-H7_UART.elf.dir/Drivers/STM32H7xx_HAL_Driver/Src/stm32h7xx_hal.c.obj
 .debug_macro   0x00030b51      0x285 CMakeFiles/CtrBoard-H7_UART.elf.dir/Drivers/STM32H7xx_HAL_Driver/Src/stm32h7xx_hal_cortex.c.obj
 .debug_macro   0x00030dd6      0x28c CMakeFiles/CtrBoard-H7_UART.elf.dir/Drivers/STM32H7xx_HAL_Driver/Src/stm32h7xx_hal_gpio.c.obj
 .debug_macro   0x00031062      0x2be CMakeFiles/CtrBoard-H7_UART.elf.dir/Drivers/STM32H7xx_HAL_Driver/Src/stm32h7xx_hal_pwr_ex.c.obj
 .debug_macro   0x00031320      0x2a9 CMakeFiles/CtrBoard-H7_UART.elf.dir/Drivers/STM32H7xx_HAL_Driver/Src/stm32h7xx_hal_rcc.c.obj
 .debug_macro   0x000315c9      0x2a3 CMakeFiles/CtrBoard-H7_UART.elf.dir/Drivers/STM32H7xx_HAL_Driver/Src/stm32h7xx_hal_rcc_ex.c.obj
 .debug_macro   0x0003186c      0x2b0 CMakeFiles/CtrBoard-H7_UART.elf.dir/Drivers/STM32H7xx_HAL_Driver/Src/stm32h7xx_hal_uart.c.obj
 .debug_macro   0x00031b1c      0x291 CMakeFiles/CtrBoard-H7_UART.elf.dir/Drivers/STM32H7xx_HAL_Driver/Src/stm32h7xx_hal_uart_ex.c.obj
 .debug_macro   0x00031dad      0x32c CMakeFiles/CtrBoard-H7_UART.elf.dir/User/example/example.c.obj
 .debug_macro   0x000320d9       0x3c CMakeFiles/CtrBoard-H7_UART.elf.dir/User/example/example.c.obj
 .debug_macro   0x00032115       0x16 CMakeFiles/CtrBoard-H7_UART.elf.dir/User/example/example.c.obj
 .debug_macro   0x0003212b      0x2f0 CMakeFiles/CtrBoard-H7_UART.elf.dir/User/unitree_motor/unitree_motor.c.obj

.debug_line     0x00000000     0xe0ae
 .debug_line    0x00000000      0x860 CMakeFiles/CtrBoard-H7_UART.elf.dir/485driver/GO-M8010-6.c.obj
 .debug_line    0x00000860      0x643 CMakeFiles/CtrBoard-H7_UART.elf.dir/Core/Src/gpio.c.obj
 .debug_line    0x00000ea3      0x7cc CMakeFiles/CtrBoard-H7_UART.elf.dir/Core/Src/main.c.obj
 .debug_line    0x0000166f      0x600 CMakeFiles/CtrBoard-H7_UART.elf.dir/Core/Src/stm32h7xx_hal_msp.c.obj
 .debug_line    0x00001c6f      0x6af CMakeFiles/CtrBoard-H7_UART.elf.dir/Core/Src/stm32h7xx_it.c.obj
 .debug_line    0x0000231e      0x230 CMakeFiles/CtrBoard-H7_UART.elf.dir/Core/Src/sysmem.c.obj
 .debug_line    0x0000254e      0x7af CMakeFiles/CtrBoard-H7_UART.elf.dir/Core/Src/system_stm32h7xx.c.obj
 .debug_line    0x00002cfd      0x798 CMakeFiles/CtrBoard-H7_UART.elf.dir/Core/Src/usart.c.obj
 .debug_line    0x00003495       0xac CMakeFiles/CtrBoard-H7_UART.elf.dir/Core/Startup/startup_stm32h723vgtx.s.obj
 .debug_line    0x00003541      0xc69 CMakeFiles/CtrBoard-H7_UART.elf.dir/Drivers/STM32H7xx_HAL_Driver/Src/stm32h7xx_hal.c.obj
 .debug_line    0x000041aa      0xb9a CMakeFiles/CtrBoard-H7_UART.elf.dir/Drivers/STM32H7xx_HAL_Driver/Src/stm32h7xx_hal_cortex.c.obj
 .debug_line    0x00004d44      0xa4d CMakeFiles/CtrBoard-H7_UART.elf.dir/Drivers/STM32H7xx_HAL_Driver/Src/stm32h7xx_hal_gpio.c.obj
 .debug_line    0x00005791      0xc9b CMakeFiles/CtrBoard-H7_UART.elf.dir/Drivers/STM32H7xx_HAL_Driver/Src/stm32h7xx_hal_pwr_ex.c.obj
 .debug_line    0x0000642c     0x11e6 CMakeFiles/CtrBoard-H7_UART.elf.dir/Drivers/STM32H7xx_HAL_Driver/Src/stm32h7xx_hal_rcc.c.obj
 .debug_line    0x00007612     0x1a1c CMakeFiles/CtrBoard-H7_UART.elf.dir/Drivers/STM32H7xx_HAL_Driver/Src/stm32h7xx_hal_rcc_ex.c.obj
 .debug_line    0x0000902e     0x367d CMakeFiles/CtrBoard-H7_UART.elf.dir/Drivers/STM32H7xx_HAL_Driver/Src/stm32h7xx_hal_uart.c.obj
 .debug_line    0x0000c6ab      0xb6e CMakeFiles/CtrBoard-H7_UART.elf.dir/Drivers/STM32H7xx_HAL_Driver/Src/stm32h7xx_hal_uart_ex.c.obj
 .debug_line    0x0000d219      0x73d CMakeFiles/CtrBoard-H7_UART.elf.dir/User/example/example.c.obj
 .debug_line    0x0000d956      0x758 CMakeFiles/CtrBoard-H7_UART.elf.dir/User/unitree_motor/unitree_motor.c.obj

.debug_str      0x00000000   0x13f89a
 .debug_str     0x00000000   0x13f89a CMakeFiles/CtrBoard-H7_UART.elf.dir/485driver/GO-M8010-6.c.obj
                             0x13b624 (size before relaxing)
 .debug_str     0x0013f89a   0x13a7bb CMakeFiles/CtrBoard-H7_UART.elf.dir/Core/Src/gpio.c.obj
 .debug_str     0x0013f89a   0x13a9c9 CMakeFiles/CtrBoard-H7_UART.elf.dir/Core/Src/main.c.obj
 .debug_str     0x0013f89a   0x13a71a CMakeFiles/CtrBoard-H7_UART.elf.dir/Core/Src/stm32h7xx_hal_msp.c.obj
 .debug_str     0x0013f89a   0x13a579 CMakeFiles/CtrBoard-H7_UART.elf.dir/Core/Src/stm32h7xx_it.c.obj
 .debug_str     0x0013f89a     0x711a CMakeFiles/CtrBoard-H7_UART.elf.dir/Core/Src/sysmem.c.obj
 .debug_str     0x0013f89a   0x13a359 CMakeFiles/CtrBoard-H7_UART.elf.dir/Core/Src/system_stm32h7xx.c.obj
 .debug_str     0x0013f89a   0x13b864 CMakeFiles/CtrBoard-H7_UART.elf.dir/Core/Src/usart.c.obj
 .debug_str     0x0013f89a       0x9f CMakeFiles/CtrBoard-H7_UART.elf.dir/Core/Startup/startup_stm32h723vgtx.s.obj
 .debug_str     0x0013f89a   0x13b4f6 CMakeFiles/CtrBoard-H7_UART.elf.dir/Drivers/STM32H7xx_HAL_Driver/Src/stm32h7xx_hal.c.obj
 .debug_str     0x0013f89a   0x13add8 CMakeFiles/CtrBoard-H7_UART.elf.dir/Drivers/STM32H7xx_HAL_Driver/Src/stm32h7xx_hal_cortex.c.obj
 .debug_str     0x0013f89a   0x13a4b7 CMakeFiles/CtrBoard-H7_UART.elf.dir/Drivers/STM32H7xx_HAL_Driver/Src/stm32h7xx_hal_gpio.c.obj
 .debug_str     0x0013f89a   0x13a8bf CMakeFiles/CtrBoard-H7_UART.elf.dir/Drivers/STM32H7xx_HAL_Driver/Src/stm32h7xx_hal_pwr_ex.c.obj
 .debug_str     0x0013f89a   0x13a83a CMakeFiles/CtrBoard-H7_UART.elf.dir/Drivers/STM32H7xx_HAL_Driver/Src/stm32h7xx_hal_rcc.c.obj
 .debug_str     0x0013f89a   0x13ad52 CMakeFiles/CtrBoard-H7_UART.elf.dir/Drivers/STM32H7xx_HAL_Driver/Src/stm32h7xx_hal_rcc_ex.c.obj
 .debug_str     0x0013f89a   0x13b3da CMakeFiles/CtrBoard-H7_UART.elf.dir/Drivers/STM32H7xx_HAL_Driver/Src/stm32h7xx_hal_uart.c.obj
 .debug_str     0x0013f89a   0x13a99a CMakeFiles/CtrBoard-H7_UART.elf.dir/Drivers/STM32H7xx_HAL_Driver/Src/stm32h7xx_hal_uart_ex.c.obj
 .debug_str     0x0013f89a   0x13aa62 CMakeFiles/CtrBoard-H7_UART.elf.dir/User/example/example.c.obj
 .debug_str     0x0013f89a   0x13aa97 CMakeFiles/CtrBoard-H7_UART.elf.dir/User/unitree_motor/unitree_motor.c.obj

.comment        0x00000000       0x45
 .comment       0x00000000       0x45 CMakeFiles/CtrBoard-H7_UART.elf.dir/485driver/GO-M8010-6.c.obj
                                 0x46 (size before relaxing)
 .comment       0x00000045       0x46 CMakeFiles/CtrBoard-H7_UART.elf.dir/Core/Src/gpio.c.obj
 .comment       0x00000045       0x46 CMakeFiles/CtrBoard-H7_UART.elf.dir/Core/Src/main.c.obj
 .comment       0x00000045       0x46 CMakeFiles/CtrBoard-H7_UART.elf.dir/Core/Src/stm32h7xx_hal_msp.c.obj
 .comment       0x00000045       0x46 CMakeFiles/CtrBoard-H7_UART.elf.dir/Core/Src/stm32h7xx_it.c.obj
 .comment       0x00000045       0x46 CMakeFiles/CtrBoard-H7_UART.elf.dir/Core/Src/sysmem.c.obj
 .comment       0x00000045       0x46 CMakeFiles/CtrBoard-H7_UART.elf.dir/Core/Src/system_stm32h7xx.c.obj
 .comment       0x00000045       0x46 CMakeFiles/CtrBoard-H7_UART.elf.dir/Core/Src/usart.c.obj
 .comment       0x00000045       0x46 CMakeFiles/CtrBoard-H7_UART.elf.dir/Drivers/STM32H7xx_HAL_Driver/Src/stm32h7xx_hal.c.obj
 .comment       0x00000045       0x46 CMakeFiles/CtrBoard-H7_UART.elf.dir/Drivers/STM32H7xx_HAL_Driver/Src/stm32h7xx_hal_cortex.c.obj
 .comment       0x00000045       0x46 CMakeFiles/CtrBoard-H7_UART.elf.dir/Drivers/STM32H7xx_HAL_Driver/Src/stm32h7xx_hal_gpio.c.obj
 .comment       0x00000045       0x46 CMakeFiles/CtrBoard-H7_UART.elf.dir/Drivers/STM32H7xx_HAL_Driver/Src/stm32h7xx_hal_pwr_ex.c.obj
 .comment       0x00000045       0x46 CMakeFiles/CtrBoard-H7_UART.elf.dir/Drivers/STM32H7xx_HAL_Driver/Src/stm32h7xx_hal_rcc.c.obj
 .comment       0x00000045       0x46 CMakeFiles/CtrBoard-H7_UART.elf.dir/Drivers/STM32H7xx_HAL_Driver/Src/stm32h7xx_hal_rcc_ex.c.obj
 .comment       0x00000045       0x46 CMakeFiles/CtrBoard-H7_UART.elf.dir/Drivers/STM32H7xx_HAL_Driver/Src/stm32h7xx_hal_uart.c.obj
 .comment       0x00000045       0x46 CMakeFiles/CtrBoard-H7_UART.elf.dir/Drivers/STM32H7xx_HAL_Driver/Src/stm32h7xx_hal_uart_ex.c.obj
 .comment       0x00000045       0x46 CMakeFiles/CtrBoard-H7_UART.elf.dir/User/example/example.c.obj
 .comment       0x00000045       0x46 CMakeFiles/CtrBoard-H7_UART.elf.dir/User/unitree_motor/unitree_motor.c.obj

.debug_frame    0x00000000     0x31bc
 .debug_frame   0x00000000       0xd4 CMakeFiles/CtrBoard-H7_UART.elf.dir/485driver/GO-M8010-6.c.obj
 .debug_frame   0x000000d4       0x34 CMakeFiles/CtrBoard-H7_UART.elf.dir/Core/Src/gpio.c.obj
 .debug_frame   0x00000108       0x68 CMakeFiles/CtrBoard-H7_UART.elf.dir/Core/Src/main.c.obj
 .debug_frame   0x00000170       0x38 CMakeFiles/CtrBoard-H7_UART.elf.dir/Core/Src/stm32h7xx_hal_msp.c.obj
 .debug_frame   0x000001a8      0x104 CMakeFiles/CtrBoard-H7_UART.elf.dir/Core/Src/stm32h7xx_it.c.obj
 .debug_frame   0x000002ac       0x34 CMakeFiles/CtrBoard-H7_UART.elf.dir/Core/Src/sysmem.c.obj
 .debug_frame   0x000002e0       0x5c CMakeFiles/CtrBoard-H7_UART.elf.dir/Core/Src/system_stm32h7xx.c.obj
 .debug_frame   0x0000033c       0x94 CMakeFiles/CtrBoard-H7_UART.elf.dir/Core/Src/usart.c.obj
 .debug_frame   0x000003d0      0x760 CMakeFiles/CtrBoard-H7_UART.elf.dir/Drivers/STM32H7xx_HAL_Driver/Src/stm32h7xx_hal.c.obj
 .debug_frame   0x00000b30      0x4b8 CMakeFiles/CtrBoard-H7_UART.elf.dir/Drivers/STM32H7xx_HAL_Driver/Src/stm32h7xx_hal_cortex.c.obj
 .debug_frame   0x00000fe8      0x14c CMakeFiles/CtrBoard-H7_UART.elf.dir/Drivers/STM32H7xx_HAL_Driver/Src/stm32h7xx_hal_gpio.c.obj
 .debug_frame   0x00001134      0x540 CMakeFiles/CtrBoard-H7_UART.elf.dir/Drivers/STM32H7xx_HAL_Driver/Src/stm32h7xx_hal_pwr_ex.c.obj
 .debug_frame   0x00001674      0x200 CMakeFiles/CtrBoard-H7_UART.elf.dir/Drivers/STM32H7xx_HAL_Driver/Src/stm32h7xx_hal_rcc.c.obj
 .debug_frame   0x00001874      0x420 CMakeFiles/CtrBoard-H7_UART.elf.dir/Drivers/STM32H7xx_HAL_Driver/Src/stm32h7xx_hal_rcc_ex.c.obj
 .debug_frame   0x00001c94      0xa94 CMakeFiles/CtrBoard-H7_UART.elf.dir/Drivers/STM32H7xx_HAL_Driver/Src/stm32h7xx_hal_uart.c.obj
 .debug_frame   0x00002728      0x2c0 CMakeFiles/CtrBoard-H7_UART.elf.dir/Drivers/STM32H7xx_HAL_Driver/Src/stm32h7xx_hal_uart_ex.c.obj
 .debug_frame   0x000029e8       0x2c CMakeFiles/CtrBoard-H7_UART.elf.dir/User/example/example.c.obj
 .debug_frame   0x00002a14       0xac CMakeFiles/CtrBoard-H7_UART.elf.dir/User/unitree_motor/unitree_motor.c.obj
 .debug_frame   0x00002ac0       0x4c D:/arm-none/bin/../lib/gcc/arm-none-eabi/14.2.1/thumb/v7e-m/nofp\libgcc.a(_arm_addsubsf3.o)
 .debug_frame   0x00002b0c       0x38 D:/arm-none/bin/../lib/gcc/arm-none-eabi/14.2.1/thumb/v7e-m/nofp\libgcc.a(_arm_muldivsf3.o)
 .debug_frame   0x00002b44       0xc8 D:/arm-none/bin/../lib/gcc/arm-none-eabi/14.2.1/thumb/v7e-m/nofp\libgcc.a(_arm_cmpsf2.o)
 .debug_frame   0x00002c0c       0x24 D:/arm-none/bin/../lib/gcc/arm-none-eabi/14.2.1/thumb/v7e-m/nofp\libgcc.a(_arm_fixsfsi.o)
 .debug_frame   0x00002c30       0x24 D:/arm-none/bin/../lib/gcc/arm-none-eabi/14.2.1/thumb/v7e-m/nofp\libgcc.a(_arm_fixunssfsi.o)
 .debug_frame   0x00002c54       0x2c D:/arm-none/bin/../lib/gcc/arm-none-eabi/14.2.1/thumb/v7e-m/nofp\libgcc.a(_aeabi_uldivmod.o)
 .debug_frame   0x00002c80       0x34 D:/arm-none/bin/../lib/gcc/arm-none-eabi/14.2.1/thumb/v7e-m/nofp\libgcc.a(_udivmoddi4.o)
 .debug_frame   0x00002cb4       0x30 D:/arm-none/bin/../lib/gcc/arm-none-eabi/14.2.1/thumb/v7e-m/nofp\libg.a(libc_a-malloc.o)
 .debug_frame   0x00002ce4       0x4c D:/arm-none/bin/../lib/gcc/arm-none-eabi/14.2.1/thumb/v7e-m/nofp\libg.a(libc_a-mallocr.o)
 .debug_frame   0x00002d30       0x30 D:/arm-none/bin/../lib/gcc/arm-none-eabi/14.2.1/thumb/v7e-m/nofp\libg.a(libc_a-mlock.o)
 .debug_frame   0x00002d60      0x13c D:/arm-none/bin/../lib/gcc/arm-none-eabi/14.2.1/thumb/v7e-m/nofp\libg.a(libc_a-findfp.o)
 .debug_frame   0x00002e9c       0x2c D:/arm-none/bin/../lib/gcc/arm-none-eabi/14.2.1/thumb/v7e-m/nofp\libg.a(libc_a-memset.o)
 .debug_frame   0x00002ec8       0x3c D:/arm-none/bin/../lib/gcc/arm-none-eabi/14.2.1/thumb/v7e-m/nofp\libg.a(libc_a-reent.o)
 .debug_frame   0x00002f04       0x2c D:/arm-none/bin/../lib/gcc/arm-none-eabi/14.2.1/thumb/v7e-m/nofp\libg.a(libc_a-sbrkr.o)
 .debug_frame   0x00002f30       0x20 D:/arm-none/bin/../lib/gcc/arm-none-eabi/14.2.1/thumb/v7e-m/nofp\libg.a(libc_a-errno.o)
 .debug_frame   0x00002f50       0x2c D:/arm-none/bin/../lib/gcc/arm-none-eabi/14.2.1/thumb/v7e-m/nofp\libg.a(libc_a-init.o)
 .debug_frame   0x00002f7c       0xb0 D:/arm-none/bin/../lib/gcc/arm-none-eabi/14.2.1/thumb/v7e-m/nofp\libg.a(libc_a-lock.o)
 .debug_frame   0x0000302c       0x28 D:/arm-none/bin/../lib/gcc/arm-none-eabi/14.2.1/thumb/v7e-m/nofp\libg.a(libc_a-sysconf.o)
 .debug_frame   0x00003054       0x5c D:/arm-none/bin/../lib/gcc/arm-none-eabi/14.2.1/thumb/v7e-m/nofp\libg.a(libc_a-__call_atexit.o)
 .debug_frame   0x000030b0       0x20 D:/arm-none/bin/../lib/gcc/arm-none-eabi/14.2.1/thumb/v7e-m/nofp\libg.a(libc_a-atexit.o)
 .debug_frame   0x000030d0       0x84 D:/arm-none/bin/../lib/gcc/arm-none-eabi/14.2.1/thumb/v7e-m/nofp\libg.a(libc_a-freer.o)
 .debug_frame   0x00003154       0x34 D:/arm-none/bin/../lib/gcc/arm-none-eabi/14.2.1/thumb/v7e-m/nofp\libg.a(libc_a-fini.o)
 .debug_frame   0x00003188       0x34 D:/arm-none/bin/../lib/gcc/arm-none-eabi/14.2.1/thumb/v7e-m/nofp\libg.a(libc_a-__atexit.o)

.debug_line_str
                0x00000000       0xdf
 .debug_line_str
                0x00000000       0xdf D:/arm-none/bin/../lib/gcc/arm-none-eabi/14.2.1/thumb/v7e-m/nofp\libgcc.a(_arm_addsubsf3.o)
                                 0xcb (size before relaxing)
 .debug_line_str
                0x000000df       0xcb D:/arm-none/bin/../lib/gcc/arm-none-eabi/14.2.1/thumb/v7e-m/nofp\libgcc.a(_arm_muldivsf3.o)
 .debug_line_str
                0x000000df       0xcb D:/arm-none/bin/../lib/gcc/arm-none-eabi/14.2.1/thumb/v7e-m/nofp\libgcc.a(_arm_cmpsf2.o)
 .debug_line_str
                0x000000df       0xcb D:/arm-none/bin/../lib/gcc/arm-none-eabi/14.2.1/thumb/v7e-m/nofp\libgcc.a(_arm_fixsfsi.o)
 .debug_line_str
                0x000000df       0xcb D:/arm-none/bin/../lib/gcc/arm-none-eabi/14.2.1/thumb/v7e-m/nofp\libgcc.a(_arm_fixunssfsi.o)
 .debug_line_str
                0x000000df       0xc6 D:/arm-none/bin/../lib/gcc/arm-none-eabi/14.2.1/thumb/v7e-m/nofp\libgcc.a(_aeabi_uldivmod.o)
 .debug_line_str
                0x000000df       0xca D:/arm-none/bin/../lib/gcc/arm-none-eabi/14.2.1/thumb/v7e-m/nofp\libgcc.a(_dvmd_tls.o)
